Component: ARM Compiler 5.05 update 2 (build 169) Tool: armlink [4d0f33]

==============================================================================

Section Cross References

    system_stm32f10x.o(.text) refers to system_stm32f10x.o(.data) for SystemCoreClock
    stm32f10x_rcc.o(.text) refers to stm32f10x_rcc.o(.data) for APBAHBPrescTable
    stm32f10x_gpio.o(.text) refers to stm32f10x_rcc.o(.text) for RCC_APB2PeriphResetCmd
    stm32f10x_usart.o(.text) refers to stm32f10x_rcc.o(.text) for RCC_APB2PeriphResetCmd
    stm32f10x_spi.o(.text) refers to stm32f10x_rcc.o(.text) for RCC_APB2PeriphResetCmd
    stm32f10x_tim.o(.text) refers to stm32f10x_rcc.o(.text) for RCC_APB2PeriphResetCmd
    stm32f10x_adc.o(.text) refers to stm32f10x_rcc.o(.text) for RCC_APB2PeriphResetCmd
    stm32f10x_dac.o(.text) refers to stm32f10x_rcc.o(.text) for RCC_APB1PeriphResetCmd
    startup_stm32f10x_hd.o(STACK) refers (Special) to heapauxi.o(.text) for __use_two_region_memory
    startup_stm32f10x_hd.o(HEAP) refers (Special) to heapauxi.o(.text) for __use_two_region_memory
    startup_stm32f10x_hd.o(RESET) refers (Special) to heapauxi.o(.text) for __use_two_region_memory
    startup_stm32f10x_hd.o(RESET) refers to startup_stm32f10x_hd.o(STACK) for __initial_sp
    startup_stm32f10x_hd.o(RESET) refers to startup_stm32f10x_hd.o(.text) for Reset_Handler
    startup_stm32f10x_hd.o(RESET) refers to stm32f10x_it.o(.text) for NMI_Handler
    startup_stm32f10x_hd.o(.text) refers (Special) to heapauxi.o(.text) for __use_two_region_memory
    startup_stm32f10x_hd.o(.text) refers to system_stm32f10x.o(.text) for SystemInit
    startup_stm32f10x_hd.o(.text) refers to __main.o(!!!main) for __main
    startup_stm32f10x_hd.o(.text) refers to startup_stm32f10x_hd.o(HEAP) for Heap_Mem
    startup_stm32f10x_hd.o(.text) refers to startup_stm32f10x_hd.o(STACK) for Stack_Mem
    main.o(.rev16_text) refers (Special) to use_no_semi_2.o(.text) for __use_no_semihosting
    main.o(.revsh_text) refers (Special) to use_no_semi_2.o(.text) for __use_no_semihosting
    main.o(.text) refers (Special) to use_no_semi_2.o(.text) for __use_no_semihosting
    main.o(.text) refers to misc.o(.text) for NVIC_SetVectorTable
    main.o(.text) refers to stm32f10x_tim.o(.text) for TIM_TimeBaseInit
    main.o(.text) refers to stm32f10x_gpio.o(.text) for GPIO_PinRemapConfig
    main.o(.text) refers to stm32f10x_rcc.o(.text) for RCC_DeInit
    main.o(.text) refers to stm32f10x_flash.o(.text) for FLASH_SetLatency
    main.o(.text) refers to main.o(.data) for NVIC_InitStructure
    main.o(.text) refers to spi_flash.o(.text) for SPI_FLASH_Init
    main.o(.text) refers to dowith.o(.text) for Variable_Init
    main.o(.text) refers to ds1302.o(.text) for InitClock
    main.o(.text) refers to com1_232.o(.text) for Com1_Init
    main.o(.text) refers to com2_232.o(.text) for Com2_Init
    main.o(.text) refers to com3_232.o(.text) for Com3_Init
    main.o(.text) refers to com4_232.o(.text) for Com4_Init
    main.o(.text) refers to com5_485.o(.text) for Com5_Init
    main.o(.text) refers to test.o(.text) for DI_DO_TEST
    main.o(.text) refers to pumpcontrol.o(.text) for PumpControl
    main.o(.text) refers to dowith.o(.data) for B_LockCodeOK
    main.o(.text) refers to main.o(.bss) for w_ParLst
    main.o(.bss) refers (Special) to use_no_semi_2.o(.text) for __use_no_semihosting
    main.o(.data) refers (Special) to use_no_semi_2.o(.text) for __use_no_semihosting
    dowith.o(.text) refers to stm32f10x_dma.o(.text) for DMA_DeInit
    dowith.o(.text) refers to stm32f10x_adc.o(.text) for ADC_Init
    dowith.o(.text) refers to ds1302.o(.text) for BurstRead1302Clock
    dowith.o(.text) refers to spi_flash.o(.text) for SPI_FMRAM_BufferRead
    dowith.o(.text) refers to dowith.o(.bss) for DMA_InitStructure
    dowith.o(.text) refers to main.o(.data) for SoftClock
    dowith.o(.text) refers to dowith.o(.data) for T_ReadRealTime
    dowith.o(.text) refers to main.o(.bss) for w_ParLst
    dowith.o(.text) refers to pumpcontrol.o(.data) for B_PowerOnDelay
    dowith.o(.text) refers to dowith.o(.constdata) for w_ParBootLst
    dowith.o(.text) refers to com1_232.o(.text) for Com1_config
    dowith.o(.text) refers to com2_232.o(.text) for Com2_config
    dowith.o(.text) refers to com3_232.o(.text) for Com3_config
    dowith.o(.text) refers to com4_232.o(.text) for Com4_config
    dowith.o(.text) refers to com5_485.o(.text) for Com5_config
    dowith.o(.text) refers to stm32f10x_tim.o(.text) for TIM_SetCompare1
    pumpcontrol.o(.text) refers to fflt_clz.o(x$fpl$ffltu) for __aeabi_ui2f
    pumpcontrol.o(.text) refers to fflt_clz.o(x$fpl$fflt) for __aeabi_i2f
    pumpcontrol.o(.text) refers to fmul.o(x$fpl$fmul) for __aeabi_fmul
    pumpcontrol.o(.text) refers to fdiv.o(x$fpl$fdiv) for __aeabi_fdiv
    pumpcontrol.o(.text) refers to fleqf.o(x$fpl$fleqf) for __aeabi_cfcmple
    pumpcontrol.o(.text) refers to faddsub_clz.o(x$fpl$fadd) for __aeabi_fadd
[...]
    RTC_IRQHandler                           0x08002d73   Thumb Code     0  startup_stm32f10x_hd.o(.text)
    SDIO_IRQHandler                          0x08002d73   Thumb Code     0  startup_stm32f10x_hd.o(.text)
    SPI1_IRQHandler                          0x08002d73   Thumb Code     0  startup_stm32f10x_hd.o(.text)
    SPI2_IRQHandler                          0x08002d73   Thumb Code     0  startup_stm32f10x_hd.o(.text)
    SPI3_IRQHandler                          0x08002d73   Thumb Code     0  startup_stm32f10x_hd.o(.text)
    TAMPER_IRQHandler                        0x08002d73   Thumb Code     0  startup_stm32f10x_hd.o(.text)
    TIM1_BRK_IRQHandler                      0x08002d73   Thumb Code     0  startup_stm32f10x_hd.o(.text)
    TIM1_CC_IRQHandler                       0x08002d73   Thumb Code     0  startup_stm32f10x_hd.o(.text)
    TIM1_TRG_COM_IRQHandler                  0x08002d73   Thumb Code     0  startup_stm32f10x_hd.o(.text)
    TIM1_UP_IRQHandler                       0x08002d73   Thumb Code     0  startup_stm32f10x_hd.o(.text)
    TIM2_IRQHandler                          0x08002d73   Thumb Code     0  startup_stm32f10x_hd.o(.text)
    TIM3_IRQHandler                          0x08002d73   Thumb Code     0  startup_stm32f10x_hd.o(.text)
    TIM4_IRQHandler                          0x08002d73   Thumb Code     0  startup_stm32f10x_hd.o(.text)
    TIM5_IRQHandler                          0x08002d73   Thumb Code     0  startup_stm32f10x_hd.o(.text)
    TIM6_IRQHandler                          0x08002d73   Thumb Code     0  startup_stm32f10x_hd.o(.text)
    TIM7_IRQHandler                          0x08002d73   Thumb Code     0  startup_stm32f10x_hd.o(.text)
    TIM8_BRK_IRQHandler                      0x08002d73   Thumb Code     0  startup_stm32f10x_hd.o(.text)
    TIM8_CC_IRQHandler                       0x08002d73   Thumb Code     0  startup_stm32f10x_hd.o(.text)
    TIM8_TRG_COM_IRQHandler                  0x08002d73   Thumb Code     0  startup_stm32f10x_hd.o(.text)
    TIM8_UP_IRQHandler                       0x08002d73   Thumb Code     0  startup_stm32f10x_hd.o(.text)
    USBWakeUp_IRQHandler                     0x08002d73   Thumb Code     0  startup_stm32f10x_hd.o(.text)
    USB_HP_CAN1_TX_IRQHandler                0x08002d73   Thumb Code     0  startup_stm32f10x_hd.o(.text)
    USB_LP_CAN1_RX0_IRQHandler               0x08002d73   Thumb Code     0  startup_stm32f10x_hd.o(.text)
    WWDG_IRQHandler                          0x08002d73   Thumb Code     0  startup_stm32f10x_hd.o(.text)
    __user_initial_stackheap                 0x08002d75   Thumb Code     0  startup_stm32f10x_hd.o(.text)
    _sys_exit                                0x08002d99   Thumb Code     6  main.o(.text)
    IWDG_Feed                                0x08002d9f   Thumb Code    10  main.o(.text)
    IWDG_Init                                0x08002da9   Thumb Code    28  main.o(.text)
    EXTI_Configuration                       0x08002dc5   Thumb Code     2  main.o(.text)
    NVIC_Configuration                       0x08002dc7   Thumb Code   136  main.o(.text)
    TIM_Configuration                        0x08002e4f   Thumb Code   216  main.o(.text)
    GPIO_Configuration                       0x08002f27   Thumb Code   430  main.o(.text)
    RCC_Configuration                        0x080030d5   Thumb Code   224  main.o(.text)
    PowerDelay                               0x080031b5   Thumb Code    32  main.o(.text)
    main                                     0x080031d5   Thumb Code   342  main.o(.text)
    Delay_US                                 0x0800332b   Thumb Code    52  main.o(.text)
    Delay_MS                                 0x0800335f   Thumb Code    32  main.o(.text)
    ADC_DMA_Init                             0x08003395   Thumb Code   254  dowith.o(.text)
    DAC_DMA_Init                             0x08003493   Thumb Code     2  dowith.o(.text)
    ReadWriteRealTime                        0x08003495   Thumb Code   438  dowith.o(.text)
    ReadTimePwdFlag                          0x0800364b   Thumb Code     2  dowith.o(.text)
    delay                                    0x0800364d   Thumb Code    28  dowith.o(.text)
    Variable_Init                            0x08003669   Thumb Code   108  dowith.o(.text)
    ParLst_Init                              0x080036d5   Thumb Code   668  dowith.o(.text)
    ParArrayRead                             0x08003971   Thumb Code    24  dowith.o(.text)
    Boot_ParLst                              0x08003989   Thumb Code   206  dowith.o(.text)
    SPI_FLASH_Record                         0x08003a57   Thumb Code   250  dowith.o(.text)
    SavePar_Prompt                           0x08003b51   Thumb Code   410  dowith.o(.text)
    ForceSavePar                             0x08003ceb   Thumb Code    78  dowith.o(.text)
    TotalPumpSum                             0x08003d39   Thumb Code   130  dowith.o(.text)
    DoWith                                   0x08003dbb   Thumb Code  3968  dowith.o(.text)
    EquipStatus                              0x08004d3b   Thumb Code  2786  dowith.o(.text)
    KglStatus                                0x0800581d   Thumb Code   422  dowith.o(.text)
    FilterDI                                 0x080059c3   Thumb Code   730  dowith.o(.text)
    DIConfigValue                            0x08005c9d   Thumb Code    68  dowith.o(.text)
    DigitalIn                                0x08005ce1   Thumb Code    42  dowith.o(.text)
    DOConfigValue                            0x08005d0b   Thumb Code   110  dowith.o(.text)
    DigitalOut                               0x08005d79   Thumb Code    92  dowith.o(.text)
    FilterAI                                 0x08005dd5   Thumb Code    52  dowith.o(.text)
    AnologIn                                 0x08005e09   Thumb Code   712  dowith.o(.text)
    AnologOut                                0x080060d1   Thumb Code   584  dowith.o(.text)
    SPI_FMRAM_Record                         0x08006319   Thumb Code   272  dowith.o(.text)
    ParLimit                                 0x08006429   Thumb Code  1232  dowith.o(.text)
    TimeWriteRecord                          0x080068f9   Thumb Code    78  dowith.o(.text)
    XramClear                                0x08006947   Thumb Code    22  dowith.o(.text)
    Time_Output                              0x0800695d   Thumb Code   104  dowith.o(.text)
    Formula_12                               0x080069c5   Thumb Code    82  dowith.o(.text)
    GetLockCode                              0x08006a17   Thumb Code   186  dowith.o(.text)
    Formula_113                              0x08006ad1   Thumb Code    66  dowith.o(.text)
    PID_Routine                              0x08006b49   Thumb Code  1140  pumpcontrol.o(.text)
    DIDealWith                               0x08006fbd   Thumb Code  4056  pumpcontrol.o(.text)
    RemoteStopRunGp                          0x08007f95   Thumb Code     2  pumpcontrol.o(.text)
    TouchStopRunGp                           0x08007f97   Thumb Code   394  pumpcontrol.o(.text)
    FireFunction                             0x08008121   Thumb Code     2  pumpcontrol.o(.text)
    FluxPulseAccout                          0x08008123   Thumb Code   648  pumpcontrol.o(.text)
    DNBPulseAccout                           0x080083ab   Thumb Code   852  pumpcontrol.o(.text)
    PowerOnDelayCheckVvvfAlarm               0x080086ff   Thumb Code    62  pumpcontrol.o(.text)
    NoWaterStop_HaveWaterRun                 0x0800873d   Thumb Code   852  pumpcontrol.o(.text)
    SoftOverPGuard                           0x08008a91   Thumb Code   368  pumpcontrol.o(.text)
    InPHighEcoStop                           0x08008c01   Thumb Code   314  pumpcontrol.o(.text)
    InPHighGuardStop                         0x08008d3b   Thumb Code   342  pumpcontrol.o(.text)
    InP_ControlVf                            0x08008e91   Thumb Code   750  pumpcontrol.o(.text)
    MaxSupplyGuard                           0x0800917f   Thumb Code   398  pumpcontrol.o(.text)
    PSensorGuard                             0x0800930d   Thumb Code   318  pumpcontrol.o(.text)
    VfNextPumpStart                          0x0800944b   Thumb Code    24  pumpcontrol.o(.text)
    AllPumpStop                              0x08009463   Thumb Code   186  pumpcontrol.o(.text)
    AllPumpSoftStop                          0x0800951d   Thumb Code   548  pumpcontrol.o(.text)
    VvvfAlarmReset                           0x08009741   Thumb Code     2  pumpcontrol.o(.text)
    CheckPump                                0x08009743   Thumb Code   386  pumpcontrol.o(.text)
    TimerRunAndStop                          0x080098c5   Thumb Code   900  pumpcontrol.o(.text)
    TimePasswordStop                         0x08009c49   Thumb Code     2  pumpcontrol.o(.text)
    SmallFluxKeepP                           0x08009c4b   Thumb Code  1888  pumpcontrol.o(.text)
    TimerExchange                            0x0800a3ab   Thumb Code   476  pumpcontrol.o(.text)
    LowRunFreqHex                            0x0800a587   Thumb Code   160  pumpcontrol.o(.text)
    PumpStartExchange                        0x0800a627   Thumb Code   518  pumpcontrol.o(.text)
    HighYCSetP                               0x0800a82d   Thumb Code   418  pumpcontrol.o(.text)
    SmallPumpToBigPump                       0x0800a9cf   Thumb Code     2  pumpcontrol.o(.text)
    VfToGp                                   0x0800a9d1   Thumb Code   462  pumpcontrol.o(.text)
    GpExit                                   0x0800ab9f   Thumb Code   500  pumpcontrol.o(.text)
    FaultPumpDeal                            0x0800ad93   Thumb Code   454  pumpcontrol.o(.text)
    FindVfNextPump                           0x0800af59   Thumb Code   198  pumpcontrol.o(.text)
    RemoteVfResetRelayOn                     0x0800b01f   Thumb Code    24  pumpcontrol.o(.text)
    PumpControl                              0x0800b037   Thumb Code   206  pumpcontrol.o(.text)
    GPIO_Com1_Configuration                  0x0800b165   Thumb Code    60  com1_232.o(.text)
    Com1_config                              0x0800b1a1   Thumb Code    92  com1_232.o(.text)
    Com1_Init                                0x0800b1fd   Thumb Code    22  com1_232.o(.text)
    CRC16                                    0x0800b213   Thumb Code    50  com1_232.o(.text)
    Com1_RcvProcess                          0x0800b245   Thumb Code   600  com1_232.o(.text)
    Com1_SlaveSend                           0x0800b49d   Thumb Code  1090  com1_232.o(.text)
    Com1_MasterSend                          0x0800b8df   Thumb Code   572  com1_232.o(.text)
    GPIO_Com2_Configuration                  0x0800bb4d   Thumb Code    56  com2_232.o(.text)
    Com2_config                              0x0800bb85   Thumb Code    92  com2_232.o(.text)
    Com2_Init                                0x0800bbe1   Thumb Code    22  com2_232.o(.text)
    Com2_RcvProcess                          0x0800bbf7   Thumb Code   614  com2_232.o(.text)
    Com2_SlaveSend                           0x0800be5d   Thumb Code  1002  com2_232.o(.text)
    Com2_MasterSend                          0x0800c247   Thumb Code   608  com2_232.o(.text)
    GPIO_Com3_Configuration                  0x0800c4d1   Thumb Code    94  com3_232.o(.text)
    Com3_config                              0x0800c52f   Thumb Code    94  com3_232.o(.text)
    Com3_Init                                0x0800c58d   Thumb Code    26  com3_232.o(.text)
    Com3_RcvProcess                          0x0800c5a7   Thumb Code   476  com3_232.o(.text)
    Com3_SlaveSend                           0x0800c783   Thumb Code  1240  com3_232.o(.text)
    Com3_MasterSend                          0x0800cc5b   Thumb Code  1002  com3_232.o(.text)
    GPIO_Com4_Configuration                  0x0800d071   Thumb Code    92  com4_232.o(.text)
    Com4_config                              0x0800d0cd   Thumb Code    98  com4_232.o(.text)
    Com4_Init                                0x0800d12f   Thumb Code    26  com4_232.o(.text)
    Com4_RcvProcess                          0x0800d149   Thumb Code   748  com4_232.o(.text)
    Com4_SlaveSend                           0x0800d435   Thumb Code   912  com4_232.o(.text)
    Com4_MasterSend                          0x0800d7c5   Thumb Code  1104  com4_232.o(.text)
    GPIO_Com5_Configuration                  0x0800dca5   Thumb Code    90  com5_485.o(.text)
    Com5_config                              0x0800dcff   Thumb Code    94  com5_485.o(.text)
    Com5_Init                                0x0800dd5d   Thumb Code    26  com5_485.o(.text)
    Faa                                      0x0800dd77   Thumb Code    72  com5_485.o(.text)
    Com5_RcvProcess                          0x0800ddbf   Thumb Code  1080  com5_485.o(.text)
    Com5_SlaveSend                           0x0800e1f7   Thumb Code  1040  com5_485.o(.text)
    Com5_MasterSend                          0x0800e607   Thumb Code  1284  com5_485.o(.text)
    NMI_Handler                              0x0800eb39   Thumb Code     2  stm32f10x_it.o(.text)
    HardFault_Handler                        0x0800eb3b   Thumb Code     4  stm32f10x_it.o(.text)
    MemManage_Handler                        0x0800eb3f   Thumb Code     4  stm32f10x_it.o(.text)
    BusFault_Handler                         0x0800eb43   Thumb Code     4  stm32f10x_it.o(.text)
    UsageFault_Handler                       0x0800eb47   Thumb Code     4  stm32f10x_it.o(.text)
    SVC_Handler                              0x0800eb4b   Thumb Code     2  stm32f10x_it.o(.text)
    DebugMon_Handler                         0x0800eb4d   Thumb Code     2  stm32f10x_it.o(.text)
    PendSV_Handler                           0x0800eb4f   Thumb Code     2  stm32f10x_it.o(.text)
    SysTick_Handler                          0x0800eb51   Thumb Code    76  stm32f10x_it.o(.text)
    USART1_IRQHandler                        0x0800eb9d   Thumb Code   204  stm32f10x_it.o(.text)
    USART2_IRQHandler                        0x0800ec69   Thumb Code   196  stm32f10x_it.o(.text)
    USART3_IRQHandler                        0x0800ed2d   Thumb Code   204  stm32f10x_it.o(.text)
    UART4_IRQHandler                         0x0800edf9   Thumb Code   212  stm32f10x_it.o(.text)
    UART5_IRQHandler                         0x0800eecd   Thumb Code   374  stm32f10x_it.o(.text)
    DI_DO_TEST                               0x0800f065   Thumb Code   182  test.o(.text)
    DS1302_Configuration                     0x0800f135   Thumb Code     2  ds1302.o(.text)
    DelayNOP                                 0x0800f137   Thumb Code    24  ds1302.o(.text)
    DS1302SendByte                           0x0800f14f   Thumb Code    68  ds1302.o(.text)
    DS1302ReceiveByte                        0x0800f193   Thumb Code    56  ds1302.o(.text)
    Read1302                                 0x0800f1cb   Thumb Code    64  ds1302.o(.text)
    Write1302                                0x0800f20b   Thumb Code    60  ds1302.o(.text)
    Read1302Time                             0x0800f247   Thumb Code    62  ds1302.o(.text)
    Write1302ByteTime                        0x0800f285   Thumb Code    40  ds1302.o(.text)
    BurstRead1302Clock                       0x0800f2ad   Thumb Code   126  ds1302.o(.text)
    BurstWrite1302Clock                      0x0800f32b   Thumb Code   108  ds1302.o(.text)
    BurstRead1302Ram                         0x0800f397   Thumb Code    72  ds1302.o(.text)
    BurstWrite1302Ram                        0x0800f3df   Thumb Code    88  ds1302.o(.text)
    Read1302Ram                              0x0800f437   Thumb Code    60  ds1302.o(.text)
    Write1302Ram                             0x0800f473   Thumb Code    76  ds1302.o(.text)
    InitClock                                0x0800f4bf   Thumb Code    32  ds1302.o(.text)
    TestDS1302                               0x0800f4df   Thumb Code   156  ds1302.o(.text)
    SPI_FLASH_CS_HIGH                        0x0800f57d   Thumb Code    22  spi_flash.o(.text)
    SPI_FLASH_Init                           0x0800f593   Thumb Code   182  spi_flash.o(.text)
    SPI_FLASH_SendByte                       0x0800f649   Thumb Code    50  spi_flash.o(.text)
    SPI_FLASH_CS_LOW                         0x0800f67b   Thumb Code    40  spi_flash.o(.text)
    SPI_FLASH_WaitForWriteEnd                0x0800f6a3   Thumb Code    38  spi_flash.o(.text)
    SPI_FLASH_WriteEnable                    0x0800f6c9   Thumb Code    18  spi_flash.o(.text)
    SPI_FLASH_SectorErase                    0x0800f6db   Thumb Code    50  spi_flash.o(.text)
    SPI_FLASH_BulkErase                      0x0800f70d   Thumb Code    26  spi_flash.o(.text)
    SPI_FLASH_PageWrite                      0x0800f727   Thumb Code    74  spi_flash.o(.text)
    SPI_FLASH_BufferWrite                    0x0800f771   Thumb Code   290  spi_flash.o(.text)
    SPI_FLASH_BufferRead                     0x0800f893   Thumb Code    68  spi_flash.o(.text)
    SPI_FLASH_ReadID                         0x0800f8d7   Thumb Code    66  spi_flash.o(.text)
    SPI_FLASH_StartReadSequence              0x0800f919   Thumb Code    38  spi_flash.o(.text)
    SPI_FLASH_ReadByte                       0x0800f93f   Thumb Code    10  spi_flash.o(.text)
    SPI_FLASH_SendHalfWord                   0x0800f949   Thumb Code    64  spi_flash.o(.text)
    SPI_FMRAM_BufferWrite                    0x0800f989   Thumb Code    64  spi_flash.o(.text)
    SPI_FMRAM_BufferRead                     0x0800f9c9   Thumb Code    58  spi_flash.o(.text)
    __use_no_semihosting                     0x0800fa03   Thumb Code     2  use_no_semi_2.o(.text)
    __use_two_region_memory                  0x0800fa05   Thumb Code     2  heapauxi.o(.text)
    __rt_heap_escrow$2region                 0x0800fa07   Thumb Code     2  heapauxi.o(.text)
    __rt_heap_expand$2region                 0x0800fa09   Thumb Code     2  heapauxi.o(.text)
    __I$use$semihosting                      0x0800fa0b   Thumb Code     0  use_no_semi.o(.text)
    __use_no_semihosting_swi                 0x0800fa0b   Thumb Code     2  use_no_semi.o(.text)
    __user_setup_stackheap                   0x0800fa0d   Thumb Code    74  sys_stackheap_outer.o(.text)
    exit                                     0x0800fa57   Thumb Code    12  exit.o(.text)
    __user_libspace                          0x0800fa65   Thumb Code     8  libspace.o(.text)
    __user_perproc_libspace                  0x0800fa65   Thumb Code     0  libspace.o(.text)
    __user_perthread_libspace                0x0800fa65   Thumb Code     0  libspace.o(.text)
    __aeabi_d2uiz                            0x0800fa6d   Thumb Code     0  dfixu.o(x$fpl$dfixu)
    _dfixu                                   0x0800fa6d   Thumb Code    90  dfixu.o(x$fpl$dfixu)
    __aeabi_dmul                             0x0800fac9   Thumb Code     0  dmul.o(x$fpl$dmul)
    _dmul                                    0x0800fac9   Thumb Code   332  dmul.o(x$fpl$dmul)
    __fpl_dnaninf                            0x0800fc1d   Thumb Code   156  dnaninf.o(x$fpl$dnaninf)
    __fpl_dretinf                            0x0800fcb9   Thumb Code    12  dretinf.o(x$fpl$dretinf)
    __aeabi_f2d                              0x0800fcc5   Thumb Code     0  f2d.o(x$fpl$f2d)
    _f2d                                     0x0800fcc5   Thumb Code    86  f2d.o(x$fpl$f2d)
    __aeabi_fadd                             0x0800fd1d   Thumb Code     0  faddsub_clz.o(x$fpl$fadd)
    _fadd                                    0x0800fd1d   Thumb Code   196  faddsub_clz.o(x$fpl$fadd)
    __fpl_fcmp_Inf                           0x0800fde1   Thumb Code    24  fcmpi.o(x$fpl$fcmpinf)
    __aeabi_fdiv                             0x0800fdf9   Thumb Code     0  fdiv.o(x$fpl$fdiv)
    _fdiv                                    0x0800fdf9   Thumb Code   384  fdiv.o(x$fpl$fdiv)
    __aeabi_f2uiz                            0x0800ff7d   Thumb Code     0  ffixu.o(x$fpl$ffixu)
    _ffixu                                   0x0800ff7d   Thumb Code    62  ffixu.o(x$fpl$ffixu)
    __aeabi_i2f                              0x0800ffbd   Thumb Code     0  fflt_clz.o(x$fpl$fflt)
    _fflt                                    0x0800ffbd   Thumb Code    48  fflt_clz.o(x$fpl$fflt)
    __aeabi_ui2f                             0x0800ffed   Thumb Code     0  fflt_clz.o(x$fpl$ffltu)
    _ffltu                                   0x0800ffed   Thumb Code    38  fflt_clz.o(x$fpl$ffltu)
    __aeabi_cfcmple                          0x08010015   Thumb Code     0  fleqf.o(x$fpl$fleqf)
    _fcmple                                  0x08010015   Thumb Code   104  fleqf.o(x$fpl$fleqf)
    __fpl_fcmple_InfNaN                      0x08010067   Thumb Code     0  fleqf.o(x$fpl$fleqf)
    __aeabi_fmul                             0x0801007d   Thumb Code     0  fmul.o(x$fpl$fmul)
    _fmul                                    0x0801007d   Thumb Code   258  fmul.o(x$fpl$fmul)
    __fpl_fnaninf                            0x0801017f   Thumb Code   140  fnaninf.o(x$fpl$fnaninf)
    __fpl_fretinf                            0x0801020b   Thumb Code    10  fretinf.o(x$fpl$fretinf)
    __aeabi_cfrcmple                         0x08010215   Thumb Code     0  frleqf.o(x$fpl$frleqf)
    _frcmple                                 0x08010215   Thumb Code    98  frleqf.o(x$fpl$frleqf)
    __aeabi_fsub                             0x08010279   Thumb Code     0  faddsub_clz.o(x$fpl$fsub)
    _fsub                                    0x08010279   Thumb Code   234  faddsub_clz.o(x$fpl$fsub)
    __I$use$fp                               0x08010362   Number         0  usenofp.o(x$fpl$usenofp)
    w_ParBootLst                             0x08010362   Data         510  dowith.o(.constdata)
    CRC_H                                    0x08010560   Data         256  com1_232.o(.constdata)
    CRC_L                                    0x08010660   Data         256  com1_232.o(.constdata)
    Region$$Table$$Base                      0x08010760   Number         0  anon$$obj.o(Region$$Table)
    Region$$Table$$Limit                     0x08010780   Number         0  anon$$obj.o(Region$$Table)
    SystemCoreClock                          0x20000000   Data           4  system_stm32f10x.o(.data)
    AHBPrescTable                            0x20000004   Data          16  system_stm32f10x.o(.data)
    VfNo                                     0x20000028   Data           1  main.o(.data)
    VfNext                                   0x20000029   Data           1  main.o(.data)
    SoftClock                                0x2000002a   Data           8  main.o(.data)
    w_MinRunFreqHex                          0x20000032   Data           2  main.o(.data)
    f_I_Mx                                   0x20000034   Data           4  main.o(.data)
    Vf_No                                    0x20000038   Data           1  main.o(.data)
    F_AskStop1                               0x20000039   Data           1  main.o(.data)
    B_PumpBad                                0x2000003a   Data           6  main.o(.data)
    B_PumpManu                               0x20000040   Data           6  main.o(.data)
    B_SaveSetP                               0x20000046   Data           1  main.o(.data)
    B_SaveVoiceValue                         0x20000047   Data           1  main.o(.data)
    B_ReadVfPar                              0x20000048   Data           1  main.o(.data)
    B_ModSelParValue                         0x20000049   Data           1  main.o(.data)
    F_ComErrorPump1                          0x2000004a   Data           1  main.o(.data)
    F_ComErrorPump2                          0x2000004b   Data           1  main.o(.data)
    B_ComErrorPump1                          0x2000004c   Data           1  main.o(.data)
    B_ComErrorPump2                          0x2000004d   Data           1  main.o(.data)
    B_RemoteStop1                            0x2000004e   Data           1  main.o(.data)
    B_RemoteStop2                            0x2000004f   Data           1  main.o(.data)
    B_MaxSupplyStop1                         0x20000050   Data           1  main.o(.data)
    B_MaxSupplyStop2                         0x20000051   Data           1  main.o(.data)
    F_HaveWater_MaxSupply                    0x20000052   Data           1  main.o(.data)
    F_InPPid                                 0x20000053   Data           1  main.o(.data)
    F_HengYa                                 0x20000054   Data           1  main.o(.data)
    F_waterYeWeiHigh                         0x20000055   Data           1  main.o(.data)
    F_ZhuoDuHigh                             0x20000056   Data           1  main.o(.data)
    F_YuLvHigh                               0x20000057   Data           1  main.o(.data)
    F_PhHigh                                 0x20000058   Data           1  main.o(.data)
    F_PhLow                                  0x20000059   Data           1  main.o(.data)
    F_ComErrorPump3                          0x2000005a   Data           1  main.o(.data)
    F_ComErrorPump4                          0x2000005b   Data           1  main.o(.data)
    B_ComErrorPump3                          0x2000005c   Data           1  main.o(.data)
    B_ComErrorPump4                          0x2000005d   Data           1  main.o(.data)
    B_RemoteStop3                            0x2000005e   Data           1  main.o(.data)
    B_RemoteStop4                            0x2000005f   Data           1  main.o(.data)
    B_MaxSupplyStop3                         0x20000060   Data           1  main.o(.data)
    B_MaxSupplyStop4                         0x20000061   Data           1  main.o(.data)
    F_PumpExit                               0x20000062   Data           1  main.o(.data)
    PumpExit                                 0x20000063   Data           6  main.o(.data)
    F_HighYCSetP                             0x20000069   Data           1  main.o(.data)
    S_HighYCSetP                             0x2000006a   Data           1  main.o(.data)
    F_Pump1RunOverTime                       0x2000006b   Data           1  main.o(.data)
    F_Pump2RunOverTime                       0x2000006c   Data           1  main.o(.data)
    F_Pump3RunOverTime                       0x2000006d   Data           1  main.o(.data)
    F_Pump4RunOverTime                       0x2000006e   Data           1  main.o(.data)
    F_YeJianSmall                            0x2000006f   Data           1  main.o(.data)
    F_HengVfPanDuan_S                        0x20000070   Data           1  main.o(.data)
    F_HengVfPanDuan_L                        0x20000071   Data           1  main.o(.data)
    DInb                                     0x20000072   Data           6  main.o(.data)
    DOutb                                    0x20000078   Data           6  main.o(.data)
    B_SelCS                                  0x2000007e   Data           1  main.o(.data)
    w_FaultNo                                0x20000080   Data           8  main.o(.data)
    B_ComErrWithVvvf                         0x20000088   Data           1  main.o(.data)
    B_ComErrWithLLJ                          0x20000089   Data           1  main.o(.data)
    B_ComErrWithModule1                      0x2000008a   Data           1  main.o(.data)
    B_ComErrWithModule2                      0x2000008b   Data           1  main.o(.data)
    F_Com2SendNext                           0x2000008c   Data           1  main.o(.data)
    F_Com2RCVCommandOk                       0x2000008d   Data           1  main.o(.data)
    F_SlaveNoRcvMasterCMD                    0x2000008e   Data           1  main.o(.data)
    w_PreVoiceVal                            0x20000090   Data           2  main.o(.data)
    w_ModRealTimeNo                          0x20000092   Data           2  main.o(.data)
    w_PreRecNo                               0x20000094   Data           2  main.o(.data)
    K_ManuAuto                               0x20000096   Data           1  main.o(.data)
    K_StopRun                                0x20000097   Data           1  main.o(.data)
    K_OverP                                  0x20000098   Data           1  main.o(.data)
    K_BCQErr                                 0x20000099   Data           1  main.o(.data)
    K_VvvfERR                                0x2000009a   Data           1  main.o(.data)
    K_WaterLeverHigh                         0x2000009b   Data           1  main.o(.data)
    K_NoWater                                0x2000009c   Data           1  main.o(.data)
    K_HaveWater                              0x2000009d   Data           1  main.o(.data)
    K_PumpHot                                0x2000009e   Data           6  main.o(.data)
    K_PowerErr                               0x200000a4   Data           1  main.o(.data)
    K_Fire                                   0x200000a5   Data           1  main.o(.data)
    K_ResetVvvf                              0x200000a6   Data           1  main.o(.data)
    K_FluxPluseOn                            0x200000a7   Data           1  main.o(.data)
    K_DDPluseOn                              0x200000a8   Data           1  main.o(.data)
    K_DDFOpen                                0x200000a9   Data           1  main.o(.data)
    K_DDFClose                               0x200000aa   Data           1  main.o(.data)
    K_1PumpManu                              0x200000ab   Data           1  main.o(.data)
    K_2PumpManu                              0x200000ac   Data           1  main.o(.data)
    K_3PumpManu                              0x200000ad   Data           1  main.o(.data)
    K_4PumpManu                              0x200000ae   Data           1  main.o(.data)
    K_5PumpManu                              0x200000af   Data           1  main.o(.data)
    K_1PumpGp                                0x200000b0   Data           1  main.o(.data)
    K_2PumpGp                                0x200000b1   Data           1  main.o(.data)
    K_3PumpGp                                0x200000b2   Data           1  main.o(.data)
    K_4PumpGp                                0x200000b3   Data           1  main.o(.data)
    K_5PumpGp                                0x200000b4   Data           1  main.o(.data)
    K_1PumpVf                                0x200000b5   Data           1  main.o(.data)
    K_2PumpVf                                0x200000b6   Data           1  main.o(.data)
    K_3PumpVf                                0x200000b7   Data           1  main.o(.data)
    K_4PumpVf                                0x200000b8   Data           1  main.o(.data)
    K_5PumpVf                                0x200000b9   Data           1  main.o(.data)
    K_Term13                                 0x200000ba   Data           1  main.o(.data)
    K_Term14                                 0x200000bb   Data           1  main.o(.data)
    K_Term15                                 0x200000bc   Data           1  main.o(.data)
    Q_VfStop                                 0x200000bd   Data           1  main.o(.data)
    Q_RstOn                                  0x200000be   Data           1  main.o(.data)
    Q_PowerOnModem                           0x200000bf   Data           1  main.o(.data)
    Q_BcqErr                                 0x200000c0   Data           1  main.o(.data)
    Q_VfOn                                   0x200000c1   Data           6  main.o(.data)
    Q_GpOn                                   0x200000c7   Data           6  main.o(.data)
    Q_AlarmError                             0x200000cd   Data           1  main.o(.data)
    Q_FanMotor                               0x200000ce   Data           1  main.o(.data)
    Q_RunGPRS                                0x200000cf   Data           1  main.o(.data)
    F_NoWater                                0x200000d0   Data           1  main.o(.data)
    F_ManualRunStop                          0x200000d1   Data           1  main.o(.data)
    F_ManualAuto                             0x200000d2   Data           1  main.o(.data)
    F_VvvfAlarm                              0x200000d3   Data           1  main.o(.data)
    F_PowerFault                             0x200000d4   Data           1  main.o(.data)
    F_WaterLeverHigh                         0x200000d5   Data           1  main.o(.data)
    F_HardOverP                              0x200000d6   Data           1  main.o(.data)
    F_AllPumpBad                             0x200000d7   Data           1  main.o(.data)
    F_SmallStop                              0x200000d8   Data           1  main.o(.data)
    F_OutMeterBad                            0x200000d9   Data           1  main.o(.data)
    F_InPBigSetStop                          0x200000da   Data           1  main.o(.data)
    F_TimeRunStop                            0x200000db   Data           1  main.o(.data)
    F_TimePwdStop                            0x200000dc   Data           1  main.o(.data)
    F_RemoteStop                             0x200000dd   Data           1  main.o(.data)
    F_InPBigOutStop                          0x200000de   Data           1  main.o(.data)
    F_MaxSupplyStop                          0x200000df   Data           1  main.o(.data)
    F_Rtcf                                   0x200000e0   Data           1  main.o(.data)
    F_ComErrWithVvvf                         0x200000e1   Data           1  main.o(.data)
    F_ComErrWithLLJ                          0x200000e2   Data           1  main.o(.data)
    F_ComErrWithModule1                      0x200000e3   Data           1  main.o(.data)
    F_ComErrWithModule2                      0x200000e4   Data           1  main.o(.data)
    F_TouchAutoManu                          0x200000e5   Data           1  main.o(.data)
    F_TouchRunStop                           0x200000e6   Data           1  main.o(.data)
    F_PSensorProtectStop                     0x200000e7   Data           1  main.o(.data)
    F_CycleCheck                             0x200000e8   Data           1  main.o(.data)
    F_DealSmall                              0x200000e9   Data           1  main.o(.data)
    F_Fire                                   0x200000ea   Data           1  main.o(.data)
    F_VvvfBad                                0x200000eb   Data           1  main.o(.data)
    F_SmallBad                               0x200000ec   Data           1  main.o(.data)
    F_BcqErr                                 0x200000ed   Data           1  main.o(.data)
    F_SoftOverP                              0x200000ee   Data           1  main.o(.data)
    F_AskStop                                0x200000ef   Data           1  main.o(.data)
    F_AskExchange                            0x200000f0   Data           1  main.o(.data)
    F_VfToGp                                 0x200000f1   Data           1  main.o(.data)
    F_VfToVf                                 0x200000f2   Data           1  main.o(.data)
    F_TimerExchange                          0x200000f3   Data           1  main.o(.data)
    F_SmallBetween                           0x200000f4   Data           1  main.o(.data)
    F_DelayCheckVvvfAlarm                    0x200000f5   Data           1  main.o(.data)
    F_Inital                                 0x200000f6   Data           1  main.o(.data)
    F_VvvfAlarmREC                           0x200000f7   Data           1  main.o(.data)
    F_TimeREC                                0x200000f8   Data           1  main.o(.data)
    F_ModRealTime                            0x200000f9   Data           1  main.o(.data)
    F_FlashRecNoNum                          0x200000fa   Data           1  main.o(.data)
    F_FirstPowerNoPlayNoWater                0x200000fb   Data           1  main.o(.data)
    F_IRStop                                 0x200000fc   Data           1  main.o(.data)
    F_GpExitDelay                            0x200000fd   Data           1  main.o(.data)
    F_InPLowDownUk                           0x200000fe   Data           1  main.o(.data)
    F_InPLowHoldUk                           0x200000ff   Data           1  main.o(.data)
    F_AllPumpStopDelay                       0x20000100   Data           1  main.o(.data)
    F_PumpRunTimReset                        0x20000101   Data           1  main.o(.data)
    F_LowRunFreqHex                          0x20000102   Data           1  main.o(.data)
    EXTI_InitStructure                       0x20000104   Data           8  main.o(.data)
    NVIC_InitStructure                       0x2000010c   Data           4  main.o(.data)
    __stdout                                 0x20000110   Data           4  main.o(.data)
    FilterNo                                 0x20000114   Data           1  dowith.o(.data)
    AI_Sel                                   0x20000115   Data           1  dowith.o(.data)
    T_BootParLst                             0x20000116   Data           1  dowith.o(.data)
    C_BootParLst                             0x20000118   Data           2  dowith.o(.data)
    T_BootParLst2                            0x2000011a   Data           1  dowith.o(.data)
    C_BootParLst2                            0x2000011c   Data           2  dowith.o(.data)
    S_BootParLst                             0x2000011e   Data           1  dowith.o(.data)
    T_SavePar                                0x2000011f   Data           1  dowith.o(.data)
    C_SavePar                                0x20000120   Data           2  dowith.o(.data)
    S_SavePar                                0x20000122   Data           1  dowith.o(.data)
    T_EquipOperateStatus                     0x20000123   Data           1  dowith.o(.data)
    C_EquipOperateStatus                     0x20000124   Data           2  dowith.o(.data)
    S_EquipOperateStatus                     0x20000126   Data           1  dowith.o(.data)
    T_EquipAlarmStatus                       0x20000127   Data           1  dowith.o(.data)
    C_EquipAlarmStatus                       0x20000128   Data           2  dowith.o(.data)
    S_EquipAlarmStatus                       0x2000012a   Data           1  dowith.o(.data)
    F_EquipAlarmStatus                       0x2000012b   Data           1  dowith.o(.data)
    F_EquipOperateStatus                     0x2000012c   Data           1  dowith.o(.data)
    T_ReadRealTime                           0x2000012d   Data           1  dowith.o(.data)
    C_ReadRealTime                           0x2000012e   Data           2  dowith.o(.data)
    T_ModRealTime                            0x20000130   Data           1  dowith.o(.data)
    C_ModRealTime                            0x20000132   Data           2  dowith.o(.data)
    S_ModRealTime                            0x20000134   Data           1  dowith.o(.data)
    T_TimeWriteRec                           0x20000135   Data           1  dowith.o(.data)
    C_TimeWriteRec                           0x20000136   Data           2  dowith.o(.data)
    T_ForceSavPar                            0x20000138   Data           1  dowith.o(.data)
    B_ForceSavPar                            0x20000139   Data           1  dowith.o(.data)
    C_ForceSavPar                            0x2000013a   Data           2  dowith.o(.data)
    T_SavePumpRunTim                         0x2000013c   Data           1  dowith.o(.data)
    C_SavePumpRunTim                         0x2000013e   Data           2  dowith.o(.data)
    T_PumpRunTime                            0x20000140   Data           1  dowith.o(.data)
    T_ReadyBoot                              0x20000141   Data           1  dowith.o(.data)
    C_ReadyBoot                              0x20000142   Data           2  dowith.o(.data)
    B_ReadyWriteSF                           0x20000144   Data           1  dowith.o(.data)
    w_DIStableCounter                        0x20000146   Data           2  dowith.o(.data)
    T_DoWith                                 0x20000148   Data           1  dowith.o(.data)
    C_bDoWith                                0x20000149   Data           1  dowith.o(.data)
    T_VADelay                                0x2000014a   Data           1  dowith.o(.data)
    C_VADelay                                0x2000014c   Data           2  dowith.o(.data)
    F_ReadMemoryBoardNoNum                   0x2000014e   Data           1  dowith.o(.data)
    PmupRunTimeH                             0x20000150   Data           4  dowith.o(.data)
    S_KglInPrompt                            0x20000154   Data           1  dowith.o(.data)
    S_KglOutPrompt                           0x20000155   Data           1  dowith.o(.data)
    T_KglInPrompt                            0x20000156   Data           1  dowith.o(.data)
    C_KglInPrompt                            0x20000158   Data           2  dowith.o(.data)
    T_KglOutPrompt                           0x2000015a   Data           1  dowith.o(.data)
    C_KglOutPrompt                           0x2000015c   Data           2  dowith.o(.data)
    F_KglInPrompt                            0x2000015e   Data           1  dowith.o(.data)
    F_KglOutPrompt                           0x2000015f   Data           1  dowith.o(.data)
    C_SaveDelay                              0x20000160   Data           2  dowith.o(.data)
    T_SaveDelay                              0x20000162   Data           1  dowith.o(.data)
    w_DI1StableCounter                       0x20000164   Data           2  dowith.o(.data)
    w_DI2StableCounter                       0x20000166   Data           2  dowith.o(.data)
    w_DI3StableCounter                       0x20000168   Data           2  dowith.o(.data)
    w_DI4StableCounter                       0x2000016a   Data           2  dowith.o(.data)
    B_DI1                                    0x2000016c   Data           1  dowith.o(.data)
    B_DI2                                    0x2000016d   Data           1  dowith.o(.data)
    B_DI3                                    0x2000016e   Data           1  dowith.o(.data)
    B_DI4                                    0x2000016f   Data           1  dowith.o(.data)
    UID                                      0x20000170   Data           4  dowith.o(.data)
    LOCKCODE                                 0x20000174   Data           4  dowith.o(.data)
    Fml_Constant                             0x20000178   Data           4  dowith.o(.data)
    Result                                   0x2000017c   Data           4  dowith.o(.data)
    C                                        0x20000180   Data           4  dowith.o(.data)
    Fml_CRC16                                0x20000184   Data           2  dowith.o(.data)
    B_LockCodeOK                             0x20000186   Data           1  dowith.o(.data)
    T_HaveWaterRunDelay                      0x20000188   Data           1  pumpcontrol.o(.data)
    C_HaveWaterRunDelay                      0x2000018a   Data           2  pumpcontrol.o(.data)
    T_NoWaterStopDelay                       0x2000018c   Data           1  pumpcontrol.o(.data)
    C_NoWaterStopDelay                       0x2000018e   Data           2  pumpcontrol.o(.data)
    T_Change                                 0x20000190   Data           1  pumpcontrol.o(.data)
    C_Change                                 0x20000192   Data           2  pumpcontrol.o(.data)
    S_PumpStartChange                        0x20000194   Data           1  pumpcontrol.o(.data)
    T_AllPumpStop                            0x20000195   Data           1  pumpcontrol.o(.data)
    C_AllPumpStop                            0x20000196   Data           2  pumpcontrol.o(.data)
    T_GpExit                                 0x20000198   Data           1  pumpcontrol.o(.data)
    C_GpExit                                 0x20000199   Data           1  pumpcontrol.o(.data)
    T_GpExit2                                0x2000019a   Data           1  pumpcontrol.o(.data)
    C_GpExit2                                0x2000019b   Data           1  pumpcontrol.o(.data)
    GpExitNo                                 0x2000019c   Data           1  pumpcontrol.o(.data)
    T_VfToGpDelay                            0x2000019d   Data           1  pumpcontrol.o(.data)
    C_VfToGpDelay                            0x2000019e   Data           2  pumpcontrol.o(.data)
    T_VfToGpStep                             0x200001a0   Data           1  pumpcontrol.o(.data)
    C_VfToGpStep                             0x200001a2   Data           2  pumpcontrol.o(.data)
    S_VfToGp                                 0x200001a4   Data           1  pumpcontrol.o(.data)
    T_DelayCheckVvvfAlarm                    0x200001a5   Data           1  pumpcontrol.o(.data)
    C_DelayCheckVvvfAlarm                    0x200001a6   Data           2  pumpcontrol.o(.data)
    T_VvvfResetOk                            0x200001a8   Data           1  pumpcontrol.o(.data)
    C_VvvfResetOk                            0x200001aa   Data           2  pumpcontrol.o(.data)
    T_VvvfAlarm                              0x200001ac   Data           1  pumpcontrol.o(.data)
    C_VvvfAlarm                              0x200001ae   Data           2  pumpcontrol.o(.data)
    T_TimerExchange                          0x200001b0   Data           1  pumpcontrol.o(.data)
    C_TimerExchange                          0x200001b2   Data           2  pumpcontrol.o(.data)
    T_SmallBetween                           0x200001b4   Data           1  pumpcontrol.o(.data)
    C_SmallBetween                           0x200001b6   Data           2  pumpcontrol.o(.data)
    T_ExitSmall                              0x200001b8   Data           1  pumpcontrol.o(.data)
    C_ExitSmall                              0x200001ba   Data           2  pumpcontrol.o(.data)
    T_SmallJudgeDelay                        0x200001bc   Data           1  pumpcontrol.o(.data)
    C_SmallJudgeDelay                        0x200001be   Data           2  pumpcontrol.o(.data)
    T_SmallStable                            0x200001c0   Data           1  pumpcontrol.o(.data)
    C_SmallStable                            0x200001c2   Data           2  pumpcontrol.o(.data)
    T_SmallRise                              0x200001c4   Data           1  pumpcontrol.o(.data)
    C_SmallRise                              0x200001c6   Data           2  pumpcontrol.o(.data)
    T_PIDCalc                                0x200001c8   Data           1  pumpcontrol.o(.data)
    C_PIDCalc                                0x200001ca   Data           2  pumpcontrol.o(.data)
    T_CycleCheck                             0x200001cc   Data           1  pumpcontrol.o(.data)
    C_CycleCheck                             0x200001ce   Data           2  pumpcontrol.o(.data)
    T_CheckTime                              0x200001d0   Data           1  pumpcontrol.o(.data)
    C_CheckTime                              0x200001d2   Data           2  pumpcontrol.o(.data)
    T_InPNormal                              0x200001d4   Data           1  pumpcontrol.o(.data)
    C_InPNormal                              0x200001d6   Data           2  pumpcontrol.o(.data)
    T_InPBigSet                              0x200001d8   Data           1  pumpcontrol.o(.data)
    C_InPBigSet                              0x200001da   Data           2  pumpcontrol.o(.data)
    T_FireIn                                 0x200001dc   Data           1  pumpcontrol.o(.data)
    C_FireIn                                 0x200001de   Data           2  pumpcontrol.o(.data)
    T_FireExit                               0x200001e0   Data           1  pumpcontrol.o(.data)
    C_FireExit                               0x200001e2   Data           2  pumpcontrol.o(.data)
    T_InPBigOut                              0x200001e4   Data           1  pumpcontrol.o(.data)
    C_InPBigOut                              0x200001e6   Data           2  pumpcontrol.o(.data)
    T_MaxSupplyDelay                         0x200001e8   Data           1  pumpcontrol.o(.data)
    C_MaxSupplyDelay                         0x200001ea   Data           2  pumpcontrol.o(.data)
    T_BCQErr                                 0x200001ec   Data           1  pumpcontrol.o(.data)
    C_BCQErr                                 0x200001ee   Data           2  pumpcontrol.o(.data)
    T_SoftOverPNormal                        0x200001f0   Data           1  pumpcontrol.o(.data)
    C_SoftOverPNormal                        0x200001f2   Data           2  pumpcontrol.o(.data)
    T_SoftOverPGuard                         0x200001f4   Data           1  pumpcontrol.o(.data)
    C_SoftOverPGuard                         0x200001f6   Data           2  pumpcontrol.o(.data)
    T_PowerOnDelay                           0x200001f8   Data           1  pumpcontrol.o(.data)
    C_PowerOnDelay                           0x200001fa   Data           2  pumpcontrol.o(.data)
    B_PowerOnDelay                           0x200001fc   Data           1  pumpcontrol.o(.data)
    T_VvvfResetOn                            0x200001fd   Data           1  pumpcontrol.o(.data)
    C_VvvfResetOn                            0x200001fe   Data           2  pumpcontrol.o(.data)
    T_TimeHMExchange                         0x20000200   Data           1  pumpcontrol.o(.data)
    T_PowerErr                               0x20000201   Data           1  pumpcontrol.o(.data)
    C_PowerErr                               0x20000202   Data           2  pumpcontrol.o(.data)
    T_PSensorProtect                         0x20000204   Data           1  pumpcontrol.o(.data)
    C_PSensorProtect                         0x20000206   Data           2  pumpcontrol.o(.data)
    T_PSensorNormal                          0x20000208   Data           1  pumpcontrol.o(.data)
    C_PSensorNormal                          0x2000020a   Data           2  pumpcontrol.o(.data)
    T_SmallBadClr                            0x2000020c   Data           1  pumpcontrol.o(.data)
    C_SmallBadClr                            0x2000020e   Data           2  pumpcontrol.o(.data)
    w_GpExitVfOnFreqHex                      0x20000210   Data           2  pumpcontrol.o(.data)
    T_InPLowDownUk                           0x20000212   Data           1  pumpcontrol.o(.data)
    C_InPLowDownUk                           0x20000214   Data           2  pumpcontrol.o(.data)
    T_InPLowHoldUk                           0x20000216   Data           1  pumpcontrol.o(.data)
    C_InPLowHoldUk                           0x20000218   Data           2  pumpcontrol.o(.data)
    T_InPLowDownUkSecond                     0x2000021a   Data           1  pumpcontrol.o(.data)
    C_InPLowDownUkSecond                     0x2000021c   Data           2  pumpcontrol.o(.data)
    T_InPLowGpExit                           0x2000021e   Data           1  pumpcontrol.o(.data)
    C_InPLowGpExit                           0x20000220   Data           2  pumpcontrol.o(.data)
    C_VfAlarmDelay                           0x20000222   Data           2  pumpcontrol.o(.data)
    T_AllPumpStop1                           0x20000224   Data           1  pumpcontrol.o(.data)
    C_AllPumpStop1                           0x20000226   Data           2  pumpcontrol.o(.data)
    T_SmallVfUpDelay                         0x20000228   Data           1  pumpcontrol.o(.data)
    C_SmallVfUpDelay                         0x2000022a   Data           2  pumpcontrol.o(.data)
    T_OverPDelayStop                         0x2000022c   Data           1  pumpcontrol.o(.data)
    C_OverPDelayStop                         0x2000022e   Data           2  pumpcontrol.o(.data)
    T_OverP                                  0x20000230   Data           1  pumpcontrol.o(.data)
    C_OverP                                  0x20000232   Data           2  pumpcontrol.o(.data)
    C_HighYCSetP                             0x20000234   Data           1  pumpcontrol.o(.data)
    T_HighYCSetP                             0x20000236   Data           2  pumpcontrol.o(.data)
    C_HighYCSetP2                            0x20000238   Data           1  pumpcontrol.o(.data)
    T_HighYCSetP2                            0x2000023a   Data           2  pumpcontrol.o(.data)
    T_RunGPRSDelay                           0x2000023c   Data           1  pumpcontrol.o(.data)
    C_RunGPRSDelay                           0x2000023e   Data           2  pumpcontrol.o(.data)
    T_RunGPRSDelay2                          0x20000240   Data           1  pumpcontrol.o(.data)
    C_RunGPRSDelay2                          0x20000242   Data           2  pumpcontrol.o(.data)
    T_PowerZC                                0x20000244   Data           1  pumpcontrol.o(.data)
    C_PowerZC                                0x20000246   Data           2  pumpcontrol.o(.data)
    T_HengVfPanDuan_S                        0x20000248   Data           1  pumpcontrol.o(.data)
    C_HengVfPanDuan_S                        0x2000024a   Data           2  pumpcontrol.o(.data)
    T_HengVfPanDuan_L                        0x2000024c   Data           1  pumpcontrol.o(.data)
    C_HengVfPanDuan_L                        0x2000024e   Data           2  pumpcontrol.o(.data)
    C_TimeDelay                              0x20000250   Data           2  pumpcontrol.o(.data)
    T_TimeDelay                              0x20000252   Data           1  pumpcontrol.o(.data)
    C_TimeDelay2                             0x20000254   Data           2  pumpcontrol.o(.data)
    T_TimeDelay2                             0x20000256   Data           1  pumpcontrol.o(.data)
    T_HaveWater_MaxSupplyDelay               0x20000257   Data           1  pumpcontrol.o(.data)
    C_HaveWater_MaxSupplyDelay               0x20000258   Data           2  pumpcontrol.o(.data)
    T_InPLowDelay                            0x2000025a   Data           1  pumpcontrol.o(.data)
    C_InPLowDelay                            0x2000025c   Data           2  pumpcontrol.o(.data)
    T_HengYa                                 0x2000025e   Data           1  pumpcontrol.o(.data)
    C_HengYa                                 0x20000260   Data           2  pumpcontrol.o(.data)
    C_StartRunDelay                          0x20000262   Data           2  pumpcontrol.o(.data)
    T_StartRunDelay                          0x20000264   Data           1  pumpcontrol.o(.data)
    T_waterYeWeiHighDelay                    0x20000265   Data           1  pumpcontrol.o(.data)
    C_waterYeWeiHighDelay                    0x20000266   Data           2  pumpcontrol.o(.data)
    T_waterYeWeiHighDelay2                   0x20000268   Data           1  pumpcontrol.o(.data)
    C_waterYeWeiHighDelay2                   0x2000026a   Data           2  pumpcontrol.o(.data)
    C_ZhuoDuValueHighDelay                   0x2000026c   Data           2  pumpcontrol.o(.data)
    T_ZhuoDuValueHighDelay                   0x2000026e   Data           1  pumpcontrol.o(.data)
    C_ZhuoDuValueLowDelay                    0x20000270   Data           2  pumpcontrol.o(.data)
    T_ZhuoDuValueLowDelay                    0x20000272   Data           1  pumpcontrol.o(.data)
    C_YuLvValueHighDelay                     0x20000274   Data           2  pumpcontrol.o(.data)
    T_YuLvValueHighDelay                     0x20000276   Data           1  pumpcontrol.o(.data)
    C_YuLvValueLowDelay                      0x20000278   Data           2  pumpcontrol.o(.data)
    T_YuLvValueLowDelay                      0x2000027a   Data           1  pumpcontrol.o(.data)
    C_PHValueHighDelay                       0x2000027c   Data           2  pumpcontrol.o(.data)
    T_PHValueHighDelay                       0x2000027e   Data           1  pumpcontrol.o(.data)
    C_PHValueLowDelay                        0x20000280   Data           2  pumpcontrol.o(.data)
    T_PHValueLowDelay                        0x20000282   Data           1  pumpcontrol.o(.data)
    C_PHValueLowDelay2                       0x20000284   Data           2  pumpcontrol.o(.data)
    T_PHValueLowDelay2                       0x20000286   Data           1  pumpcontrol.o(.data)
    T_PowerOn                                0x20000287   Data           1  pumpcontrol.o(.data)
    C_PowerOn                                0x20000288   Data           2  pumpcontrol.o(.data)
    T_SavePluseOnNum                         0x2000028a   Data           1  pumpcontrol.o(.data)
    C_SavePluseOnNum                         0x2000028c   Data           2  pumpcontrol.o(.data)
    T_Clear                                  0x2000028e   Data           1  pumpcontrol.o(.data)
    C_Clear                                  0x20000290   Data           2  pumpcontrol.o(.data)
    F_PowerOn                                0x20000292   Data           2  pumpcontrol.o(.data)
    F_SumFlux                                0x20000294   Data           2  pumpcontrol.o(.data)
    F_FluxPluseOn                            0x20000296   Data           2  pumpcontrol.o(.data)
    B_Write                                  0x20000298   Data           2  pumpcontrol.o(.data)
    ALLNUM                                   0x2000029c   Data           4  pumpcontrol.o(.data)
    NUMH                                     0x200002a0   Data           4  pumpcontrol.o(.data)
    SumFlux                                  0x200002a4   Data           4  pumpcontrol.o(.data)
    T_SavePluseOnNum1                        0x200002a8   Data           1  pumpcontrol.o(.data)
    C_SavePluseOnNum1                        0x200002aa   Data           2  pumpcontrol.o(.data)
    T_Clear1                                 0x200002ac   Data           1  pumpcontrol.o(.data)
    C_Clear1                                 0x200002ae   Data           2  pumpcontrol.o(.data)
    F_PowerOn1                               0x200002b0   Data           2  pumpcontrol.o(.data)
    F_PowerOn2                               0x200002b2   Data           2  pumpcontrol.o(.data)
    F_PowerOn3                               0x200002b4   Data           2  pumpcontrol.o(.data)
    B_DDBWrite                               0x200002b6   Data           2  pumpcontrol.o(.data)
    DDBALLNUM                                0x200002b8   Data           4  pumpcontrol.o(.data)
    DDBNUMH                                  0x200002bc   Data           4  pumpcontrol.o(.data)
    DDBSumFlux                               0x200002c0   Data           4  pumpcontrol.o(.data)
    F_DDBSumFlux                             0x200002c4   Data           2  pumpcontrol.o(.data)
    F_DDBPluseOn                             0x200002c6   Data           2  pumpcontrol.o(.data)
    VfPumpNum                                0x200002c8   Data           1  pumpcontrol.o(.data)
    GpPumpNum                                0x200002c9   Data           1  pumpcontrol.o(.data)
    BadPumpNum                               0x200002ca   Data           1  pumpcontrol.o(.data)
    B_RemoteGP1                              0x200002cb   Data           1  pumpcontrol.o(.data)
    B_RemoteGP2                              0x200002cc   Data           1  pumpcontrol.o(.data)
    B_RemoteGP3                              0x200002cd   Data           1  pumpcontrol.o(.data)
    B_RemoteGP4                              0x200002ce   Data           1  pumpcontrol.o(.data)
    B_RemoteGP5                              0x200002cf   Data           1  pumpcontrol.o(.data)
    F_CombTimePwdDaysPrompt                  0x200002d0   Data           1  pumpcontrol.o(.data)
    C_PowenOnDelay                           0x200002d2   Data           2  pumpcontrol.o(.data)
    Rcv1Counter                              0x200002d4   Data           2  com1_232.o(.data)
    Txd1Counter                              0x200002d6   Data           2  com1_232.o(.data)
    BakRcv1Count                             0x200002d8   Data           2  com1_232.o(.data)
    Txd1Max                                  0x200002da   Data           2  com1_232.o(.data)
    w_Txd1ChkSum                             0x200002dc   Data           2  com1_232.o(.data)
    w_Com1RegAddr                            0x200002de   Data           2  com1_232.o(.data)
    B_Com1Send                               0x200002e0   Data           1  com1_232.o(.data)
    B_Com1Cmd03                              0x200002e1   Data           1  com1_232.o(.data)
    B_Com1Cmd16                              0x200002e2   Data           1  com1_232.o(.data)
    B_Com1Cmd01                              0x200002e3   Data           1  com1_232.o(.data)
    B_Com1Cmd06                              0x200002e4   Data           1  com1_232.o(.data)
    B_Com1Cmd73                              0x200002e5   Data           1  com1_232.o(.data)
    T_NoRcv1Count                            0x200002e6   Data           1  com1_232.o(.data)
    C_NoRcv1Count                            0x200002e8   Data           2  com1_232.o(.data)
    C_Com1_MasterSendDelay                   0x200002ea   Data           2  com1_232.o(.data)
    T_Com1_MasterSendDelay                   0x200002ec   Data           1  com1_232.o(.data)
    C_Com1_MasterSendDelay2                  0x200002ee   Data           2  com1_232.o(.data)
    T_Com1_MasterSendDelay2                  0x200002f0   Data           1  com1_232.o(.data)
    C_Com1_MasterSendDelay3                  0x200002f2   Data           2  com1_232.o(.data)
    T_Com1_MasterSendDelay3                  0x200002f4   Data           1  com1_232.o(.data)
    Rcv2Counter                              0x200002f6   Data           2  com2_232.o(.data)
    Txd2Counter                              0x200002f8   Data           2  com2_232.o(.data)
    BakRcv2Count                             0x200002fa   Data           2  com2_232.o(.data)
    Txd2Max                                  0x200002fc   Data           2  com2_232.o(.data)
    w_Txd2ChkSum                             0x200002fe   Data           2  com2_232.o(.data)
    w_Com2RegAddr                            0x20000300   Data           2  com2_232.o(.data)
    B_Com2Send                               0x20000302   Data           1  com2_232.o(.data)
    B_Com2Cmd03                              0x20000303   Data           1  com2_232.o(.data)
    B_Com2Cmd16                              0x20000304   Data           1  com2_232.o(.data)
    B_Com2Cmd01                              0x20000305   Data           1  com2_232.o(.data)
    B_Com2Cmd06                              0x20000306   Data           1  com2_232.o(.data)
    B_Com2Cmd73                              0x20000307   Data           1  com2_232.o(.data)
    T_NoRcv2Count                            0x20000308   Data           1  com2_232.o(.data)
    C_NoRcv2Count                            0x2000030a   Data           2  com2_232.o(.data)
    T_SendToGprs                             0x2000030c   Data           1  com2_232.o(.data)
    C_SendToGprs                             0x2000030e   Data           2  com2_232.o(.data)
    T_SendToGprs2                            0x20000310   Data           1  com2_232.o(.data)
    C_SendToGprs2                            0x20000312   Data           2  com2_232.o(.data)
    T_SendToGprs4                            0x20000314   Data           1  com2_232.o(.data)
    C_SendToGprs4                            0x20000316   Data           2  com2_232.o(.data)
    Rcv3Counter                              0x20000318   Data           2  com3_232.o(.data)
    Txd3Counter                              0x2000031a   Data           2  com3_232.o(.data)
    BakRcv3Count                             0x2000031c   Data           2  com3_232.o(.data)
    Txd3Max                                  0x2000031e   Data           2  com3_232.o(.data)
    w_Txd3ChkSum                             0x20000320   Data           2  com3_232.o(.data)
    w_Com3RegAddr                            0x20000322   Data           2  com3_232.o(.data)
    B_Com3Cmd03                              0x20000324   Data           1  com3_232.o(.data)
    B_Com3Cmd16                              0x20000325   Data           1  com3_232.o(.data)
    B_Com3Cmd01                              0x20000326   Data           1  com3_232.o(.data)
    B_Com3Cmd06                              0x20000327   Data           1  com3_232.o(.data)
    B_Com3Cmd73                              0x20000328   Data           1  com3_232.o(.data)
    T_NoRcv3Count                            0x20000329   Data           1  com3_232.o(.data)
    C_NoRcv3Count                            0x2000032a   Data           2  com3_232.o(.data)
    F_Com3Send                               0x2000032c   Data           1  com3_232.o(.data)
    T_Com3Send                               0x2000032d   Data           1  com3_232.o(.data)
    C_Com3Send                               0x2000032e   Data           2  com3_232.o(.data)
    S_Com3Send                               0x20000330   Data           1  com3_232.o(.data)
    Rcv4Counter                              0x20000332   Data           2  com4_232.o(.data)
    Txd4Counter                              0x20000334   Data           2  com4_232.o(.data)
    BakRcv4Count                             0x20000336   Data           2  com4_232.o(.data)
    Txd4Max                                  0x20000338   Data           2  com4_232.o(.data)
    w_Txd4ChkSum                             0x2000033a   Data           2  com4_232.o(.data)
    w_Com4RegAddr                            0x2000033c   Data           2  com4_232.o(.data)
    B_Com4Cmd03                              0x2000033e   Data           1  com4_232.o(.data)
    B_Com4Cmd16                              0x2000033f   Data           1  com4_232.o(.data)
    B_Com4Cmd01                              0x20000340   Data           1  com4_232.o(.data)
    B_Com4Cmd06                              0x20000341   Data           1  com4_232.o(.data)
    B_Com4Cmd73                              0x20000342   Data           1  com4_232.o(.data)
    T_NoRcv4Count                            0x20000343   Data           1  com4_232.o(.data)
    C_NoRcv4Count                            0x20000344   Data           2  com4_232.o(.data)
    F_ModDspPar1                             0x20000346   Data           1  com4_232.o(.data)
    F_ModDspPar2                             0x20000347   Data           1  com4_232.o(.data)
    F_ModDspPar3                             0x20000348   Data           1  com4_232.o(.data)
    F_Com4Send                               0x20000349   Data           1  com4_232.o(.data)
    T_Com4Send                               0x2000034a   Data           1  com4_232.o(.data)
    C_Com4Send                               0x2000034c   Data           2  com4_232.o(.data)
    S_Com4Send                               0x2000034e   Data           1  com4_232.o(.data)
    S_Com4MSend                              0x2000034f   Data           1  com4_232.o(.data)
    B_Com4Send1                              0x20000350   Data           1  com4_232.o(.data)
    B_Com4Send2                              0x20000351   Data           1  com4_232.o(.data)
    B_Com4Send3                              0x20000352   Data           1  com4_232.o(.data)
    B_Com4Send4                              0x20000353   Data           1  com4_232.o(.data)
    B_Com4Sd1End                             0x20000354   Data           1  com4_232.o(.data)
    B_Com4Sd2End                             0x20000355   Data           1  com4_232.o(.data)
    B_Com4Sd3End                             0x20000356   Data           1  com4_232.o(.data)
    B_Com4Sd4End                             0x20000357   Data           1  com4_232.o(.data)
    T_Com4CountNormalNext                    0x20000358   Data           1  com4_232.o(.data)
    C_Com4CountNormalNext                    0x2000035a   Data           2  com4_232.o(.data)
    T_Com4Count1OvertimeNext                 0x2000035c   Data           1  com4_232.o(.data)
    C_Com4Count1OvertimeNext                 0x2000035e   Data           2  com4_232.o(.data)
    T_Com4Count1Err                          0x20000360   Data           1  com4_232.o(.data)
    C_Com4Count1Err                          0x20000362   Data           2  com4_232.o(.data)
    T_Com4Count2Err                          0x20000364   Data           1  com4_232.o(.data)
    C_Com4Count2Err                          0x20000366   Data           2  com4_232.o(.data)
    T_Com4Count3Err                          0x20000368   Data           1  com4_232.o(.data)
    C_Com4Count3Err                          0x2000036a   Data           2  com4_232.o(.data)
    T_Com4Count4Err                          0x2000036c   Data           1  com4_232.o(.data)
    C_Com4Count4Err                          0x2000036e   Data           2  com4_232.o(.data)
    T_Com4NoRcvMasterCMD                     0x20000370   Data           1  com4_232.o(.data)
    C_Com4NoRcvMasterCMD                     0x20000372   Data           2  com4_232.o(.data)
    T_Com4NoRcvCount                         0x20000374   Data           1  com4_232.o(.data)
    C_Com4NoRcvCount                         0x20000376   Data           2  com4_232.o(.data)
    F_Com4RCVCommandOk                       0x20000378   Data           1  com4_232.o(.data)
    F_Com4SendNext                           0x20000379   Data           1  com4_232.o(.data)
    Rcv5Counter                              0x2000037c   Data           2  com5_485.o(.data)
    Txd5Counter                              0x2000037e   Data           2  com5_485.o(.data)
    BakRcv5Count                             0x20000380   Data           2  com5_485.o(.data)
    Txd5Max                                  0x20000382   Data           2  com5_485.o(.data)
    w_Txd5ChkSum                             0x20000384   Data           2  com5_485.o(.data)
    w_Com5RegAddr                            0x20000386   Data           2  com5_485.o(.data)
    B_Com5Cmd03                              0x20000388   Data           1  com5_485.o(.data)
    B_Com5Cmd16                              0x20000389   Data           1  com5_485.o(.data)
    B_Com5Cmd01                              0x2000038a   Data           1  com5_485.o(.data)
    B_Com5Cmd06                              0x2000038b   Data           1  com5_485.o(.data)
    B_Com5Cmd73                              0x2000038c   Data           1  com5_485.o(.data)
    T_NoRcv5Count                            0x2000038d   Data           1  com5_485.o(.data)
    C_NoRcv5Count                            0x2000038e   Data           2  com5_485.o(.data)
    F_Com5Send                               0x20000390   Data           1  com5_485.o(.data)
    T_Com5Send                               0x20000391   Data           1  com5_485.o(.data)
    C_Com5Send                               0x20000392   Data           2  com5_485.o(.data)
    S_Com5Send                               0x20000394   Data           1  com5_485.o(.data)
    S_Com5MSend                              0x20000395   Data           1  com5_485.o(.data)
    B_Com5Send1                              0x20000396   Data           1  com5_485.o(.data)
    B_Com5Send2                              0x20000397   Data           1  com5_485.o(.data)
    B_Com5Send3                              0x20000398   Data           1  com5_485.o(.data)
    B_Com5Send4                              0x20000399   Data           1  com5_485.o(.data)
    B_Com5Sd1End                             0x2000039a   Data           1  com5_485.o(.data)
    B_Com5Sd2End                             0x2000039b   Data           1  com5_485.o(.data)
    B_Com5Sd3End                             0x2000039c   Data           1  com5_485.o(.data)
    B_Com5Sd4End                             0x2000039d   Data           1  com5_485.o(.data)
    T_Com5CountNormalNext                    0x2000039e   Data           1  com5_485.o(.data)
    C_Com5CountNormalNext                    0x200003a0   Data           2  com5_485.o(.data)
    T_Com5Count1OvertimeNext                 0x200003a2   Data           1  com5_485.o(.data)
    C_Com5Count1OvertimeNext                 0x200003a4   Data           2  com5_485.o(.data)
    T_Com5Count1Err                          0x200003a6   Data           1  com5_485.o(.data)
    C_Com5Count1Err                          0x200003a8   Data           2  com5_485.o(.data)
    T_Com5Count2Err                          0x200003aa   Data           1  com5_485.o(.data)
    C_Com5Count2Err                          0x200003ac   Data           2  com5_485.o(.data)
    T_Com5Count3Err                          0x200003ae   Data           1  com5_485.o(.data)
    C_Com5Count3Err                          0x200003b0   Data           2  com5_485.o(.data)
    T_Com5Count4Err                          0x200003b2   Data           1  com5_485.o(.data)
    C_Com5Count4Err                          0x200003b4   Data           2  com5_485.o(.data)
    T_Com5NoRcvMasterCMD                     0x200003b6   Data           1  com5_485.o(.data)
    C_Com5NoRcvMasterCMD                     0x200003b8   Data           2  com5_485.o(.data)
    T_Com5NoRcvCount                         0x200003ba   Data           1  com5_485.o(.data)
    C_Com5NoRcvCount                         0x200003bc   Data           2  com5_485.o(.data)
    F_Com5RCVCommandOk                       0x200003be   Data           1  com5_485.o(.data)
    F_Com5SendNext                           0x200003bf   Data           1  com5_485.o(.data)
    aa                                       0x200003c0   Data           4  com5_485.o(.data)
    RealClock                                0x200003c4   Data           9  main.o(.bss)
    w_AI                                     0x200003ce   Data          60  main.o(.bss)
    w_AQ                                     0x2000040a   Data          12  main.o(.bss)
    w_ParLst                                 0x20000416   Data        1680  main.o(.bss)
    w_ShaoXing                               0x20000aa6   Data         100  main.o(.bss)
    ADC_InitStructure                        0x20000b0c   Data          20  dowith.o(.bss)
    DMA_InitStructure                        0x20000b20   Data          44  dowith.o(.bss)
    DAC_InitStructure                        0x20000b4c   Data          16  dowith.o(.bss)
    TIM_TimeBaseStructure                    0x20000b5c   Data          10  dowith.o(.bss)
    w_SaveAI                                 0x20000b66   Data         704  dowith.o(.bss)
    D                                        0x20000e26   Data          12  dowith.o(.bss)
    Txd1Buffer                               0x20000e32   Data         255  com1_232.o(.bss)
    Rcv1Buffer                               0x20000f31   Data         255  com1_232.o(.bss)
    Txd2Buffer                               0x20001030   Data         255  com2_232.o(.bss)
    Rcv2Buffer                               0x2000112f   Data         255  com2_232.o(.bss)
    Txd3Buffer                               0x2000122e   Data         255  com3_232.o(.bss)
    Rcv3Buffer                               0x2000132d   Data         255  com3_232.o(.bss)
    Txd3Buf                                  0x2000142c   Data         200  com3_232.o(.bss)
    Txd4Buffer                               0x200014f4   Data         255  com4_232.o(.bss)
    Rcv4Buffer                               0x200015f3   Data         255  com4_232.o(.bss)
    Txd5Buffer                               0x200016f2   Data         255  com5_485.o(.bss)
    Rcv5Buffer                               0x200017f1   Data         255  com5_485.o(.bss)
    __libspace_start                         0x200018f0   Data          96  libspace.o(.bss)
    __temporary_stack_top$libspace           0x20001950   Data           0  libspace.o(.bss)



==============================================================================

Memory Map of the image

  Image Entry point : 0x08000131

  Load Region LR_IROM1 (Base: 0x08000000, Size: 0x00010b44, Max: 0x00040000, ABSOLUTE, COMPRESSED[0x000107b0])

    Execution Region ER_IROM1 (Base: 0x08000000, Size: 0x00010780, Max: 0x00040000, ABSOLUTE)

    Base Addr    Size         Type   Attr      Idx    E Section Name        Object

    0x08000000   0x00000130   Data   RO          366    RESET               startup_stm32f10x_hd.o
    0x08000130   0x00000008   Code   RO          721  * !!!main             c_w.l(__main.o)
    0x08000138   0x00000034   Code   RO          922    !!!scatter          c_w.l(__scatter.o)
    0x0800016c   0x0000005a   Code   RO          920    !!dczerorl2         c_w.l(__dczerorl2.o)
    0x080001c6   0x00000002   PAD
    0x080001c8   0x0000001c   Code   RO          924    !!handler_zi        c_w.l(__scatter_zi.o)
    0x080001e4   0x00000002   Code   RO          795    .ARM.Collect$$libinit$$00000000  c_w.l(libinit.o)
    0x080001e6   0x00000000   Code   RO          802    .ARM.Collect$$libinit$$00000002  c_w.l(libinit2.o)
    0x080001e6   0x00000000   Code   RO          804    .ARM.Collect$$libinit$$00000004  c_w.l(libinit2.o)
    0x080001e6   0x00000000   Code   RO          807    .ARM.Collect$$libinit$$0000000A  c_w.l(libinit2.o)
    0x080001e6   0x00000000   Code   RO          809    .ARM.Collect$$libinit$$0000000C  c_w.l(libinit2.o)
    0x080001e6   0x00000000   Code   RO          811    .ARM.Collect$$libinit$$0000000E  c_w.l(libinit2.o)
    0x080001e6   0x00000000   Code   RO          814    .ARM.Collect$$libinit$$00000011  c_w.l(libinit2.o)
    0x080001e6   0x00000000   Code   RO          816    .ARM.Collect$$libinit$$00000013  c_w.l(libinit2.o)
    0x080001e6   0x00000000   Code   RO          818    .ARM.Collect$$libinit$$00000015  c_w.l(libinit2.o)
    0x080001e6   0x00000000   Code   RO          820    .ARM.Collect$$libinit$$00000017  c_w.l(libinit2.o)
    0x080001e6   0x00000000   Code   RO          822    .ARM.Collect$$libinit$$00000019  c_w.l(libinit2.o)
    0x080001e6   0x00000000   Code   RO          824    .ARM.Collect$$libinit$$0000001B  c_w.l(libinit2.o)
    0x080001e6   0x00000000   Code   RO          826    .ARM.Collect$$libinit$$0000001D  c_w.l(libinit2.o)
    0x080001e6   0x00000000   Code   RO          828    .ARM.Collect$$libinit$$0000001F  c_w.l(libinit2.o)
    0x080001e6   0x00000000   Code   RO          830    .ARM.Collect$$libinit$$00000021  c_w.l(libinit2.o)
    0x080001e6   0x00000000   Code   RO          832    .ARM.Collect$$libinit$$00000023  c_w.l(libinit2.o)
    0x080001e6   0x00000000   Code   RO          834    .ARM.Collect$$libinit$$00000025  c_w.l(libinit2.o)
    0x080001e6   0x00000000   Code   RO          838    .ARM.Collect$$libinit$$0000002C  c_w.l(libinit2.o)
    0x080001e6   0x00000000   Code   RO          840    .ARM.Collect$$libinit$$0000002E  c_w.l(libinit2.o)
    0x080001e6   0x00000000   Code   RO          842    .ARM.Collect$$libinit$$00000030  c_w.l(libinit2.o)
    0x080001e6   0x00000000   Code   RO          844    .ARM.Collect$$libinit$$00000032  c_w.l(libinit2.o)
    0x080001e6   0x00000002   Code   RO          845    .ARM.Collect$$libinit$$00000033  c_w.l(libinit2.o)
    0x080001e8   0x00000002   Code   RO          863    .ARM.Collect$$libshutdown$$00000000  c_w.l(libshutdown.o)
    0x080001ea   0x00000000   Code   RO          874    .ARM.Collect$$libshutdown$$00000003  c_w.l(libshutdown2.o)
    0x080001ea   0x00000000   Code   RO          877    .ARM.Collect$$libshutdown$$00000006  c_w.l(libshutdown2.o)
    0x080001ea   0x00000000   Code   RO          880    .ARM.Collect$$libshutdown$$00000009  c_w.l(libshutdown2.o)
    0x080001ea   0x00000000   Code   RO          882    .ARM.Collect$$libshutdown$$0000000B  c_w.l(libshutdown2.o)
    0x080001ea   0x00000000   Code   RO          885    .ARM.Collect$$libshutdown$$0000000E  c_w.l(libshutdown2.o)
    0x080001ea   0x00000002   Code   RO          886    .ARM.Collect$$libshutdown$$0000000F  c_w.l(libshutdown2.o)
    0x080001ec   0x00000000   Code   RO          759    .ARM.Collect$$rtentry$$00000000  c_w.l(__rtentry.o)
    0x080001ec   0x00000000   Code   RO          772    .ARM.Collect$$rtentry$$00000002  c_w.l(__rtentry2.o)
    0x080001ec   0x00000006   Code   RO          784    .ARM.Collect$$rtentry$$00000004  c_w.l(__rtentry4.o)
    0x080001f2   0x00000000   Code   RO          774    .ARM.Collect$$rtentry$$00000009  c_w.l(__rtentry2.o)
    0x080001f2   0x00000004   Code   RO          775    .ARM.Collect$$rtentry$$0000000A  c_w.l(__rtentry2.o)
    0x080001f6   0x00000000   Code   RO          777    .ARM.Collect$$rtentry$$0000000C  c_w.l(__rtentry2.o)
    0x080001f6   0x00000008   Code   RO          778    .ARM.Collect$$rtentry$$0000000D  c_w.l(__rtentry2.o)
    0x080001fe   0x00000002   Code   RO          799    .ARM.Collect$$rtexit$$00000000  c_w.l(rtexit.o)
    0x08000200   0x00000000   Code   RO          847    .ARM.Collect$$rtexit$$00000002  c_w.l(rtexit2.o)
    0x08000200   0x00000004   Code   RO          848    .ARM.Collect$$rtexit$$00000003  c_w.l(rtexit2.o)
    0x08000204   0x00000006   Code   RO          849    .ARM.Collect$$rtexit$$00000004  c_w.l(rtexit2.o)
    0x0800020a   0x00000002   PAD
    0x0800020c   0x000001e0   Code   RO            3    .text               system_stm32f10x.o
    0x080003ec   0x000003a4   Code   RO          120    .text               stm32f10x_rcc.o
    0x08000790   0x000000dc   Code   RO          146    .text               misc.o
    0x0800086c   0x0000035c   Code   RO          166    .text               stm32f10x_gpio.o
    0x08000bc8   0x00000408   Code   RO          186    .text               stm32f10x_usart.o
    0x08000fd0   0x000005bc   Code   RO          206    .text               stm32f10x_flash.o
    0x0800158c   0x0000030c   Code   RO          246    .text               stm32f10x_spi.o
    0x08001898   0x00000e1a   Code   RO          266    .text               stm32f10x_tim.o
    0x080026b2   0x00000002   PAD
    0x080026b4   0x0000044e   Code   RO          286    .text               stm32f10x_adc.o
    0x08002b02   0x00000002   PAD
    0x08002b04   0x00000254   Code   RO          346    .text               stm32f10x_dma.o
    0x08002d58   0x00000040   Code   RO          367    .text               startup_stm32f10x_hd.o
    0x08002d98   0x000005fc   Code   RO          373    .text               main.o
    0x08003394   0x000037b4   Code   RO          439    .text               dowith.o
    0x08006b48   0x0000461c   Code   RO          469    .text               pumpcontrol.o
    0x0800b164   0x000009e8   Code   RO          493    .text               com1_232.o
    0x0800bb4c   0x00000984   Code   RO          524    .text               com2_232.o
    0x0800c4d0   0x00000ba0   Code   RO          552    .text               com3_232.o
    0x0800d070   0x00000c34   Code   RO          577    .text               com4_232.o
    0x0800dca4   0x00000e94   Code   RO          605    .text               com5_485.o
    0x0800eb38   0x0000052c   Code   RO          630    .text               stm32f10x_it.o
    0x0800f064   0x000000d0   Code   RO          654    .text               test.o
    0x0800f134   0x00000446   Code   RO          674    .text               ds1302.o
    0x0800f57a   0x00000002   PAD
    0x0800f57c   0x00000486   Code   RO          694    .text               spi_flash.o
    0x0800fa02   0x00000002   Code   RO          717    .text               c_w.l(use_no_semi_2.o)
    0x0800fa04   0x00000006   Code   RO          719    .text               c_w.l(heapauxi.o)
    0x0800fa0a   0x00000002   Code   RO          757    .text               c_w.l(use_no_semi.o)
    0x0800fa0c   0x0000004a   Code   RO          786    .text               c_w.l(sys_stackheap_outer.o)
    0x0800fa56   0x0000000c   Code   RO          788    .text               c_w.l(exit.o)
    0x0800fa62   0x00000002   PAD
    0x0800fa64   0x00000008   Code   RO          796    .text               c_w.l(libspace.o)
    0x0800fa6c   0x0000005a   Code   RO          723    x$fpl$dfixu         fz_ws.l(dfixu.o)
    0x0800fac6   0x00000002   PAD
    0x0800fac8   0x00000154   Code   RO          727    x$fpl$dmul          fz_ws.l(dmul.o)
    0x0800fc1c   0x0000009c   Code   RO          760    x$fpl$dnaninf       fz_ws.l(dnaninf.o)
    0x0800fcb8   0x0000000c   Code   RO          762    x$fpl$dretinf       fz_ws.l(dretinf.o)
    0x0800fcc4   0x00000056   Code   RO          729    x$fpl$f2d           fz_ws.l(f2d.o)
    0x0800fd1a   0x00000002   PAD
    0x0800fd1c   0x000000c4   Code   RO          731    x$fpl$fadd          fz_ws.l(faddsub_clz.o)
    0x0800fde0   0x00000018   Code   RO          764    x$fpl$fcmpinf       fz_ws.l(fcmpi.o)
    0x0800fdf8   0x00000184   Code   RO          738    x$fpl$fdiv          fz_ws.l(fdiv.o)
    0x0800ff7c   0x0000003e   Code   RO          741    x$fpl$ffixu         fz_ws.l(ffixu.o)
    0x0800ffba   0x00000002   PAD
    0x0800ffbc   0x00000030   Code   RO          746    x$fpl$fflt          fz_ws.l(fflt_clz.o)
    0x0800ffec   0x00000026   Code   RO          745    x$fpl$ffltu         fz_ws.l(fflt_clz.o)
    0x08010012   0x00000002   PAD
    0x08010014   0x00000068   Code   RO          751    x$fpl$fleqf         fz_ws.l(fleqf.o)
    0x0801007c   0x00000102   Code   RO          753    x$fpl$fmul          fz_ws.l(fmul.o)
    0x0801017e   0x0000008c   Code   RO          766    x$fpl$fnaninf       fz_ws.l(fnaninf.o)
    0x0801020a   0x0000000a   Code   RO          768    x$fpl$fretinf       fz_ws.l(fretinf.o)
    0x08010214   0x00000062   Code   RO          755    x$fpl$frleqf        fz_ws.l(frleqf.o)
    0x08010276   0x00000002   PAD
    0x08010278   0x000000ea   Code   RO          733    x$fpl$fsub          fz_ws.l(faddsub_clz.o)
    0x08010362   0x00000000   Code   RO          770    x$fpl$usenofp       fz_ws.l(usenofp.o)
    0x08010362   0x000001fe   Data   RO          441    .constdata          dowith.o
    0x08010560   0x00000200   Data   RO          495    .constdata          com1_232.o
    0x08010760   0x00000020   Data   RO          918    Region$$Table       anon$$obj.o


    Execution Region RW_IRAM1 (Base: 0x20000000, Size: 0x00001f50, Max: 0x0000c000, ABSOLUTE, COMPRESSED[0x00000030])

    Base Addr    Size         Type   Attr      Idx    E Section Name        Object

    0x20000000   0x00000014   Data   RW            4    .data               system_stm32f10x.o
    0x20000014   0x00000014   Data   RW          121    .data               stm32f10x_rcc.o
    0x20000028   0x000000ec   Data   RW          375    .data               main.o
    0x20000114   0x00000073   Data   RW          442    .data               dowith.o
    0x20000187   0x00000001   PAD
    0x20000188   0x0000014c   Data   RW          470    .data               pumpcontrol.o
    0x200002d4   0x00000021   Data   RW          496    .data               com1_232.o
    0x200002f5   0x00000001   PAD
    0x200002f6   0x00000022   Data   RW          526    .data               com2_232.o
    0x20000318   0x00000019   Data   RW          554    .data               com3_232.o
    0x20000331   0x00000001   PAD
    0x20000332   0x00000048   Data   RW          579    .data               com4_232.o
    0x2000037a   0x00000002   PAD
    0x2000037c   0x00000048   Data   RW          607    .data               com5_485.o
    0x200003c4   0x00000746   Zero   RW          374    .bss                main.o
    0x20000b0a   0x00000002   PAD
    0x20000b0c   0x00000326   Zero   RW          440    .bss                dowith.o
    0x20000e32   0x000001fe   Zero   RW          494    .bss                com1_232.o
    0x20001030   0x000001fe   Zero   RW          525    .bss                com2_232.o
    0x2000122e   0x000002c6   Zero   RW          553    .bss                com3_232.o
    0x200014f4   0x000001fe   Zero   RW          578    .bss                com4_232.o
    0x200016f2   0x000001fe   Zero   RW          606    .bss                com5_485.o
    0x200018f0   0x00000060   Zero   RW          797    .bss                c_w.l(libspace.o)
    0x20001950   0x00000200   Zero   RW          365    HEAP                startup_stm32f10x_hd.o
    0x20001b50   0x00000400   Zero   RW          364    STACK               startup_stm32f10x_hd.o


==============================================================================

Image component sizes


      Code (inc. data)   RO Data    RW Data    ZI Data      Debug   Object Name

      2536        250        512         33        510       5991   com1_232.o
      2436        250          0         34        510       5077   com2_232.o
      2976        220          0         25        710       5424   com3_232.o
      3124        398          0         72        510       6810   com4_232.o
      3732        434          0         72        510       7395   com5_485.o
     14260       1198        510        115        806      18819   dowith.o
      1094          4          0          0          0       5327   ds1302.o
      1532         66          0        236       1862      35813   main.o
       220         22          0          0          0       2101   misc.o
     17948       1850          0        332          0      24640   pumpcontrol.o
      1158         16          0          0          0       5330   spi_flash.o
        64         26        304          0       1536       1012   startup_stm32f10x_hd.o
      1102         26          0          0          0      11137   stm32f10x_adc.o
       596          8          0          0          0       4630   stm32f10x_dma.o
      1468         34          0          0          0       8330   stm32f10x_flash.o
       860         38          0          0          0       5945   stm32f10x_gpio.o
      1324        196          0          0          0       2674   stm32f10x_it.o
       932         36          0         20          0       9272   stm32f10x_rcc.o
       780         14          0          0          0       6830   stm32f10x_spi.o
      3610         88          0          0          0      22436   stm32f10x_tim.o
      1032         22          0          0          0       8672   stm32f10x_usart.o
       480         38          0         20          0     296631   system_stm32f10x.o
       208         26          0          0          0        693   test.o

    ----------------------------------------------------------------------
     63478       5260       1358        964       6956     500989   Object Totals
         0          0         32          0          0          0   (incl. Generated)
         6          0          0          5          2          0   (incl. Padding)

    ----------------------------------------------------------------------

      Code (inc. data)   RO Data    RW Data    ZI Data      Debug   Library Member Name

        90          0          0          0          0          0   __dczerorl2.o
         8          0          0          0          0         68   __main.o
         0          0          0          0          0          0   __rtentry.o
        12          0          0          0          0          0   __rtentry2.o
         6          0          0          0          0          0   __rtentry4.o
        52          8          0          0          0          0   __scatter.o
        28          0          0          0          0          0   __scatter_zi.o
        12          0          0          0          0         72   exit.o
         6          0          0          0          0        152   heapauxi.o
         2          0          0          0          0          0   libinit.o
         2          0          0          0          0          0   libinit2.o
         2          0          0          0          0          0   libshutdown.o
         2          0          0          0          0          0   libshutdown2.o
         8          4          0          0         96         68   libspace.o
         2          0          0          0          0          0   rtexit.o
        10          0          0          0          0          0   rtexit2.o
        74          0          0          0          0         80   sys_stackheap_outer.o
         2          0          0          0          0         68   use_no_semi.o
         2          0          0          0          0         68   use_no_semi_2.o
        90          4          0          0          0         92   dfixu.o
       340         12          0          0          0        104   dmul.o
       156          4          0          0          0         92   dnaninf.o
        12          0          0          0          0         68   dretinf.o
        86          4          0          0          0         84   f2d.o
       430          8          0          0          0        168   faddsub_clz.o
        24          0          0          0          0         68   fcmpi.o
       388         76          0          0          0         96   fdiv.o
        62          4          0          0          0         84   ffixu.o
        86          0          0          0          0        136   fflt_clz.o
       104          4          0          0          0         84   fleqf.o
       258          4          0          0          0         84   fmul.o
       140          4          0          0          0         84   fnaninf.o
        10          0          0          0          0         68   fretinf.o
        98          0          0          0          0         68   frleqf.o
         0          0          0          0          0          0   usenofp.o

    ----------------------------------------------------------------------
      2620        136          0          0         96       1956   Library Totals
        16          0          0          0          0          0   (incl. Padding)

    ----------------------------------------------------------------------

      Code (inc. data)   RO Data    RW Data    ZI Data      Debug   Library Name

       320         12          0          0         96        576   c_w.l
      2284        124          0          0          0       1380   fz_ws.l

    ----------------------------------------------------------------------
      2620        136          0          0         96       1956   Library Totals

    ----------------------------------------------------------------------

==============================================================================


      Code (inc. data)   RO Data    RW Data    ZI Data      Debug   

     66098       5396       1358        964       7052     499405   Grand Totals
     66098       5396       1358         48       7052     499405   ELF Image Totals (compressed)
     66098       5396       1358         48          0          0   ROM Totals

==============================================================================

    Total RO  Size (Code + RO Data)                67456 (  65.88kB)
    Total RW  Size (RW Data + ZI Data)              8016 (   7.83kB)
    Total ROM Size (Code + RO Data + RW Data)      67504 (  65.92kB)

==============================================================================

