Component: ARM Compiler 5.06 update 6 (build 750) Tool: armlink [4d35ed]

==============================================================================

Section Cross References

    system_stm32f10x.o(.text) refers to system_stm32f10x.o(.data) for SystemCoreClock
    stm32f10x_rcc.o(.text) refers to stm32f10x_rcc.o(.data) for APBAHBPrescTable
    stm32f10x_gpio.o(.text) refers to stm32f10x_rcc.o(.text) for RCC_APB2PeriphResetCmd
    stm32f10x_usart.o(.text) refers to stm32f10x_rcc.o(.text) for RCC_APB2PeriphResetCmd
    stm32f10x_spi.o(.text) refers to stm32f10x_rcc.o(.text) for RCC_APB2PeriphResetCmd
    stm32f10x_tim.o(.text) refers to stm32f10x_rcc.o(.text) for RCC_APB2PeriphResetCmd
    stm32f10x_adc.o(.text) refers to stm32f10x_rcc.o(.text) for RCC_APB2PeriphResetCmd
    stm32f10x_dac.o(.text) refers to stm32f10x_rcc.o(.text) for RCC_APB1PeriphResetCmd
    startup_stm32f10x_hd.o(STACK) refers (Special) to heapauxi.o(.text) for __use_two_region_memory
    startup_stm32f10x_hd.o(HEAP) refers (Special) to heapauxi.o(.text) for __use_two_region_memory
    startup_stm32f10x_hd.o(RESET) refers (Special) to heapauxi.o(.text) for __use_two_region_memory
    startup_stm32f10x_hd.o(RESET) refers to startup_stm32f10x_hd.o(STACK) for __initial_sp
    startup_stm32f10x_hd.o(RESET) refers to startup_stm32f10x_hd.o(.text) for Reset_Handler
    startup_stm32f10x_hd.o(RESET) refers to stm32f10x_it.o(.text) for NMI_Handler
    startup_stm32f10x_hd.o(.text) refers (Special) to heapauxi.o(.text) for __use_two_region_memory
    startup_stm32f10x_hd.o(.text) refers to system_stm32f10x.o(.text) for SystemInit
    startup_stm32f10x_hd.o(.text) refers to __main.o(!!!main) for __main
    startup_stm32f10x_hd.o(.text) refers to startup_stm32f10x_hd.o(HEAP) for Heap_Mem
    startup_stm32f10x_hd.o(.text) refers to startup_stm32f10x_hd.o(STACK) for Stack_Mem
    main.o(.rev16_text) refers (Special) to use_no_semi_2.o(.text) for __use_no_semihosting
    main.o(.revsh_text) refers (Special) to use_no_semi_2.o(.text) for __use_no_semihosting
    main.o(.text) refers (Special) to use_no_semi_2.o(.text) for __use_no_semihosting
    main.o(.text) refers to misc.o(.text) for NVIC_SetVectorTable
    main.o(.text) refers to stm32f10x_tim.o(.text) for TIM_DeInit
    main.o(.text) refers to stm32f10x_gpio.o(.text) for GPIO_PinRemapConfig
    main.o(.text) refers to stm32f10x_rcc.o(.text) for RCC_APB2PeriphClockCmd
    main.o(.text) refers to main.o(.data) for NVIC_InitStructure
    main.o(.text) refers to main.o(.bss) for TIM_TimeBaseStructure
    main.o(.text) refers to spi_flash.o(.text) for SPI_FLASH_Init
    main.o(.text) refers to spi.o(.text) for SpiInit
    main.o(.text) refers to dowith.o(.text) for Variable_Init
    main.o(.text) refers to com1_232.o(.text) for Com1_Init
    main.o(.text) refers to com2_232.o(.text) for Com2_Init
    main.o(.text) refers to com3_232.o(.text) for Com3_Init
    main.o(.text) refers to com4_232.o(.text) for Com4_Init
    main.o(.text) refers to xmodem.o(.text) for XmodemFileTransfer
    main.o(.text) refers to radio.o(.text) for RadioDriverInit
    main.o(.text) refers to com_lora.o(.text) for LoRa_Init
    main.o(.text) refers to lcd.o(.text) for LCD_DLY_ms
    main.o(.text) refers to key_menu.o(.text) for Menu_Welcome
    main.o(.text) refers to com_lora.o(.data) for Radio
    main.o(.text) refers to dowith.o(.data) for B_LockCodeOK
    main.o(.text) refers to key_menu.o(.data) for Lw_SavePageNo
    main.o(.text) refers to com3_232.o(.data) for S_M35
    main.o(.text) refers to com2_232.o(.data) for B_PcSetGprs
    main.o(.bss) refers (Special) to use_no_semi_2.o(.text) for __use_no_semihosting
    main.o(.data) refers (Special) to use_no_semi_2.o(.text) for __use_no_semihosting
    dowith.o(.text) refers to spi_flash.o(.text) for SPI_FLASH_CS_LOW
    dowith.o(.text) refers to stm32f10x_flash.o(.text) for FLASH_Unlock
    dowith.o(.text) refers to main.o(.bss) for w_GprsParLst
    dowith.o(.text) refers to dowith.o(.data) for C_PowenOnDelay
    dowith.o(.text) refers to main.o(.data) for Lw_SaveEquipOperateStatus
    dowith.o(.text) refers to sx1276-lora.o(.data) for LoRaSettings
    dowith.o(.text) refers to com3_232.o(.constdata) for Gprs_ParBootLst
    dowith.o(.text) refers to dowith.o(.constdata) for w_GprsParBootLst
    dowith.o(.text) refers to fflt_clz.o(x$fpl$ffltu) for __aeabi_ui2f
    dowith.o(.text) refers to fmul.o(x$fpl$fmul) for __aeabi_fmul
    dowith.o(.text) refers to fdiv.o(x$fpl$fdiv) for __aeabi_fdiv
    dowith.o(.text) refers to ffixu.o(x$fpl$ffixu) for __aeabi_f2uiz
    dowith.o(.text) refers to stm32f10x_usart.o(.text) for USART_ITConfig
    dowith.o(.text) refers to com3_232.o(.data) for B_HeartSendFault
    dowith.o(.text) refers to lcd.o(.text) for LCD_DLY_ms
    dowith.o(.text) refers to com2_232.o(.text) for Com2_config
    dowith.o(.text) refers to main.o(.text) for GPIO_PinReverse
    dowith.o(.text) refers to com2_232.o(.data) for Cw_Rcv2
[...]
    __user_setup_stackheap                   0x080260a7   Thumb Code    74  sys_stackheap_outer.o(.text)
    __rt_locale                              0x080260f1   Thumb Code     8  rt_locale_intlibspace.o(.text)
    _printf_fp_infnan                        0x080260f9   Thumb Code   112  _printf_fp_infnan.o(.text)
    _chval                                   0x08026179   Thumb Code    28  _chval.o(.text)
    _btod_etento                             0x08026195   Thumb Code   224  bigflt0.o(.text)
    exit                                     0x08026279   Thumb Code    18  exit.o(.text)
    strcmp                                   0x0802628d   Thumb Code   128  strcmpv7m.o(.text)
    _btod_d2e                                0x0802630d   Thumb Code    62  btod.o(CL$$btod_d2e)
    _d2e_denorm_low                          0x0802634b   Thumb Code    70  btod.o(CL$$btod_d2e_denorm_low)
    _d2e_norm_op1                            0x08026391   Thumb Code    96  btod.o(CL$$btod_d2e_norm_op1)
    __btod_div_common                        0x080263f1   Thumb Code   696  btod.o(CL$$btod_div_common)
    _e2e                                     0x08026729   Thumb Code   220  btod.o(CL$$btod_e2e)
    _btod_ediv                               0x08026805   Thumb Code    42  btod.o(CL$$btod_ediv)
    _btod_emul                               0x0802682f   Thumb Code    42  btod.o(CL$$btod_emul)
    __btod_mult_common                       0x08026859   Thumb Code   580  btod.o(CL$$btod_mult_common)
    __ARM_fpclassify                         0x08026a9d   Thumb Code    40  fpclassify.o(i.__ARM_fpclassify)
    __kernel_poly                            0x08026ac5   Thumb Code   170  poly.o(i.__kernel_poly)
    __mathlib_dbl_divzero                    0x08026b71   Thumb Code    12  dunder.o(i.__mathlib_dbl_divzero)
    __mathlib_dbl_infnan2                    0x08026b81   Thumb Code     4  dunder.o(i.__mathlib_dbl_infnan2)
    __mathlib_dbl_invalid                    0x08026b85   Thumb Code    12  dunder.o(i.__mathlib_dbl_invalid)
    __mathlib_dbl_overflow                   0x08026b91   Thumb Code    14  dunder.o(i.__mathlib_dbl_overflow)
    __mathlib_dbl_underflow                  0x08026ba1   Thumb Code    10  dunder.o(i.__mathlib_dbl_underflow)
    _is_digit                                0x08026bb1   Thumb Code    14  __printf_wp.o(i._is_digit)
    pow                                      0x08026bc1   Thumb Code  2512  pow.o(i.pow)
    round                                    0x08027599   Thumb Code   136  round.o(i.round)
    sqrt                                     0x0802762d   Thumb Code    76  sqrt.o(i.sqrt)
    _get_lc_ctype                            0x08027679   Thumb Code    44  lc_ctype_c.o(locale$$code)
    _get_lc_numeric                          0x080276a5   Thumb Code    44  lc_numeric_c.o(locale$$code)
    __aeabi_dadd                             0x080276d1   Thumb Code     0  daddsub_clz.o(x$fpl$dadd)
    _dadd                                    0x080276d1   Thumb Code   332  daddsub_clz.o(x$fpl$dadd)
    __fpl_dcheck_NaN1                        0x08027821   Thumb Code    10  dcheck1.o(x$fpl$dcheck1)
    __fpl_dcmp_Inf                           0x08027831   Thumb Code    24  dcmpi.o(x$fpl$dcmpinf)
    __aeabi_ddiv                             0x08027849   Thumb Code     0  ddiv.o(x$fpl$ddiv)
    _ddiv                                    0x08027849   Thumb Code   552  ddiv.o(x$fpl$ddiv)
    __aeabi_d2iz                             0x08027af9   Thumb Code     0  dfix.o(x$fpl$dfix)
    _dfix                                    0x08027af9   Thumb Code    94  dfix.o(x$fpl$dfix)
    __aeabi_d2uiz                            0x08027b59   Thumb Code     0  dfixu.o(x$fpl$dfixu)
    _dfixu                                   0x08027b59   Thumb Code    90  dfixu.o(x$fpl$dfixu)
    __aeabi_i2d                              0x08027bb3   Thumb Code     0  dflt_clz.o(x$fpl$dflt)
    _dflt                                    0x08027bb3   Thumb Code    46  dflt_clz.o(x$fpl$dflt)
    __aeabi_ui2d                             0x08027be1   Thumb Code     0  dflt_clz.o(x$fpl$dfltu)
    _dfltu                                   0x08027be1   Thumb Code    38  dflt_clz.o(x$fpl$dfltu)
    __aeabi_cdcmple                          0x08027c09   Thumb Code     0  dleqf.o(x$fpl$dleqf)
    _dcmple                                  0x08027c09   Thumb Code   120  dleqf.o(x$fpl$dleqf)
    __fpl_dcmple_InfNaN                      0x08027c6b   Thumb Code     0  dleqf.o(x$fpl$dleqf)
    __aeabi_dmul                             0x08027c81   Thumb Code     0  dmul.o(x$fpl$dmul)
    _dmul                                    0x08027c81   Thumb Code   332  dmul.o(x$fpl$dmul)
    __fpl_dnaninf                            0x08027dd5   Thumb Code   156  dnaninf.o(x$fpl$dnaninf)
    __fpl_dretinf                            0x08027e71   Thumb Code    12  dretinf.o(x$fpl$dretinf)
    __aeabi_cdrcmple                         0x08027e7d   Thumb Code     0  drleqf.o(x$fpl$drleqf)
    _drcmple                                 0x08027e7d   Thumb Code   108  drleqf.o(x$fpl$drleqf)
    _drnd                                    0x08027ee9   Thumb Code   180  drnd.o(x$fpl$drnd)
    __aeabi_drsub                            0x08027f9d   Thumb Code     0  daddsub_clz.o(x$fpl$drsb)
    _drsb                                    0x08027f9d   Thumb Code    22  daddsub_clz.o(x$fpl$drsb)
    _dsqrt                                   0x08027fb5   Thumb Code   456  dsqrt_noumaal.o(x$fpl$dsqrt)
    __aeabi_dsub                             0x08028181   Thumb Code     0  daddsub_clz.o(x$fpl$dsub)
    _dsub                                    0x08028181   Thumb Code   464  daddsub_clz.o(x$fpl$dsub)
    __aeabi_f2d                              0x08028355   Thumb Code     0  f2d.o(x$fpl$f2d)
    _f2d                                     0x08028355   Thumb Code    86  f2d.o(x$fpl$f2d)
    __aeabi_fadd                             0x080283ad   Thumb Code     0  faddsub_clz.o(x$fpl$fadd)
    _fadd                                    0x080283ad   Thumb Code   196  faddsub_clz.o(x$fpl$fadd)
    __aeabi_fdiv                             0x08028471   Thumb Code     0  fdiv.o(x$fpl$fdiv)
    _fdiv                                    0x08028471   Thumb Code   384  fdiv.o(x$fpl$fdiv)
    __aeabi_f2iz                             0x080285f5   Thumb Code     0  ffix.o(x$fpl$ffix)
    _ffix                                    0x080285f5   Thumb Code    54  ffix.o(x$fpl$ffix)
    __aeabi_f2uiz                            0x0802862d   Thumb Code     0  ffixu.o(x$fpl$ffixu)
    _ffixu                                   0x0802862d   Thumb Code    62  ffixu.o(x$fpl$ffixu)
    __aeabi_ui2f                             0x0802866d   Thumb Code     0  fflt_clz.o(x$fpl$ffltu)
    _ffltu                                   0x0802866d   Thumb Code    38  fflt_clz.o(x$fpl$ffltu)
    __aeabi_fmul                             0x08028695   Thumb Code     0  fmul.o(x$fpl$fmul)
    _fmul                                    0x08028695   Thumb Code   258  fmul.o(x$fpl$fmul)
    __fpl_fnaninf                            0x08028797   Thumb Code   140  fnaninf.o(x$fpl$fnaninf)
    __fpl_fretinf                            0x08028823   Thumb Code    10  fretinf.o(x$fpl$fretinf)
    __aeabi_fsub                             0x0802882d   Thumb Code     0  faddsub_clz.o(x$fpl$fsub)
    _fsub                                    0x0802882d   Thumb Code   234  faddsub_clz.o(x$fpl$fsub)
    _printf_fp_dec                           0x08028917   Thumb Code     4  printf1.o(x$fpl$printf1)
    __fpl_return_NaN                         0x0802891b   Thumb Code   100  retnan.o(x$fpl$retnan)
    __ARM_scalbn                             0x0802897f   Thumb Code    92  scalbn.o(x$fpl$scalbn)
    __fpl_cmpreturn                          0x080289db   Thumb Code    48  trapv.o(x$fpl$trapveneer)
    __I$use$fp                               0x08028a0a   Number         0  usenofp.o(x$fpl$usenofp)
    w_GprsParBootLst                         0x08028a0a   Data         100  dowith.o(.constdata)
    CRC_H                                    0x08028a6e   Data         256  com1_232.o(.constdata)
    CRC_L                                    0x08028b6e   Data         256  com1_232.o(.constdata)
    Gprs_ParBootLst                          0x08028c6e   Data         288  com3_232.o(.constdata)
    CmdNo                                    0x08028d8e   Data          75  com3_232.o(.constdata)
    CmdLen                                   0x08028dd9   Data          75  com3_232.o(.constdata)
    CmdPst                                   0x08028e24   Data         150  com3_232.o(.constdata)
    GprsCmd2Byte                             0x08028eba   Data          28  com3_232.o(.constdata)
    GPRS_ZhuCe                               0x08028ed6   Data          22  com3_232.o(.constdata)
    GPRS_ServiceCode                         0x08028eec   Data          31  com3_232.o(.constdata)
    GPRS_SetParReturn                        0x08028f0b   Data          16  com3_232.o(.constdata)
    GPRS_ZhenTou                             0x08028f1b   Data          16  com3_232.o(.constdata)
    DtuProgVersion                           0x08028f2b   Data           7  com3_232.o(.constdata)
    DtuProgMakeDate                          0x08028f32   Data           8  com3_232.o(.constdata)
    DtuHardWare                              0x08028f3a   Data          14  com3_232.o(.constdata)
    DtuManufacture                           0x08028f48   Data           6  com3_232.o(.constdata)
    DtuModel                                 0x08028f4e   Data           6  com3_232.o(.constdata)
    SetOK                                    0x08028f54   Data           9  com3_232.o(.constdata)
    SetFail                                  0x08028f5d   Data          11  com3_232.o(.constdata)
    ParameterError                           0x08028f68   Data          18  com3_232.o(.constdata)
    CommandError                             0x08028f7a   Data          16  com3_232.o(.constdata)
    PasswordError                            0x08028f8a   Data          17  com3_232.o(.constdata)
    ReadOK                                   0x08028f9b   Data          10  com3_232.o(.constdata)
    Parameter                                0x08028fa5   Data          12  com3_232.o(.constdata)
    DtuRestartOK                             0x08028fb1   Data          12  com3_232.o(.constdata)
    DtuHardRestartOK                         0x08028fbd   Data          16  com3_232.o(.constdata)
    SmsControlStopOK                         0x08028fcd   Data          16  com3_232.o(.constdata)
    SmsControlRunOK                          0x08028fdd   Data          15  com3_232.o(.constdata)
    SmsWatchdogRestart                       0x08028fec   Data          20  com3_232.o(.constdata)
    BaudRateError                            0x08029000   Data          21  com3_232.o(.constdata)
    DataBitLengthError                       0x08029015   Data          26  com3_232.o(.constdata)
    StopBitLengthError                       0x0802902f   Data          26  com3_232.o(.constdata)
    ParityBitLengthError                     0x08029049   Data          28  com3_232.o(.constdata)
    FlowControlError                         0x08029065   Data          24  com3_232.o(.constdata)
    SerialPortItemLackError                  0x0802907d   Data          30  com3_232.o(.constdata)
    StringlengthError                        0x0802909b   Data          31  com3_232.o(.constdata)
    ZhuDongSendSMS                           0x080290ba   Data          21  com3_232.o(.constdata)
    crc16tab                                 0x080290d8   Data         512  xmodem.o(.constdata)
    SignalBwLog                              0x080292d8   Data          80  sx1276-lora.o(.constdata)
    RssiOffsetLF                             0x08029328   Data          80  sx1276-lora.o(.constdata)
    RssiOffsetHF                             0x08029378   Data          80  sx1276-lora.o(.constdata)
    HoppingFrequencies                       0x080293c8   Data         204  sx1276-lora.o(.constdata)
    __mathlib_zero                           0x08029560   Data           8  qnan.o(.constdata)
    Region$$Table$$Base                      0x08029604   Number         0  anon$$obj.o(Region$$Table)
    Region$$Table$$Limit                     0x08029624   Number         0  anon$$obj.o(Region$$Table)
    __ctype                                  0x08029631   Data           0  lc_ctype_c.o(locale$$data)
    SystemCoreClock                          0x20000000   Data           4  system_stm32f10x.o(.data)
    AHBPrescTable                            0x20000004   Data          16  system_stm32f10x.o(.data)
    DInb                                     0x20000028   Data           6  main.o(.data)
    DOutb                                    0x2000002e   Data           6  main.o(.data)
    Tmp1                                     0x20000034   Data           1  main.o(.data)
    Tmp2                                     0x20000035   Data           1  main.o(.data)
    Tmp3                                     0x20000036   Data           1  main.o(.data)
    Tmp4                                     0x20000037   Data           1  main.o(.data)
    Tmp5                                     0x20000038   Data           1  main.o(.data)
    Temp1                                    0x2000003a   Data           2  main.o(.data)
    Temp2                                    0x2000003c   Data           2  main.o(.data)
    Temp3                                    0x2000003e   Data           2  main.o(.data)
    Temp4                                    0x20000040   Data           2  main.o(.data)
    Value                                    0x20000042   Data           5  main.o(.data)
    sysTickMsValue                           0x20000048   Data           2  main.o(.data)
    B_ModPar                                 0x2000004a   Data           1  main.o(.data)
    Lw_Reg                                   0x2000004c   Data           2  main.o(.data)
    Lw_SaveSetValue                          0x2000004e   Data           2  main.o(.data)
    Lw_DCM200SCR_VERSION                     0x20000050   Data           2  main.o(.data)
    Lw_SaveEquipOperateStatus                0x20000052   Data           2  main.o(.data)
    Lw_SaveEquipAlarmStatus                  0x20000054   Data           2  main.o(.data)
    Lw_SaveDspStopStatus                     0x20000056   Data           2  main.o(.data)
    Lw_SaveDspFaultStatus                    0x20000058   Data           2  main.o(.data)
    Lw_SaveKglInStatus                       0x2000005a   Data           2  main.o(.data)
    Lw_SaveKglOutStatus                      0x2000005c   Data           2  main.o(.data)
    B_RunGprsModule                          0x2000005e   Data           1  main.o(.data)
    Com1_LedStatus                           0x2000005f   Data           1  main.o(.data)
    Com0_LedStatus                           0x20000060   Data           1  main.o(.data)
    F_ModeParLora                            0x20000061   Data           1  main.o(.data)
    ServerCodeSrc                            0x20000062   Data           8  main.o(.data)
    AccessPointNameSrc                       0x2000006a   Data           5  main.o(.data)
    S_XmodemConfigProcess                    0x2000006f   Data           1  main.o(.data)
    F_STOPTransmit                           0x20000070   Data           1  main.o(.data)
    ReceiveGPRSBufOneDateLen                 0x20000072   Data           2  main.o(.data)
    ReceiveGPRSBufTwoDateLen                 0x20000074   Data           2  main.o(.data)
    ReceiveGPRSBufThreeDateLen               0x20000076   Data           2  main.o(.data)
    ReceiveGPRSBufFourDateLen                0x20000078   Data           2  main.o(.data)
    F_GPRSSendFinish                         0x2000007a   Data           1  main.o(.data)
    F_UDP_OR_TCP                             0x2000007b   Data           1  main.o(.data)
    F_PowerOnRegister                        0x2000007c   Data           1  main.o(.data)
    F_AcklinkNum                             0x2000007d   Data           1  main.o(.data)
    F_NowNetworkSystem                       0x2000007e   Data           1  main.o(.data)
    CSQBuf                                   0x2000007f   Data           2  main.o(.data)
    local_port_Byte                          0x20000081   Data           2  main.o(.data)
    T_link1OnlineReportTimeMS                0x20000084   Data           2  main.o(.data)
    T_link2OnlineReportTimeMS                0x20000086   Data           2  main.o(.data)
    T_link3OnlineReportTimeMS                0x20000088   Data           2  main.o(.data)
    T_link4OnlineReportTimeMS                0x2000008a   Data           2  main.o(.data)
    usart3_rev_cnt                           0x2000008c   Data           1  main.o(.data)
    usart3_rev_flag                          0x2000008d   Data           1  main.o(.data)
    usart3_rev_finish                        0x2000008e   Data           1  main.o(.data)
    EXTI_InitStructure                       0x20000090   Data           8  main.o(.data)
    NVIC_InitStructure                       0x20000098   Data           4  main.o(.data)
    S_Display                                0x2000009c   Data           1  main.o(.data)
    __stdout                                 0x200000a0   Data           4  main.o(.data)
    T_BootParLst                             0x200000a4   Data           1  dowith.o(.data)
    C_BootParLst                             0x200000a6   Data           2  dowith.o(.data)
    S_BootParLst                             0x200000a8   Data           1  dowith.o(.data)
    T_SavePar                                0x200000a9   Data           1  dowith.o(.data)
    C_SavePar                                0x200000aa   Data           2  dowith.o(.data)
    S_SavePar                                0x200000ac   Data           1  dowith.o(.data)
    T_ForceSavPar                            0x200000ad   Data           1  dowith.o(.data)
    B_ForceSavPar                            0x200000ae   Data           1  dowith.o(.data)
    C_ForceSavPar                            0x200000b0   Data           2  dowith.o(.data)
    C_PowenOnDelay                           0x200000b2   Data           2  dowith.o(.data)
    C_LedLight                               0x200000b4   Data           2  dowith.o(.data)
    T_DataLampAllLight                       0x200000b6   Data           1  dowith.o(.data)
    C_DataLampAllLight                       0x200000b8   Data           2  dowith.o(.data)
    C_NetLedLightCSQ                         0x200000ba   Data           2  dowith.o(.data)
    T_Com2RcvReset                           0x200000bc   Data           1  dowith.o(.data)
    C_Com2RcvReset                           0x200000be   Data           2  dowith.o(.data)
    T_Com2NoRcv                              0x200000c0   Data           1  dowith.o(.data)
    C_Com2NoRcv                              0x200000c2   Data           2  dowith.o(.data)
    T_Com3NoRcv                              0x200000c4   Data           1  dowith.o(.data)
    C_Com3NoRcv                              0x200000c6   Data           2  dowith.o(.data)
    T_LCDBackLight                           0x200000c8   Data           1  dowith.o(.data)
    C_LCDBackLight                           0x200000ca   Data           2  dowith.o(.data)
    w32_SecCouter                            0x200000cc   Data           4  dowith.o(.data)
    aa                                       0x200000d0   Data           4  dowith.o(.data)
    UID                                      0x200000d4   Data           4  dowith.o(.data)
    LOCKCODE                                 0x200000d8   Data           4  dowith.o(.data)
    Fml_Constant                             0x200000dc   Data           4  dowith.o(.data)
    Result                                   0x200000e0   Data           4  dowith.o(.data)
    C                                        0x200000e4   Data           4  dowith.o(.data)
    Fml_CRC16                                0x200000e8   Data           2  dowith.o(.data)
    B_LockCodeOK                             0x200000ea   Data           1  dowith.o(.data)
    Cw_Rcv1                                  0x200000ec   Data           2  com1_232.o(.data)
    Cw_Txd1                                  0x200000ee   Data           2  com1_232.o(.data)
    Cw_BakRcv1                               0x200000f0   Data           2  com1_232.o(.data)
    Cw_Txd1Max                               0x200000f2   Data           2  com1_232.o(.data)
    Lw_Txd1ChkSum                            0x200000f4   Data           2  com1_232.o(.data)
    Lw_Com1RegAddr                           0x200000f6   Data           2  com1_232.o(.data)
    B_Com1Cmd03                              0x200000f8   Data           1  com1_232.o(.data)
    B_Com1Cmd16                              0x200000f9   Data           1  com1_232.o(.data)
    B_Com1Cmd01                              0x200000fa   Data           1  com1_232.o(.data)
    B_Com1Cmd06                              0x200000fb   Data           1  com1_232.o(.data)
    B_Com1Cmd73                              0x200000fc   Data           1  com1_232.o(.data)
    T_NoRcv1                                 0x200000fd   Data           1  com1_232.o(.data)
    C_NoRcv1                                 0x200000fe   Data           2  com1_232.o(.data)
    S_Com1SendNoNum                          0x20000100   Data           1  com1_232.o(.data)
    S_Com1Send                               0x20000101   Data           1  com1_232.o(.data)
    F_Com1Send                               0x20000102   Data           1  com1_232.o(.data)
    T_Com1Send                               0x20000103   Data           1  com1_232.o(.data)
    C_Com1Send                               0x20000104   Data           2  com1_232.o(.data)
    T_Com1SendDelay                          0x20000106   Data           1  com1_232.o(.data)
    C_Com1SendDelay                          0x20000108   Data           2  com1_232.o(.data)
    S_RdWrNo                                 0x2000010a   Data           1  com1_232.o(.data)
    B_ModYW310SZM220                         0x2000010b   Data           1  com1_232.o(.data)
    Cw_Rcv2                                  0x2000010c   Data           2  com2_232.o(.data)
    Cw_Txd2                                  0x2000010e   Data           2  com2_232.o(.data)
    Cw_BakRcv2                               0x20000110   Data           2  com2_232.o(.data)
    Cw_Txd2Max                               0x20000112   Data           2  com2_232.o(.data)
    Lw_Txd2ChkSum                            0x20000114   Data           2  com2_232.o(.data)
    Lw_Com2RegAddr                           0x20000116   Data           2  com2_232.o(.data)
    B_Com2Cmd03                              0x20000118   Data           1  com2_232.o(.data)
    B_Com2Cmd16                              0x20000119   Data           1  com2_232.o(.data)
    B_Com2Cmd01                              0x2000011a   Data           1  com2_232.o(.data)
    B_Com2Cmd06                              0x2000011b   Data           1  com2_232.o(.data)
    B_Com2Cmd73                              0x2000011c   Data           1  com2_232.o(.data)
    T_NoRcv2                                 0x2000011d   Data           1  com2_232.o(.data)
    C_NoRcv2                                 0x2000011e   Data           2  com2_232.o(.data)
    F_ModDspPar                              0x20000120   Data           1  com2_232.o(.data)
    B_PcSetGprs                              0x20000121   Data           1  com2_232.o(.data)
    Cw_Txd3TmpMax                            0x20000124   Data           2  com3_232.o(.data)
    Cw_Rcv3                                  0x20000126   Data           2  com3_232.o(.data)
    Cw_Txd3                                  0x20000128   Data           2  com3_232.o(.data)
    Cw_BakRcv3                               0x2000012a   Data           2  com3_232.o(.data)
    Cw_Txd3Max                               0x2000012c   Data           2  com3_232.o(.data)
    Lw_Txd3ChkSum                            0x2000012e   Data           2  com3_232.o(.data)
    Lw_Com3RegAddr                           0x20000130   Data           2  com3_232.o(.data)
    B_Com3Cmd03                              0x20000132   Data           1  com3_232.o(.data)
    B_Com3Cmd16                              0x20000133   Data           1  com3_232.o(.data)
    B_Com3Cmd01                              0x20000134   Data           1  com3_232.o(.data)
    B_Com3Cmd06                              0x20000135   Data           1  com3_232.o(.data)
    B_Com3Cmd73                              0x20000136   Data           1  com3_232.o(.data)
    T_NoRcv3                                 0x20000137   Data           1  com3_232.o(.data)
    C_NoRcv3                                 0x20000138   Data           2  com3_232.o(.data)
    C_M35Step                                0x2000013a   Data           2  com3_232.o(.data)
    S_M35PowerOnOff                          0x2000013c   Data           1  com3_232.o(.data)
    S_M35                                    0x2000013d   Data           1  com3_232.o(.data)
    AT_ComOk_Flag                            0x2000013e   Data           1  com3_232.o(.data)
    AT_CIPSEND_Flag                          0x2000013f   Data           1  com3_232.o(.data)
    Net_Error_Flag                           0x20000140   Data           1  com3_232.o(.data)
    AT_3EOk_Flag                             0x20000141   Data           1  com3_232.o(.data)
    AT_CallReadyOk_Flag                      0x20000142   Data           1  com3_232.o(.data)
    C_M35PowerOnOff                          0x20000144   Data           2  com3_232.o(.data)
    C_M35SendSum                             0x20000146   Data           2  com3_232.o(.data)
    ChannelNo                                0x20000148   Data           1  com3_232.o(.data)
    B_Com3Cmd8B                              0x20000149   Data           1  com3_232.o(.data)
    B_Com3Cmd8D                              0x2000014a   Data           1  com3_232.o(.data)
    B_Com3Cmd89                              0x2000014b   Data           1  com3_232.o(.data)
    B_OtherCmd                               0x2000014c   Data           1  com3_232.o(.data)
    B_DoWithData                             0x2000014d   Data           1  com3_232.o(.data)
    S_DtuInquireSend                         0x2000014e   Data           1  com3_232.o(.data)
    S_DtuSetSend                             0x2000014f   Data           1  com3_232.o(.data)
    S_GprsDataSend                           0x20000150   Data           1  com3_232.o(.data)
    w_StringLength                           0x20000152   Data           2  com3_232.o(.data)
    AccessPointLength                        0x20000154   Data           1  com3_232.o(.data)
    DtuNoLength                              0x20000155   Data           1  com3_232.o(.data)
    DomainName0Length                        0x20000156   Data           1  com3_232.o(.data)
    DomainName1Length                        0x20000157   Data           1  com3_232.o(.data)
    DomainName2Length                        0x20000158   Data           1  com3_232.o(.data)
    DomainName3Length                        0x20000159   Data           1  com3_232.o(.data)
    w_Txd3Number                             0x2000015a   Data           2  com3_232.o(.data)
    C_HeartDelay                             0x2000015c   Data           8  com3_232.o(.data)
    B_HeartSendAsk                           0x20000164   Data           4  com3_232.o(.data)
    B_HeartSendFault                         0x20000168   Data           4  com3_232.o(.data)
    S_HeartSendNow                           0x2000016c   Data           4  com3_232.o(.data)
    C_HeartSendNow                           0x20000170   Data           8  com3_232.o(.data)
    S_HeartSend                              0x20000178   Data           1  com3_232.o(.data)
    C_LinkDelay                              0x2000017a   Data           8  com3_232.o(.data)
    B_LinkAsk                                0x20000182   Data           4  com3_232.o(.data)
    B_LinkAsk_DomainName                     0x20000186   Data           4  com3_232.o(.data)
    B_LinkFault                              0x2000018a   Data           4  com3_232.o(.data)
    S_LinkNow                                0x2000018e   Data           4  com3_232.o(.data)
    S_LinkNow_DoName                         0x20000192   Data           4  com3_232.o(.data)
    C_LinkNow                                0x20000196   Data           8  com3_232.o(.data)
    C_LinkNow_DoName                         0x2000019e   Data           8  com3_232.o(.data)
    S_SendLink                               0x200001a6   Data           1  com3_232.o(.data)
    S_SendLink_DoName                        0x200001a7   Data           1  com3_232.o(.data)
    B_FirstLink                              0x200001a8   Data           4  com3_232.o(.data)
    B_FirstLink_DomainName                   0x200001ac   Data           4  com3_232.o(.data)
    SendHeartNo                              0x200001b0   Data           1  com3_232.o(.data)
    ConnectNum                               0x200001b1   Data           1  com3_232.o(.data)
    ConnectNum_DomainName                    0x200001b2   Data           1  com3_232.o(.data)
    CGD0_LinkConnectOK                       0x200001b3   Data           6  com3_232.o(.data)
    F_IPOK                                   0x200001b9   Data           6  com3_232.o(.data)
    CGD1_LinkConnectOK                       0x200001bf   Data           6  com3_232.o(.data)
    ZhuCeOkFLAG                              0x200001c5   Data           6  com3_232.o(.data)
    CGD0_ConnectNo                           0x200001cb   Data           1  com3_232.o(.data)
    DomainName_No                            0x200001cc   Data           1  com3_232.o(.data)
    CGD1_ConnectNo                           0x200001cd   Data           1  com3_232.o(.data)
    SendDataReturnNo                         0x200001ce   Data           1  com3_232.o(.data)
    C_DtuInquireSend                         0x200001d0   Data           2  com3_232.o(.data)
    C_DtuSetSend                             0x200001d2   Data           2  com3_232.o(.data)
    C_GprsDataSend                           0x200001d4   Data           2  com3_232.o(.data)
    w_NewSmsNo                               0x200001d6   Data           2  com3_232.o(.data)
    w_SmsMaxSum                              0x200001d8   Data           2  com3_232.o(.data)
    w_SmsNowSum                              0x200001da   Data           2  com3_232.o(.data)
    CommandNo                                0x200001dc   Data           1  com3_232.o(.data)
    SendSmsLength                            0x200001dd   Data           1  com3_232.o(.data)
    S_SendSms                                0x200001de   Data           1  com3_232.o(.data)
    C_SendSms                                0x200001e0   Data           2  com3_232.o(.data)
    S_ReadNewSms                             0x200001e2   Data           1  com3_232.o(.data)
    C_ReadNewSms                             0x200001e4   Data           2  com3_232.o(.data)
    S_SmsFull                                0x200001e6   Data           1  com3_232.o(.data)
    C_SmsFull                                0x200001e8   Data           2  com3_232.o(.data)
    SmsFull                                  0x200001ea   Data           1  com3_232.o(.data)
    B_SmsSetup                               0x200001eb   Data           1  com3_232.o(.data)
    B_GprsDataReturn                         0x200001ec   Data           1  com3_232.o(.data)
    B_SmsDtuRestart                          0x200001ed   Data           1  com3_232.o(.data)
    B_SmsOrFaultHardRestart                  0x200001ee   Data           1  com3_232.o(.data)
    B_SmsWatchdogRestart                     0x200001ef   Data           1  com3_232.o(.data)
    B_SmsRunStop                             0x200001f0   Data           1  com3_232.o(.data)
    SmsControlStopValue                      0x200001f1   Data           1  com3_232.o(.data)
    C_DelayRunGprsModule                     0x200001f2   Data           2  com3_232.o(.data)
    B_CloseLink                              0x200001f4   Data           4  com3_232.o(.data)
    ptr                                      0x200001f8   Data           4  com3_232.o(.data)
    ptr1                                     0x200001fc   Data           4  com3_232.o(.data)
    ptr2                                     0x20000200   Data           4  com3_232.o(.data)
    ptr3                                     0x20000204   Data           4  com3_232.o(.data)
    B_ATComStatus                            0x20000208   Data           1  com3_232.o(.data)
    B_ConnectFail                            0x20000209   Data           4  com3_232.o(.data)
    B_NextS35Cmd                             0x2000020d   Data           1  com3_232.o(.data)
    B_ZhuCeOkNum                             0x2000020e   Data           1  com3_232.o(.data)
    B_RcvFail                                0x2000020f   Data           4  com3_232.o(.data)
    C_SmsRunStop                             0x20000214   Data           2  com3_232.o(.data)
    BKCom1TxBuf                              0x20000216   Data           8  com3_232.o(.data)
    B_SendSmsRunStopCmdCount                 0x2000021e   Data           1  com3_232.o(.data)
    B_ZhuDongSendSms                         0x2000021f   Data           1  com3_232.o(.data)
    C_BetweenDtuInquireSend                  0x20000220   Data           2  com3_232.o(.data)
    C_BetweenDtuSetSend                      0x20000222   Data           2  com3_232.o(.data)
    C_BetweenSendDataReturn                  0x20000224   Data           2  com3_232.o(.data)
    C_BetweenHeartSendNow                    0x20000226   Data           2  com3_232.o(.data)
    C_BetweenSendSms                         0x20000228   Data           2  com3_232.o(.data)
    B_WaitCallReady                          0x2000022a   Data           1  com3_232.o(.data)
    B_RestartNo                              0x2000022b   Data           1  com3_232.o(.data)
    T_WatchdogRestartDelay                   0x2000022c   Data           1  com3_232.o(.data)
    C_WatchdogRestartDelay                   0x2000022e   Data           2  com3_232.o(.data)
    p_Txd1Buffer                             0x20000230   Data           4  com3_232.o(.data)
    Cw_Rcv4                                  0x20000234   Data           2  com4_232.o(.data)
    Cw_Txd4                                  0x20000236   Data           2  com4_232.o(.data)
    Cw_BakRcv4                               0x20000238   Data           2  com4_232.o(.data)
    Cw_Txd4Max                               0x2000023a   Data           2  com4_232.o(.data)
    Lw_Txd4ChkSum                            0x2000023c   Data           2  com4_232.o(.data)
    Lw_Com4RegAddr                           0x2000023e   Data           2  com4_232.o(.data)
    B_Com4Cmd03                              0x20000240   Data           1  com4_232.o(.data)
    B_Com4Cmd16                              0x20000241   Data           1  com4_232.o(.data)
    B_Com4Cmd01                              0x20000242   Data           1  com4_232.o(.data)
    B_Com4Cmd06                              0x20000243   Data           1  com4_232.o(.data)
    B_Com4Cmd73                              0x20000244   Data           1  com4_232.o(.data)
    T_NoRcv4                                 0x20000245   Data           1  com4_232.o(.data)
    C_NoRcv4                                 0x20000246   Data           2  com4_232.o(.data)
    B_SaveLatLon                             0x20000248   Data           1  com4_232.o(.data)
    Gps_ptr                                  0x2000024c   Data           4  com4_232.o(.data)
    Gps_Gps_ptr2                             0x20000250   Data           4  com4_232.o(.data)
    Gps_Gps_ptr3                             0x20000254   Data           4  com4_232.o(.data)
    Radio                                    0x20000258   Data           4  com_lora.o(.data)
    B_LoRaSendMaster                         0x2000025e   Data           1  com_lora.o(.data)
    T_LoRaSendTest                           0x2000025f   Data           1  com_lora.o(.data)
    C_LoRaSendTest                           0x20000260   Data           2  com_lora.o(.data)
    T_LoRaRcv                                0x20000262   Data           1  com_lora.o(.data)
    C_LoRaRcv                                0x20000264   Data           2  com_lora.o(.data)
    B_LoRaRcv                                0x20000266   Data           1  com_lora.o(.data)
    Cw_LoRaRx                                0x20000268   Data           2  com_lora.o(.data)
    Cw_LoRaTx                                0x2000026a   Data           2  com_lora.o(.data)
    Cw_BakLoRaRx                             0x2000026c   Data           2  com_lora.o(.data)
    Cw_LoRaTxMax                             0x2000026e   Data           2  com_lora.o(.data)
    Lw_LoRaChkSum                            0x20000270   Data           2  com_lora.o(.data)
    B_LoRaCmd03                              0x20000272   Data           1  com_lora.o(.data)
    B_LoRaCmd16                              0x20000273   Data           1  com_lora.o(.data)
    B_LoRaCmd01                              0x20000274   Data           1  com_lora.o(.data)
    B_LoRaCmd06                              0x20000275   Data           1  com_lora.o(.data)
    B_LoRaCmd73                              0x20000276   Data           1  com_lora.o(.data)
    S_LoRaSendNoMaster                       0x20000277   Data           1  com_lora.o(.data)
    T_LoRaCountNormalNext                    0x20000278   Data           1  com_lora.o(.data)
    C_LoRaCountNormalNext                    0x2000027a   Data           2  com_lora.o(.data)
    T_LoRaDelaySend                          0x2000027c   Data           1  com_lora.o(.data)
    C_LoRaDelaySend                          0x2000027e   Data           2  com_lora.o(.data)
    T_LoRaCount1OvertimeNext                 0x20000280   Data           1  com_lora.o(.data)
    C_LoRaCount1OvertimeNext                 0x20000282   Data           2  com_lora.o(.data)
    T_LoRaCount1Err                          0x20000284   Data           1  com_lora.o(.data)
    C_LoRaCount1Err                          0x20000286   Data           2  com_lora.o(.data)
    T_LoRaCount2Err                          0x20000288   Data           1  com_lora.o(.data)
    C_LoRaCount2Err                          0x2000028a   Data           2  com_lora.o(.data)
    T_LoRaCount3Err                          0x2000028c   Data           1  com_lora.o(.data)
    C_LoRaCount3Err                          0x2000028e   Data           2  com_lora.o(.data)
    T_LoRaCount4Err                          0x20000290   Data           1  com_lora.o(.data)
    C_LoRaCount4Err                          0x20000292   Data           2  com_lora.o(.data)
    T_LoRaCount5Err                          0x20000294   Data           1  com_lora.o(.data)
    C_LoRaCount5Err                          0x20000296   Data           2  com_lora.o(.data)
    T_LoRaCount6Err                          0x20000298   Data           1  com_lora.o(.data)
    C_LoRaCount6Err                          0x2000029a   Data           2  com_lora.o(.data)
    T_LoRaCount7Err                          0x2000029c   Data           1  com_lora.o(.data)
    C_LoRaCount7Err                          0x2000029e   Data           2  com_lora.o(.data)
    T_LoRaCount8Err                          0x200002a0   Data           1  com_lora.o(.data)
    C_LoRaCount8Err                          0x200002a2   Data           2  com_lora.o(.data)
    T_LoRaCount9Err                          0x200002a4   Data           1  com_lora.o(.data)
    C_LoRaCount9Err                          0x200002a6   Data           2  com_lora.o(.data)
    B_LoRaErrWithModule9                     0x200002a8   Data           1  com_lora.o(.data)
    B_LoRaErrWithModule1                     0x200002a9   Data           1  com_lora.o(.data)
    B_LoRaErrWithModule2                     0x200002aa   Data           1  com_lora.o(.data)
    B_LoRaErrWithModule3                     0x200002ab   Data           1  com_lora.o(.data)
    B_LoRaErrWithModule4                     0x200002ac   Data           1  com_lora.o(.data)
    B_LoRaErrWithModule5                     0x200002ad   Data           1  com_lora.o(.data)
    B_LoRaErrWithModule6                     0x200002ae   Data           1  com_lora.o(.data)
    B_LoRaErrWithModule7                     0x200002af   Data           1  com_lora.o(.data)
    B_LoRaErrWithModule8                     0x200002b0   Data           1  com_lora.o(.data)
    B_LoRaRCVCommandOk                       0x200002b1   Data           1  com_lora.o(.data)
    T_LoRaNoRcvMasterCMD                     0x200002b2   Data           1  com_lora.o(.data)
    C_LoRaNoRcvMasterCMD                     0x200002b4   Data           2  com_lora.o(.data)
    B_LoRaNoRcvMasterCMD                     0x200002b6   Data           1  com_lora.o(.data)
    T_LoRaSendOverTime                       0x200002b7   Data           1  com_lora.o(.data)
    C_LoRaSendOverTime                       0x200002b8   Data           2  com_lora.o(.data)
    B_LoraSendWrite                          0x200002ba   Data           1  com_lora.o(.data)
    B_LoraSendWriteLength                    0x200002bb   Data           1  com_lora.o(.data)
    T_LoRaLeiDa                              0x200002bc   Data           1  com_lora.o(.data)
    C_LoRaLeiDa                              0x200002be   Data           2  com_lora.o(.data)
    Key_Pressed                              0x200002c0   Data           1  key_menu.o(.data)
    Key_Data                                 0x200002c1   Data           1  key_menu.o(.data)
    Sa_OldKeyData                            0x200002c2   Data           1  key_menu.o(.data)
    Lw_PageNo                                0x200002c4   Data           2  key_menu.o(.data)
    Lw_SavePageNo                            0x200002c6   Data           2  key_menu.o(.data)
    F_KeyExec                                0x200002c8   Data           1  key_menu.o(.data)
    S_ModParStatus                           0x200002c9   Data           1  key_menu.o(.data)
    ModParNo                                 0x200002ca   Data           1  key_menu.o(.data)
    F_ModPar1                                0x200002cb   Data           1  key_menu.o(.data)
    F_ModPar2                                0x200002cc   Data           1  key_menu.o(.data)
    F_ModPar3                                0x200002cd   Data           1  key_menu.o(.data)
    F_ModPar4                                0x200002ce   Data           1  key_menu.o(.data)
    F_ModPar5                                0x200002cf   Data           1  key_menu.o(.data)
    F_ModPar6                                0x200002d0   Data           1  key_menu.o(.data)
    Sa_ModParKeyData                         0x200002d1   Data           1  key_menu.o(.data)
    ModParBitPos                             0x200002d2   Data           1  key_menu.o(.data)
    T_LcdDisplay                             0x200002d3   Data           1  key_menu.o(.data)
    C_LcdDisplay                             0x200002d4   Data           2  key_menu.o(.data)
    T_KeyPressOverTime                       0x200002d6   Data           1  key_menu.o(.data)
    C_KeyPressOverTime                       0x200002d8   Data           2  key_menu.o(.data)
    B_RightKeyCount                          0x200002da   Data           1  key_menu.o(.data)
    B_LeftKeyCount                           0x200002db   Data           1  key_menu.o(.data)
    B_PressedStopRunKey                      0x200002dc   Data           1  key_menu.o(.data)
    T_TimeUpdatePage                         0x200002dd   Data           1  key_menu.o(.data)
    C_TimeUpdatePage                         0x200002de   Data           2  key_menu.o(.data)
    B_TimeReadBPDJPar                        0x200002e0   Data           1  key_menu.o(.data)
    T_TimeReadBPDJPar                        0x200002e1   Data           1  key_menu.o(.data)
    C_TimeReadBPDJPar                        0x200002e2   Data           2  key_menu.o(.data)
    Lw_KEYStableCounter                      0x200002e4   Data           2  key_menu.o(.data)
    Lw_TmpModParValue                        0x200002e6   Data           2  key_menu.o(.data)
    Lw_OldModParValue                        0x200002e8   Data           2  key_menu.o(.data)
    S_OldModParStatus                        0x200002ea   Data           1  key_menu.o(.data)
    S_DisplayPar                             0x200002eb   Data           1  key_menu.o(.data)
    sysTickValue                             0x200002ec   Data           4  lcd.o(.data)
    Remainder                                0x200002f0   Data           1  lcd.o(.data)
    Quotient                                 0x200002f1   Data           1  lcd.o(.data)
    B_DispZero                               0x200002f2   Data           1  lcd.o(.data)
    LastError                                0x200002f4   Data           2  xmodem.o(.data)
    C_ReceiveChar                            0x200002f6   Data           2  xmodem.o(.data)
    Lw_GprsReceiveCount                      0x200002f8   Data           2  xmodem.o(.data)
    Lw_GprsTmp                               0x200002fa   Data           2  xmodem.o(.data)
    tmp                                      0x200002fc   Data           1  xmodem.o(.data)
    B_Xmodem                                 0x200002fd   Data           1  xmodem.o(.data)
    FskSettings                              0x20000300   Data          28  sx1276-fsk.o(.data)
    SX1276                                   0x2000031c   Data           4  sx1276-fsk.o(.data)
    LoRaSettings                             0x20000360   Data          28  sx1276-lora.o(.data)
    SX1276LR                                 0x2000037c   Data           4  sx1276-lora.o(.data)
    TickCounter                              0x200003a0   Data           4  sx12xxeiger.o(.data)
    SoftClock                                0x200003a4   Data           9  main.o(.bss)
    w_AI                                     0x200003ae   Data          16  main.o(.bss)
    Pw_ParLst                                0x200003be   Data        1000  main.o(.bss)
    w_ParLst                                 0x200007a6   Data        1000  main.o(.bss)
    Pw_dspParLst                             0x20000b8e   Data         200  main.o(.bss)
    w_dspParLst                              0x20000c56   Data         300  main.o(.bss)
    w_GprsParLst                             0x20000d82   Data         360  main.o(.bss)
    GprsPar                                  0x20000eea   Data         288  main.o(.bss)
    w_DNBParLst                              0x2000100a   Data        2000  main.o(.bss)
    APN_Name                                 0x200017da   Data          31  main.o(.bss)
    Pw_ParLst_GPRS                           0x200017fa   Data         512  main.o(.bss)
    ReceiveGPRSBuf                           0x200019fa   Data        1536  main.o(.bss)
    DTUIDBuf                                 0x20001ffa   Data          11  main.o(.bss)
    TIM_TimeBaseStructure                    0x20002006   Data          10  main.o(.bss)
    TIM_OCInitStructure                      0x20002010   Data          16  main.o(.bss)
    D                                        0x20002020   Data          12  dowith.o(.bss)
    Txd1Buffer                               0x2000202c   Data        1536  com1_232.o(.bss)
    Rcv1Buffer                               0x2000262c   Data         200  com1_232.o(.bss)
    Txd2Buffer                               0x200026f4   Data        1536  com2_232.o(.bss)
    Rcv2Buffer                               0x20002cf4   Data        2048  com2_232.o(.bss)
    Txd2Buffer_TEMP                          0x200034f4   Data        1536  com2_232.o(.bss)
    Txd3Buffer                               0x20003af4   Data         512  com3_232.o(.bss)
    Rcv3Buffer                               0x20003cf4   Data        1536  com3_232.o(.bss)
    Rcv3_Back_Buffer                         0x200042f4   Data        1536  com3_232.o(.bss)
    Txd3TmpBuffer                            0x200048f4   Data         512  com3_232.o(.bss)
    ComeSmsPhone                             0x20004af4   Data          11  com3_232.o(.bss)
    StringBuffer                             0x20004aff   Data          12  com3_232.o(.bss)
    SendSmsBuf                               0x20004b0b   Data         150  com3_232.o(.bss)
    Csq                                      0x20004ba1   Data          10  com3_232.o(.bss)
    p1_TmpBuf                                0x20004bab   Data         100  com3_232.o(.bss)
    p_TmpBuf                                 0x20004c0f   Data         512  com3_232.o(.bss)
    domain_name                              0x20004e0f   Data          31  com3_232.o(.bss)
    Txd4Buffer                               0x20004e2e   Data         200  com4_232.o(.bss)
    Rcv4Buffer                               0x20004ef6   Data         200  com4_232.o(.bss)
    GPS_StringBuffer                         0x20004fbe   Data          12  com4_232.o(.bss)
    LoRaTxBuf                                0x20004fca   Data         100  com_lora.o(.bss)
    LoRaRxBuf                                0x2000502e   Data         100  com_lora.o(.bss)
    LoRaTxBuf2                               0x20005092   Data         100  com_lora.o(.bss)
    LoRaRxBuf2                               0x200050f6   Data         100  com_lora.o(.bss)
    RadioDriver                              0x2000515c   Data          24  radio.o(.bss)
    SX1276Regs                               0x20005174   Data         112  sx1276.o(.bss)
    __libspace_start                         0x200053e4   Data          96  libspace.o(.bss)
    __temporary_stack_top$libspace           0x20005444   Data           0  libspace.o(.bss)



==============================================================================

Memory Map of the image

  Image Entry point : 0x08000131

  Load Region LR_IROM1 (Base: 0x08000000, Size: 0x00029af4, Max: 0x00040000, ABSOLUTE, COMPRESSED[0x000297b4])

    Execution Region ER_IROM1 (Exec base: 0x08000000, Load base: 0x08000000, Size: 0x00029750, Max: 0x00040000, ABSOLUTE)

    Exec Addr    Load Addr    Size         Type   Attr      Idx    E Section Name        Object

    0x08000000   0x08000000   0x00000130   Data   RO          366    RESET               startup_stm32f10x_hd.o
    0x08000130   0x08000130   0x00000008   Code   RO         1329  * !!!main             c_w.l(__main.o)
    0x08000138   0x08000138   0x00000034   Code   RO         1750    !!!scatter          c_w.l(__scatter.o)
    0x0800016c   0x0800016c   0x0000005a   Code   RO         1748    !!dczerorl2         c_w.l(__dczerorl2.o)
    0x080001c6   0x080001c6   0x00000002   PAD
    0x080001c8   0x080001c8   0x0000001c   Code   RO         1752    !!handler_zi        c_w.l(__scatter_zi.o)
    0x080001e4   0x080001e4   0x00000000   Code   RO         1314    .ARM.Collect$$_printf_percent$$00000000  c_w.l(_printf_percent.o)
    0x080001e4   0x080001e4   0x00000006   Code   RO         1460    .ARM.Collect$$_printf_percent$$00000001  c_w.l(_printf_n.o)
    0x080001ea   0x080001ea   0x00000006   Code   RO         1462    .ARM.Collect$$_printf_percent$$00000002  c_w.l(_printf_p.o)
    0x080001f0   0x080001f0   0x00000006   Code   RO         1466    .ARM.Collect$$_printf_percent$$00000003  c_w.l(_printf_f.o)
    0x080001f6   0x080001f6   0x00000006   Code   RO         1467    .ARM.Collect$$_printf_percent$$00000004  c_w.l(_printf_e.o)
    0x080001fc   0x080001fc   0x00000006   Code   RO         1468    .ARM.Collect$$_printf_percent$$00000005  c_w.l(_printf_g.o)
    0x08000202   0x08000202   0x00000006   Code   RO         1469    .ARM.Collect$$_printf_percent$$00000006  c_w.l(_printf_a.o)
    0x08000208   0x08000208   0x0000000a   Code   RO         1474    .ARM.Collect$$_printf_percent$$00000007  c_w.l(_printf_ll.o)
    0x08000212   0x08000212   0x00000006   Code   RO         1464    .ARM.Collect$$_printf_percent$$00000008  c_w.l(_printf_i.o)
    0x08000218   0x08000218   0x00000006   Code   RO         1313    .ARM.Collect$$_printf_percent$$00000009  c_w.l(_printf_d.o)
    0x0800021e   0x0800021e   0x00000006   Code   RO         1465    .ARM.Collect$$_printf_percent$$0000000A  c_w.l(_printf_u.o)
    0x08000224   0x08000224   0x00000006   Code   RO         1463    .ARM.Collect$$_printf_percent$$0000000B  c_w.l(_printf_o.o)
    0x0800022a   0x0800022a   0x00000006   Code   RO         1461    .ARM.Collect$$_printf_percent$$0000000C  c_w.l(_printf_x.o)
    0x08000230   0x08000230   0x00000006   Code   RO         1471    .ARM.Collect$$_printf_percent$$0000000D  c_w.l(_printf_lli.o)
    0x08000236   0x08000236   0x00000006   Code   RO         1472    .ARM.Collect$$_printf_percent$$0000000E  c_w.l(_printf_lld.o)
    0x0800023c   0x0800023c   0x00000006   Code   RO         1473    .ARM.Collect$$_printf_percent$$0000000F  c_w.l(_printf_llu.o)
    0x08000242   0x08000242   0x00000006   Code   RO         1478    .ARM.Collect$$_printf_percent$$00000010  c_w.l(_printf_llo.o)
    0x08000248   0x08000248   0x00000006   Code   RO         1479    .ARM.Collect$$_printf_percent$$00000011  c_w.l(_printf_llx.o)
    0x0800024e   0x0800024e   0x0000000a   Code   RO         1475    .ARM.Collect$$_printf_percent$$00000012  c_w.l(_printf_l.o)
    0x08000258   0x08000258   0x00000006   Code   RO         1459    .ARM.Collect$$_printf_percent$$00000013  c_w.l(_printf_c.o)
    0x0800025e   0x0800025e   0x00000006   Code   RO         1312    .ARM.Collect$$_printf_percent$$00000014  c_w.l(_printf_s.o)
    0x08000264   0x08000264   0x00000006   Code   RO         1476    .ARM.Collect$$_printf_percent$$00000015  c_w.l(_printf_lc.o)
    0x0800026a   0x0800026a   0x00000006   Code   RO         1477    .ARM.Collect$$_printf_percent$$00000016  c_w.l(_printf_ls.o)
    0x08000270   0x08000270   0x00000004   Code   RO         1470    .ARM.Collect$$_printf_percent$$00000017  c_w.l(_printf_percent_end.o)
    0x08000274   0x08000274   0x00000002   Code   RO         1617    .ARM.Collect$$libinit$$00000000  c_w.l(libinit.o)
    0x08000276   0x08000276   0x00000000   Code   RO         1627    .ARM.Collect$$libinit$$00000002  c_w.l(libinit2.o)
    0x08000276   0x08000276   0x00000000   Code   RO         1629    .ARM.Collect$$libinit$$00000004  c_w.l(libinit2.o)
    0x08000276   0x08000276   0x00000000   Code   RO         1632    .ARM.Collect$$libinit$$0000000A  c_w.l(libinit2.o)
    0x08000276   0x08000276   0x00000000   Code   RO         1634    .ARM.Collect$$libinit$$0000000C  c_w.l(libinit2.o)
    0x08000276   0x08000276   0x00000000   Code   RO         1636    .ARM.Collect$$libinit$$0000000E  c_w.l(libinit2.o)
    0x08000276   0x08000276   0x00000006   Code   RO         1637    .ARM.Collect$$libinit$$0000000F  c_w.l(libinit2.o)
    0x0800027c   0x0800027c   0x00000000   Code   RO         1639    .ARM.Collect$$libinit$$00000011  c_w.l(libinit2.o)
    0x0800027c   0x0800027c   0x0000000c   Code   RO         1640    .ARM.Collect$$libinit$$00000012  c_w.l(libinit2.o)
    0x08000288   0x08000288   0x00000000   Code   RO         1641    .ARM.Collect$$libinit$$00000013  c_w.l(libinit2.o)
    0x08000288   0x08000288   0x00000000   Code   RO         1643    .ARM.Collect$$libinit$$00000015  c_w.l(libinit2.o)
    0x08000288   0x08000288   0x0000000a   Code   RO         1644    .ARM.Collect$$libinit$$00000016  c_w.l(libinit2.o)
    0x08000292   0x08000292   0x00000000   Code   RO         1645    .ARM.Collect$$libinit$$00000017  c_w.l(libinit2.o)
    0x08000292   0x08000292   0x00000000   Code   RO         1647    .ARM.Collect$$libinit$$00000019  c_w.l(libinit2.o)
    0x08000292   0x08000292   0x00000000   Code   RO         1649    .ARM.Collect$$libinit$$0000001B  c_w.l(libinit2.o)
    0x08000292   0x08000292   0x00000000   Code   RO         1651    .ARM.Collect$$libinit$$0000001D  c_w.l(libinit2.o)
    0x08000292   0x08000292   0x00000000   Code   RO         1653    .ARM.Collect$$libinit$$0000001F  c_w.l(libinit2.o)
    0x08000292   0x08000292   0x00000000   Code   RO         1655    .ARM.Collect$$libinit$$00000021  c_w.l(libinit2.o)
    0x08000292   0x08000292   0x00000000   Code   RO         1657    .ARM.Collect$$libinit$$00000023  c_w.l(libinit2.o)
    0x08000292   0x08000292   0x00000000   Code   RO         1659    .ARM.Collect$$libinit$$00000025  c_w.l(libinit2.o)
    0x08000292   0x08000292   0x00000000   Code   RO         1663    .ARM.Collect$$libinit$$0000002C  c_w.l(libinit2.o)
    0x08000292   0x08000292   0x00000000   Code   RO         1665    .ARM.Collect$$libinit$$0000002E  c_w.l(libinit2.o)
    0x08000292   0x08000292   0x00000000   Code   RO         1667    .ARM.Collect$$libinit$$00000030  c_w.l(libinit2.o)
    0x08000292   0x08000292   0x00000000   Code   RO         1669    .ARM.Collect$$libinit$$00000032  c_w.l(libinit2.o)
    0x08000292   0x08000292   0x00000002   Code   RO         1670    .ARM.Collect$$libinit$$00000033  c_w.l(libinit2.o)
    0x08000294   0x08000294   0x00000002   Code   RO         1690    .ARM.Collect$$libshutdown$$00000000  c_w.l(libshutdown.o)
    0x08000296   0x08000296   0x00000000   Code   RO         1700    .ARM.Collect$$libshutdown$$00000002  c_w.l(libshutdown2.o)
    0x08000296   0x08000296   0x00000000   Code   RO         1702    .ARM.Collect$$libshutdown$$00000004  c_w.l(libshutdown2.o)
    0x08000296   0x08000296   0x00000000   Code   RO         1705    .ARM.Collect$$libshutdown$$00000007  c_w.l(libshutdown2.o)
    0x08000296   0x08000296   0x00000000   Code   RO         1708    .ARM.Collect$$libshutdown$$0000000A  c_w.l(libshutdown2.o)
    0x08000296   0x08000296   0x00000000   Code   RO         1710    .ARM.Collect$$libshutdown$$0000000C  c_w.l(libshutdown2.o)
    0x08000296   0x08000296   0x00000000   Code   RO         1713    .ARM.Collect$$libshutdown$$0000000F  c_w.l(libshutdown2.o)
    0x08000296   0x08000296   0x00000002   Code   RO         1714    .ARM.Collect$$libshutdown$$00000010  c_w.l(libshutdown2.o)
    0x08000298   0x08000298   0x00000000   Code   RO         1403    .ARM.Collect$$rtentry$$00000000  c_w.l(__rtentry.o)
    0x08000298   0x08000298   0x00000000   Code   RO         1532    .ARM.Collect$$rtentry$$00000002  c_w.l(__rtentry2.o)
    0x08000298   0x08000298   0x00000006   Code   RO         1544    .ARM.Collect$$rtentry$$00000004  c_w.l(__rtentry4.o)
    0x0800029e   0x0800029e   0x00000000   Code   RO         1534    .ARM.Collect$$rtentry$$00000009  c_w.l(__rtentry2.o)
    0x0800029e   0x0800029e   0x00000004   Code   RO         1535    .ARM.Collect$$rtentry$$0000000A  c_w.l(__rtentry2.o)
    0x080002a2   0x080002a2   0x00000000   Code   RO         1537    .ARM.Collect$$rtentry$$0000000C  c_w.l(__rtentry2.o)
    0x080002a2   0x080002a2   0x00000008   Code   RO         1538    .ARM.Collect$$rtentry$$0000000D  c_w.l(__rtentry2.o)
    0x080002aa   0x080002aa   0x00000002   Code   RO         1622    .ARM.Collect$$rtexit$$00000000  c_w.l(rtexit.o)
    0x080002ac   0x080002ac   0x00000000   Code   RO         1674    .ARM.Collect$$rtexit$$00000002  c_w.l(rtexit2.o)
    0x080002ac   0x080002ac   0x00000004   Code   RO         1675    .ARM.Collect$$rtexit$$00000003  c_w.l(rtexit2.o)
    0x080002b0   0x080002b0   0x00000006   Code   RO         1676    .ARM.Collect$$rtexit$$00000004  c_w.l(rtexit2.o)
    0x080002b6   0x080002b6   0x00000002   PAD
    0x080002b8   0x080002b8   0x000001e0   Code   RO            3    .text               system_stm32f10x.o
    0x08000498   0x08000498   0x000003a4   Code   RO          120    .text               stm32f10x_rcc.o
    0x0800083c   0x0800083c   0x000000dc   Code   RO          146    .text               misc.o
    0x08000918   0x08000918   0x0000035c   Code   RO          166    .text               stm32f10x_gpio.o
    0x08000c74   0x08000c74   0x00000408   Code   RO          186    .text               stm32f10x_usart.o
    0x0800107c   0x0800107c   0x000005bc   Code   RO          206    .text               stm32f10x_flash.o
    0x08001638   0x08001638   0x0000030c   Code   RO          246    .text               stm32f10x_spi.o
    0x08001944   0x08001944   0x00000e1a   Code   RO          266    .text               stm32f10x_tim.o
    0x0800275e   0x0800275e   0x00000002   PAD
    0x08002760   0x08002760   0x0000011c   Code   RO          326    .text               stm32f10x_exti.o
    0x0800287c   0x0800287c   0x00000040   Code   RO          367    .text               startup_stm32f10x_hd.o
    0x080028bc   0x080028bc   0x00000744   Code   RO          373    .text               main.o
    0x08003000   0x08003000   0x000012e4   Code   RO          467    .text               dowith.o
    0x080042e4   0x080042e4   0x000010d4   Code   RO          501    .text               com1_232.o
    0x080053b8   0x080053b8   0x00000a34   Code   RO          536    .text               com2_232.o
    0x08005dec   0x08005dec   0x000052c4   Code   RO          565    .text               com3_232.o
    0x0800b0b0   0x0800b0b0   0x00000b7c   Code   RO          612    .text               com4_232.o
    0x0800bc2c   0x0800bc2c   0x000005a4   Code   RO          637    .text               stm32f10x_it.o
    0x0800c1d0   0x0800c1d0   0x000003cc   Code   RO          666    .text               spi_flash.o
    0x0800c59c   0x0800c59c   0x0000171c   Code   RO          686    .text               com_lora.o
    0x0800dcb8   0x0800dcb8   0x00000b44   Code   RO          715    .text               gprs_at.o
    0x0800e7fc   0x0800e7fc   0x0001290c   Code   RO          749    .text               key_menu.o
    0x08021108   0x08021108   0x00000a6c   Code   RO          776    .text               lcd.o
    0x08021b74   0x08021b74   0x00000bb0   Code   RO          831    .text               xmodem.o
    0x08022724   0x08022724   0x0000003c   Code   RO          885    .text               radio.o
    0x08022760   0x08022760   0x0000028c   Code   RO         1014    .text               sx1276.o
    0x080229ec   0x080229ec   0x000009b0   Code   RO         1051    .text               sx1276-fsk.o
    0x0802339c   0x0802339c   0x00000a18   Code   RO         1081    .text               sx1276-fskmisc.o
    0x08023db4   0x08023db4   0x00000958   Code   RO         1102    .text               sx1276-lora.o
    0x0802470c   0x0802470c   0x00000720   Code   RO         1133    .text               sx1276-loramisc.o
    0x08024e2c   0x08024e2c   0x000000d4   Code   RO         1177    .text               spi.o
    0x08024f00   0x08024f00   0x0000026c   Code   RO         1251    .text               sx1276-hal.o
    0x0802516c   0x0802516c   0x00000002   Code   RO         1274    .text               c_w.l(use_no_semi_2.o)
    0x0802516e   0x0802516e   0x00000002   PAD
    0x08025170   0x08025170   0x00000024   Code   RO         1276    .text               c_w.l(c89vsprintf.o)
    0x08025194   0x08025194   0x00000018   Code   RO         1278    .text               c_w.l(__2printf.o)
    0x080251ac   0x080251ac   0x0000002c   Code   RO         1280    .text               c_w.l(__2sprintf.o)
    0x080251d8   0x080251d8   0x00000052   Code   RO         1288    .text               c_w.l(_printf_str.o)
    0x0802522a   0x0802522a   0x00000002   PAD
    0x0802522c   0x0802522c   0x00000078   Code   RO         1290    .text               c_w.l(_printf_dec.o)
    0x080252a4   0x080252a4   0x00000188   Code   RO         1309    .text               c_w.l(__printf_flags_ss_wp.o)
    0x0802542c   0x0802542c   0x0000001a   Code   RO         1315    .text               c_w.l(atoi.o)
    0x08025446   0x08025446   0x00000024   Code   RO         1317    .text               c_w.l(strstr.o)
    0x0802546a   0x0802546a   0x0000003e   Code   RO         1319    .text               c_w.l(strlen.o)
    0x080254a8   0x080254a8   0x0000008a   Code   RO         1321    .text               c_w.l(rt_memcpy_v6.o)
    0x08025532   0x08025532   0x00000044   Code   RO         1323    .text               c_w.l(rt_memclr.o)
    0x08025576   0x08025576   0x0000004e   Code   RO         1325    .text               c_w.l(rt_memclr_w.o)
    0x080255c4   0x080255c4   0x00000006   Code   RO         1327    .text               c_w.l(heapauxi.o)
    0x080255ca   0x080255ca   0x00000002   Code   RO         1401    .text               c_w.l(use_no_semi.o)
    0x080255cc   0x080255cc   0x00000008   Code   RO         1407    .text               c_w.l(rt_errno_addr_intlibspace.o)
    0x080255d4   0x080255d4   0x00000016   Code   RO         1409    .text               c_w.l(_rserrno.o)
    0x080255ea   0x080255ea   0x0000004e   Code   RO         1411    .text               c_w.l(_printf_pad.o)
    0x08025638   0x08025638   0x00000024   Code   RO         1413    .text               c_w.l(_printf_truncate.o)
    0x0802565c   0x0802565c   0x000000b2   Code   RO         1415    .text               c_w.l(_printf_intcommon.o)
    0x0802570e   0x0802570e   0x00000028   Code   RO         1417    .text               c_w.l(_printf_charcount.o)
    0x08025736   0x08025736   0x00000002   PAD
    0x08025738   0x08025738   0x00000030   Code   RO         1419    .text               c_w.l(_printf_char_common.o)
    0x08025768   0x08025768   0x0000000a   Code   RO         1421    .text               c_w.l(_sputc.o)
    0x08025772   0x08025772   0x0000002c   Code   RO         1423    .text               c_w.l(_printf_char.o)
    0x0802579e   0x0802579e   0x00000002   PAD
    0x080257a0   0x080257a0   0x00000024   Code   RO         1425    .text               c_w.l(_printf_char_file.o)
    0x080257c4   0x080257c4   0x000000bc   Code   RO         1427    .text               c_w.l(_printf_wctomb.o)
    0x08025880   0x08025880   0x0000007c   Code   RO         1430    .text               c_w.l(_printf_longlong_dec.o)
    0x080258fc   0x080258fc   0x00000070   Code   RO         1436    .text               c_w.l(_printf_oct_int_ll.o)
    0x0802596c   0x0802596c   0x00000094   Code   RO         1456    .text               c_w.l(_printf_hex_int_ll_ptr.o)
    0x08025a00   0x08025a00   0x00000070   Code   RO         1480    .text               c_w.l(strtol.o)
    0x08025a70   0x08025a70   0x00000064   Code   RO         1482    .text               c_w.l(rt_memcpy_w.o)
    0x08025ad4   0x08025ad4   0x00000008   Code   RO         1528    .text               c_w.l(libspace.o)
    0x08025adc   0x08025adc   0x00000010   Code   RO         1546    .text               c_w.l(rt_ctype_table.o)
    0x08025aec   0x08025aec   0x0000008a   Code   RO         1548    .text               c_w.l(lludiv10.o)
    0x08025b76   0x08025b76   0x0000041e   Code   RO         1550    .text               c_w.l(_printf_fp_dec.o)
    0x08025f94   0x08025f94   0x0000002c   Code   RO         1554    .text               c_w.l(_printf_wchar.o)
    0x08025fc0   0x08025fc0   0x0000009e   Code   RO         1556    .text               c_w.l(_strtoul.o)
    0x0802605e   0x0802605e   0x00000008   Code   RO         1558    .text               c_w.l(ferror.o)
    0x08026066   0x08026066   0x00000040   Code   RO         1562    .text               c_w.l(_wcrtomb.o)
    0x080260a6   0x080260a6   0x0000004a   Code   RO         1568    .text               c_w.l(sys_stackheap_outer.o)
    0x080260f0   0x080260f0   0x00000008   Code   RO         1573    .text               c_w.l(rt_locale_intlibspace.o)
    0x080260f8   0x080260f8   0x00000080   Code   RO         1575    .text               c_w.l(_printf_fp_infnan.o)
    0x08026178   0x08026178   0x0000001c   Code   RO         1577    .text               c_w.l(_chval.o)
    0x08026194   0x08026194   0x000000e4   Code   RO         1579    .text               c_w.l(bigflt0.o)
    0x08026278   0x08026278   0x00000012   Code   RO         1610    .text               c_w.l(exit.o)
    0x0802628a   0x0802628a   0x00000002   PAD
    0x0802628c   0x0802628c   0x00000080   Code   RO         1624    .text               c_w.l(strcmpv7m.o)
    0x0802630c   0x0802630c   0x0000003e   Code   RO         1582    CL$$btod_d2e        c_w.l(btod.o)
    0x0802634a   0x0802634a   0x00000046   Code   RO         1584    CL$$btod_d2e_denorm_low  c_w.l(btod.o)
    0x08026390   0x08026390   0x00000060   Code   RO         1583    CL$$btod_d2e_norm_op1  c_w.l(btod.o)
    0x080263f0   0x080263f0   0x00000338   Code   RO         1592    CL$$btod_div_common  c_w.l(btod.o)
    0x08026728   0x08026728   0x000000dc   Code   RO         1589    CL$$btod_e2e        c_w.l(btod.o)
    0x08026804   0x08026804   0x0000002a   Code   RO         1586    CL$$btod_ediv       c_w.l(btod.o)
    0x0802682e   0x0802682e   0x0000002a   Code   RO         1585    CL$$btod_emul       c_w.l(btod.o)
    0x08026858   0x08026858   0x00000244   Code   RO         1591    CL$$btod_mult_common  c_w.l(btod.o)
    0x08026a9c   0x08026a9c   0x00000028   Code   RO         1515    i.__ARM_fpclassify  m_ws.l(fpclassify.o)
    0x08026ac4   0x08026ac4   0x000000aa   Code   RO         1517    i.__kernel_poly     m_ws.l(poly.o)
    0x08026b6e   0x08026b6e   0x00000002   PAD
    0x08026b70   0x08026b70   0x00000010   Code   RO         1501    i.__mathlib_dbl_divzero  m_ws.l(dunder.o)
    0x08026b80   0x08026b80   0x00000004   Code   RO         1503    i.__mathlib_dbl_infnan2  m_ws.l(dunder.o)
    0x08026b84   0x08026b84   0x0000000c   Code   RO         1504    i.__mathlib_dbl_invalid  m_ws.l(dunder.o)
    0x08026b90   0x08026b90   0x0000000e   Code   RO         1505    i.__mathlib_dbl_overflow  m_ws.l(dunder.o)
    0x08026b9e   0x08026b9e   0x00000002   PAD
    0x08026ba0   0x08026ba0   0x00000010   Code   RO         1507    i.__mathlib_dbl_underflow  m_ws.l(dunder.o)
    0x08026bb0   0x08026bb0   0x0000000e   Code   RO         1302    i._is_digit         c_w.l(__printf_wp.o)
    0x08026bbe   0x08026bbe   0x00000002   PAD
    0x08026bc0   0x08026bc0   0x000009d8   Code   RO         1390    i.pow               m_ws.l(pow.o)
    0x08027598   0x08027598   0x00000094   Code   RO         1399    i.round             m_ws.l(round.o)
    0x0802762c   0x0802762c   0x0000004c   Code   RO         1521    i.sqrt              m_ws.l(sqrt.o)
    0x08027678   0x08027678   0x0000002c   Code   RO         1605    locale$$code        c_w.l(lc_ctype_c.o)
    0x080276a4   0x080276a4   0x0000002c   Code   RO         1608    locale$$code        c_w.l(lc_numeric_c.o)
    0x080276d0   0x080276d0   0x00000150   Code   RO         1331    x$fpl$dadd          fz_ws.l(daddsub_clz.o)
    0x08027820   0x08027820   0x00000010   Code   RO         1564    x$fpl$dcheck1       fz_ws.l(dcheck1.o)
    0x08027830   0x08027830   0x00000018   Code   RO         1484    x$fpl$dcmpinf       fz_ws.l(dcmpi.o)
    0x08027848   0x08027848   0x000002b0   Code   RO         1338    x$fpl$ddiv          fz_ws.l(ddiv.o)
    0x08027af8   0x08027af8   0x0000005e   Code   RO         1341    x$fpl$dfix          fz_ws.l(dfix.o)
    0x08027b56   0x08027b56   0x00000002   PAD
    0x08027b58   0x08027b58   0x0000005a   Code   RO         1345    x$fpl$dfixu         fz_ws.l(dfixu.o)
    0x08027bb2   0x08027bb2   0x0000002e   Code   RO         1350    x$fpl$dflt          fz_ws.l(dflt_clz.o)
    0x08027be0   0x08027be0   0x00000026   Code   RO         1349    x$fpl$dfltu         fz_ws.l(dflt_clz.o)
    0x08027c06   0x08027c06   0x00000002   PAD
    0x08027c08   0x08027c08   0x00000078   Code   RO         1355    x$fpl$dleqf         fz_ws.l(dleqf.o)
    0x08027c80   0x08027c80   0x00000154   Code   RO         1357    x$fpl$dmul          fz_ws.l(dmul.o)
    0x08027dd4   0x08027dd4   0x0000009c   Code   RO         1486    x$fpl$dnaninf       fz_ws.l(dnaninf.o)
    0x08027e70   0x08027e70   0x0000000c   Code   RO         1488    x$fpl$dretinf       fz_ws.l(dretinf.o)
    0x08027e7c   0x08027e7c   0x0000006c   Code   RO         1359    x$fpl$drleqf        fz_ws.l(drleqf.o)
    0x08027ee8   0x08027ee8   0x000000b4   Code   RO         1490    x$fpl$drnd          fz_ws.l(drnd.o)
    0x08027f9c   0x08027f9c   0x00000016   Code   RO         1332    x$fpl$drsb          fz_ws.l(daddsub_clz.o)
    0x08027fb2   0x08027fb2   0x00000002   PAD
    0x08027fb4   0x08027fb4   0x000001cc   Code   RO         1566    x$fpl$dsqrt         fz_ws.l(dsqrt_noumaal.o)
    0x08028180   0x08028180   0x000001d4   Code   RO         1333    x$fpl$dsub          fz_ws.l(daddsub_clz.o)
    0x08028354   0x08028354   0x00000056   Code   RO         1361    x$fpl$f2d           fz_ws.l(f2d.o)
    0x080283aa   0x080283aa   0x00000002   PAD
    0x080283ac   0x080283ac   0x000000c4   Code   RO         1363    x$fpl$fadd          fz_ws.l(faddsub_clz.o)
    0x08028470   0x08028470   0x00000184   Code   RO         1370    x$fpl$fdiv          fz_ws.l(fdiv.o)
    0x080285f4   0x080285f4   0x00000036   Code   RO         1373    x$fpl$ffix          fz_ws.l(ffix.o)
    0x0802862a   0x0802862a   0x00000002   PAD
    0x0802862c   0x0802862c   0x0000003e   Code   RO         1377    x$fpl$ffixu         fz_ws.l(ffixu.o)
    0x0802866a   0x0802866a   0x00000002   PAD
    0x0802866c   0x0802866c   0x00000026   Code   RO         1381    x$fpl$ffltu         fz_ws.l(fflt_clz.o)
    0x08028692   0x08028692   0x00000002   PAD
    0x08028694   0x08028694   0x00000102   Code   RO         1387    x$fpl$fmul          fz_ws.l(fmul.o)
    0x08028796   0x08028796   0x0000008c   Code   RO         1492    x$fpl$fnaninf       fz_ws.l(fnaninf.o)
    0x08028822   0x08028822   0x0000000a   Code   RO         1494    x$fpl$fretinf       fz_ws.l(fretinf.o)
    0x0802882c   0x0802882c   0x000000ea   Code   RO         1365    x$fpl$fsub          fz_ws.l(faddsub_clz.o)
    0x08028916   0x08028916   0x00000004   Code   RO         1496    x$fpl$printf1       fz_ws.l(printf1.o)
    0x0802891a   0x0802891a   0x00000064   Code   RO         1620    x$fpl$retnan        fz_ws.l(retnan.o)
    0x0802897e   0x0802897e   0x0000005c   Code   RO         1498    x$fpl$scalbn        fz_ws.l(scalbn.o)
    0x080289da   0x080289da   0x00000030   Code   RO         1671    x$fpl$trapveneer    fz_ws.l(trapv.o)
    0x08028a0a   0x08028a0a   0x00000000   Code   RO         1500    x$fpl$usenofp       fz_ws.l(usenofp.o)
    0x08028a0a   0x08028a0a   0x00000064   Data   RO          469    .constdata          dowith.o
    0x08028a6e   0x08028a6e   0x00000200   Data   RO          503    .constdata          com1_232.o
    0x08028c6e   0x08028c6e   0x00000461   Data   RO          567    .constdata          com3_232.o
    0x080290cf   0x080290cf   0x00000001   PAD
    0x080290d0   0x080290d0   0x00000008   Data   RO          716    .constdata          gprs_at.o
    0x080290d8   0x080290d8   0x00000200   Data   RO          832    .constdata          xmodem.o
    0x080292d8   0x080292d8   0x000001bc   Data   RO         1104    .constdata          sx1276-lora.o
    0x08029494   0x08029494   0x00000011   Data   RO         1310    .constdata          c_w.l(__printf_flags_ss_wp.o)
    0x080294a5   0x080294a5   0x00000003   PAD
    0x080294a8   0x080294a8   0x00000088   Data   RO         1391    .constdata          m_ws.l(pow.o)
    0x08029530   0x08029530   0x00000008   Data   RO         1428    .constdata          c_w.l(_printf_wctomb.o)
    0x08029538   0x08029538   0x00000028   Data   RO         1457    .constdata          c_w.l(_printf_hex_int_ll_ptr.o)
    0x08029560   0x08029560   0x00000008   Data   RO         1519    .constdata          m_ws.l(qnan.o)
    0x08029568   0x08029568   0x00000094   Data   RO         1580    .constdata          c_w.l(bigflt0.o)
    0x080295fc   0x080295fc   0x00000008   Data   RO          717    .conststring        gprs_at.o
    0x08029604   0x08029604   0x00000020   Data   RO         1746    Region$$Table       anon$$obj.o
    0x08029624   0x08029624   0x00000110   Data   RO         1604    locale$$data        c_w.l(lc_ctype_c.o)
    0x08029734   0x08029734   0x0000001c   Data   RO         1607    locale$$data        c_w.l(lc_numeric_c.o)


    Execution Region RW_IRAM1 (Exec base: 0x20000000, Load base: 0x08029750, Size: 0x00005a48, Max: 0x0000c000, ABSOLUTE, COMPRESSED[0x00000064])

    Exec Addr    Load Addr    Size         Type   Attr      Idx    E Section Name        Object

    0x20000000   COMPRESSED   0x00000014   Data   RW            4    .data               system_stm32f10x.o
    0x20000014   COMPRESSED   0x00000014   Data   RW          121    .data               stm32f10x_rcc.o
    0x20000028   COMPRESSED   0x0000007c   Data   RW          375    .data               main.o
    0x200000a4   COMPRESSED   0x00000047   Data   RW          470    .data               dowith.o
    0x200000eb   COMPRESSED   0x00000001   PAD
    0x200000ec   COMPRESSED   0x00000020   Data   RW          504    .data               com1_232.o
    0x2000010c   COMPRESSED   0x00000016   Data   RW          538    .data               com2_232.o
    0x20000122   COMPRESSED   0x00000002   PAD
    0x20000124   COMPRESSED   0x00000110   Data   RW          568    .data               com3_232.o
    0x20000234   COMPRESSED   0x00000024   Data   RW          614    .data               com4_232.o
    0x20000258   COMPRESSED   0x00000068   Data   RW          688    .data               com_lora.o
    0x200002c0   COMPRESSED   0x0000002c   Data   RW          750    .data               key_menu.o
    0x200002ec   COMPRESSED   0x00000007   Data   RW          778    .data               lcd.o
    0x200002f3   COMPRESSED   0x00000001   PAD
    0x200002f4   COMPRESSED   0x0000000a   Data   RW          833    .data               xmodem.o
    0x200002fe   COMPRESSED   0x00000002   Data   RW         1016    .data               sx1276.o
    0x20000300   COMPRESSED   0x0000005a   Data   RW         1053    .data               sx1276-fsk.o
    0x2000035a   COMPRESSED   0x00000006   PAD
    0x20000360   COMPRESSED   0x00000040   Data   RW         1105    .data               sx1276-lora.o
    0x200003a0   COMPRESSED   0x00000004   Data   RW         1198    .data               sx12xxeiger.o
    0x200003a4        -       0x00001c7c   Zero   RW          374    .bss                main.o
    0x20002020        -       0x0000000c   Zero   RW          468    .bss                dowith.o
    0x2000202c        -       0x000006c8   Zero   RW          502    .bss                com1_232.o
    0x200026f4        -       0x00001400   Zero   RW          537    .bss                com2_232.o
    0x20003af4        -       0x0000133a   Zero   RW          566    .bss                com3_232.o
    0x20004e2e        -       0x0000019c   Zero   RW          613    .bss                com4_232.o
    0x20004fca        -       0x00000190   Zero   RW          687    .bss                com_lora.o
    0x2000515a   COMPRESSED   0x00000002   PAD
    0x2000515c        -       0x00000018   Zero   RW          886    .bss                radio.o
    0x20005174        -       0x00000070   Zero   RW         1015    .bss                sx1276.o
    0x200051e4        -       0x00000100   Zero   RW         1052    .bss                sx1276-fsk.o
    0x200052e4        -       0x00000100   Zero   RW         1103    .bss                sx1276-lora.o
    0x200053e4        -       0x00000060   Zero   RW         1529    .bss                c_w.l(libspace.o)
    0x20005444   COMPRESSED   0x00000004   PAD
    0x20005448        -       0x00000200   Zero   RW          365    HEAP                startup_stm32f10x_hd.o
    0x20005648        -       0x00000400   Zero   RW          364    STACK               startup_stm32f10x_hd.o


==============================================================================

Image component sizes


      Code (inc. data)   RO Data    RW Data    ZI Data      Debug   Object Name

      4308        244        512         32       1736       9509   com1_232.o
      2612        358          0         22       5120       5444   com2_232.o
     21188       2398       1121        272       4922      30605   com3_232.o
      2940        188          0         36        412       5058   com4_232.o
      5916        648          0        104        400       9702   com_lora.o
      4836        446        100         71         12       9196   dowith.o
      2884        556         16          0          0       8560   gprs_at.o
     76044      10572          0         44          0      61890   key_menu.o
      2668         48          0          7          0       8830   lcd.o
      1860        126          0        124       7292      33054   main.o
       220         22          0          0          0       1841   misc.o
        60         30          0          0         24       1216   radio.o
       212         12          0          0          0        891   spi.o
       972         12          0          0          0       5218   spi_flash.o
        64         26        304          0       1536        916   startup_stm32f10x_hd.o
       284         10          0          0          0       2299   stm32f10x_exti.o
      1468         34          0          0          0       8246   stm32f10x_flash.o
       860         38          0          0          0       5773   stm32f10x_gpio.o
      1444        260          0          0          0       2729   stm32f10x_it.o
       932         36          0         20          0       8976   stm32f10x_rcc.o
       780         14          0          0          0       6654   stm32f10x_spi.o
      3610         88          0          0          0      22884   stm32f10x_tim.o
      1032         22          0          0          0       8500   stm32f10x_usart.o
      2480        186          0         90        256      33785   sx1276-fsk.o
      2584         48          0          0          0       7775   sx1276-fskmisc.o
       620         10          0          0          0       5019   sx1276-hal.o
      2392        182        444         64        256      20183   sx1276-lora.o
      1824         20          0          0          0       7948   sx1276-loramisc.o
       652         42          0          2        112      32289   sx1276.o
         0          0          0          4          0        758   sx12xxeiger.o
       480         38          0         20          0     270951   system_stm32f10x.o
      2992        730        512         10          0       6121   xmodem.o

    ----------------------------------------------------------------------
    151220      17444       3042        932      22080     642820   Object Totals
         0          0         32          0          0          0   (incl. Generated)
         2          0          1         10          2          0   (incl. Padding)

    ----------------------------------------------------------------------

      Code (inc. data)   RO Data    RW Data    ZI Data      Debug   Library Member Name

        24          4          0          0          0         84   __2printf.o
        44          6          0          0          0         84   __2sprintf.o
        90          0          0          0          0          0   __dczerorl2.o
         8          0          0          0          0         68   __main.o
       392          4         17          0          0         92   __printf_flags_ss_wp.o
        14          0          0          0          0         68   __printf_wp.o
         0          0          0          0          0          0   __rtentry.o
        12          0          0          0          0          0   __rtentry2.o
         6          0          0          0          0          0   __rtentry4.o
        52          8          0          0          0          0   __scatter.o
        28          0          0          0          0          0   __scatter_zi.o
        28          0          0          0          0         68   _chval.o
         6          0          0          0          0          0   _printf_a.o
         6          0          0          0          0          0   _printf_c.o
        44          0          0          0          0        108   _printf_char.o
        48          6          0          0          0         96   _printf_char_common.o
        36          4          0          0          0         80   _printf_char_file.o
        40          0          0          0          0         68   _printf_charcount.o
         6          0          0          0          0          0   _printf_d.o
       120         16          0          0          0         92   _printf_dec.o
         6          0          0          0          0          0   _printf_e.o
         6          0          0          0          0          0   _printf_f.o
      1054          0          0          0          0        216   _printf_fp_dec.o
       128         16          0          0          0         84   _printf_fp_infnan.o
         6          0          0          0          0          0   _printf_g.o
       148          4         40          0          0        160   _printf_hex_int_ll_ptr.o
         6          0          0          0          0          0   _printf_i.o
       178          0          0          0          0         88   _printf_intcommon.o
        10          0          0          0          0          0   _printf_l.o
         6          0          0          0          0          0   _printf_lc.o
        10          0          0          0          0          0   _printf_ll.o
         6          0          0          0          0          0   _printf_lld.o
         6          0          0          0          0          0   _printf_lli.o
         6          0          0          0          0          0   _printf_llo.o
         6          0          0          0          0          0   _printf_llu.o
         6          0          0          0          0          0   _printf_llx.o
       124         16          0          0          0         92   _printf_longlong_dec.o
         6          0          0          0          0          0   _printf_ls.o
         6          0          0          0          0          0   _printf_n.o
         6          0          0          0          0          0   _printf_o.o
       112         10          0          0          0        124   _printf_oct_int_ll.o
         6          0          0          0          0          0   _printf_p.o
        78          0          0          0          0        108   _printf_pad.o
         0          0          0          0          0          0   _printf_percent.o
         4          0          0          0          0          0   _printf_percent_end.o
         6          0          0          0          0          0   _printf_s.o
        82          0          0          0          0         80   _printf_str.o
        36          0          0          0          0         84   _printf_truncate.o
         6          0          0          0          0          0   _printf_u.o
        44          0          0          0          0        108   _printf_wchar.o
       188          6          8          0          0         92   _printf_wctomb.o
         6          0          0          0          0          0   _printf_x.o
        22          0          0          0          0        100   _rserrno.o
        10          0          0          0          0         68   _sputc.o
       158          0          0          0          0         92   _strtoul.o
        64          0          0          0          0         92   _wcrtomb.o
        26          0          0          0          0         80   atoi.o
       228          4        148          0          0         96   bigflt0.o
      1936        128          0          0          0        672   btod.o
        36          4          0          0          0         76   c89vsprintf.o
        18          0          0          0          0         80   exit.o
         8          0          0          0          0         68   ferror.o
         6          0          0          0          0        152   heapauxi.o
        44         10        272          0          0         76   lc_ctype_c.o
        44         10         28          0          0         76   lc_numeric_c.o
         2          0          0          0          0          0   libinit.o
        30          0          0          0          0          0   libinit2.o
         2          0          0          0          0          0   libshutdown.o
         2          0          0          0          0          0   libshutdown2.o
         8          4          0          0         96         68   libspace.o
       138          0          0          0          0         80   lludiv10.o
        16          4          0          0          0         76   rt_ctype_table.o
         8          4          0          0          0         68   rt_errno_addr_intlibspace.o
         8          4          0          0          0         68   rt_locale_intlibspace.o
        68          0          0          0          0         68   rt_memclr.o
        78          0          0          0          0         80   rt_memclr_w.o
       138          0          0          0          0         68   rt_memcpy_v6.o
       100          0          0          0          0         80   rt_memcpy_w.o
         2          0          0          0          0          0   rtexit.o
        10          0          0          0          0          0   rtexit2.o
       128          0          0          0          0         68   strcmpv7m.o
        62          0          0          0          0         76   strlen.o
        36          0          0          0          0         80   strstr.o
       112          0          0          0          0         88   strtol.o
        74          0          0          0          0         80   sys_stackheap_outer.o
         2          0          0          0          0         68   use_no_semi.o
         2          0          0          0          0         68   use_no_semi_2.o
       826         16          0          0          0        348   daddsub_clz.o
        16          4          0          0          0         68   dcheck1.o
        24          0          0          0          0         68   dcmpi.o
       688        140          0          0          0        208   ddiv.o
        94          4          0          0          0         92   dfix.o
        90          4          0          0          0         92   dfixu.o
        84          0          0          0          0        136   dflt_clz.o
       120          4          0          0          0         92   dleqf.o
       340         12          0          0          0        104   dmul.o
       156          4          0          0          0         92   dnaninf.o
        12          0          0          0          0         68   dretinf.o
       108          0          0          0          0         80   drleqf.o
       180          4          0          0          0         80   drnd.o
       460         56          0          0          0        120   dsqrt_noumaal.o
        86          4          0          0          0         84   f2d.o
       430          8          0          0          0        168   faddsub_clz.o
       388         76          0          0          0         96   fdiv.o
        54          4          0          0          0         84   ffix.o
        62          4          0          0          0         84   ffixu.o
        38          0          0          0          0         68   fflt_clz.o
       258          4          0          0          0         84   fmul.o
       140          4          0          0          0         84   fnaninf.o
        10          0          0          0          0         68   fretinf.o
         4          0          0          0          0         68   printf1.o
       100          0          0          0          0         68   retnan.o
        92          0          0          0          0         68   scalbn.o
        48          0          0          0          0         68   trapv.o
         0          0          0          0          0          0   usenofp.o
        62         10          0          0          0        340   dunder.o
        40          0          0          0          0         68   fpclassify.o
       170          0          0          0          0         96   poly.o
      2520        190        136          0          0        324   pow.o
         0          0          8          0          0          0   qnan.o
       148         12          0          0          0         88   round.o
        76          0          0          0          0         84   sqrt.o

    ----------------------------------------------------------------------
     14886        836        660          0        100       8796   Library Totals
        34          0          3          0          4          0   (incl. Padding)

    ----------------------------------------------------------------------

      Code (inc. data)   RO Data    RW Data    ZI Data      Debug   Library Name

      6928        272        513          0         96       5056   c_w.l
      4908        352          0          0          0       2740   fz_ws.l
      3016        212        144          0          0       1000   m_ws.l

    ----------------------------------------------------------------------
     14886        836        660          0        100       8796   Library Totals

    ----------------------------------------------------------------------

==============================================================================


      Code (inc. data)   RO Data    RW Data    ZI Data      Debug   

    166106      18280       3702        932      22180     643084   Grand Totals
    166106      18280       3702        100      22180     643084   ELF Image Totals (compressed)
    166106      18280       3702        100          0          0   ROM Totals

==============================================================================

    Total RO  Size (Code + RO Data)               169808 ( 165.83kB)
    Total RW  Size (RW Data + ZI Data)             23112 (  22.57kB)
    Total ROM Size (Code + RO Data + RW Data)     169908 ( 165.93kB)

==============================================================================

