Component: ARM Compiler 5.06 update 6 (build 750) Tool: armlink [4d35ed]

==============================================================================

Section Cross References

    system_stm32f10x.o(.text) refers to system_stm32f10x.o(.data) for SystemCoreClock
    stm32f10x_rcc.o(.text) refers to stm32f10x_rcc.o(.data) for APBAHBPrescTable
    stm32f10x_gpio.o(.text) refers to stm32f10x_rcc.o(.text) for RCC_APB2PeriphResetCmd
    stm32f10x_usart.o(.text) refers to stm32f10x_rcc.o(.text) for RCC_APB2PeriphResetCmd
    stm32f10x_spi.o(.text) refers to stm32f10x_rcc.o(.text) for RCC_APB2PeriphResetCmd
    stm32f10x_tim.o(.text) refers to stm32f10x_rcc.o(.text) for RCC_APB2PeriphResetCmd
    stm32f10x_adc.o(.text) refers to stm32f10x_rcc.o(.text) for RCC_APB2PeriphResetCmd
    stm32f10x_dac.o(.text) refers to stm32f10x_rcc.o(.text) for RCC_APB1PeriphResetCmd
    startup_stm32f10x_hd.o(STACK) refers (Special) to heapauxi.o(.text) for __use_two_region_memory
    startup_stm32f10x_hd.o(HEAP) refers (Special) to heapauxi.o(.text) for __use_two_region_memory
    startup_stm32f10x_hd.o(RESET) refers (Special) to heapauxi.o(.text) for __use_two_region_memory
    startup_stm32f10x_hd.o(RESET) refers to startup_stm32f10x_hd.o(STACK) for __initial_sp
    startup_stm32f10x_hd.o(RESET) refers to startup_stm32f10x_hd.o(.text) for Reset_Handler
    startup_stm32f10x_hd.o(RESET) refers to stm32f10x_it.o(.text) for NMI_Handler
    startup_stm32f10x_hd.o(.text) refers (Special) to heapauxi.o(.text) for __use_two_region_memory
    startup_stm32f10x_hd.o(.text) refers to system_stm32f10x.o(.text) for SystemInit
    startup_stm32f10x_hd.o(.text) refers to __main.o(!!!main) for __main
    startup_stm32f10x_hd.o(.text) refers to startup_stm32f10x_hd.o(HEAP) for Heap_Mem
    startup_stm32f10x_hd.o(.text) refers to startup_stm32f10x_hd.o(STACK) for Stack_Mem
    main.o(.rev16_text) refers (Special) to use_no_semi_2.o(.text) for __use_no_semihosting
    main.o(.revsh_text) refers (Special) to use_no_semi_2.o(.text) for __use_no_semihosting
    main.o(.text) refers (Special) to use_no_semi_2.o(.text) for __use_no_semihosting
    main.o(.text) refers to misc.o(.text) for NVIC_SetVectorTable
    main.o(.text) refers to stm32f10x_tim.o(.text) for TIM_DeInit
    main.o(.text) refers to stm32f10x_gpio.o(.text) for GPIO_PinRemapConfig
    main.o(.text) refers to stm32f10x_rcc.o(.text) for RCC_APB2PeriphClockCmd
    main.o(.text) refers to main.o(.data) for NVIC_InitStructure
    main.o(.text) refers to main.o(.bss) for TIM_TimeBaseStructure
    main.o(.text) refers to spi_flash.o(.text) for SPI_FLASH_Init
    main.o(.text) refers to spi.o(.text) for SpiInit
    main.o(.text) refers to dowith.o(.text) for Variable_Init
    main.o(.text) refers to com1_232.o(.text) for Com1_Init
    main.o(.text) refers to com2_232.o(.text) for Com2_Init
    main.o(.text) refers to com3_232.o(.text) for Com3_Init
    main.o(.text) refers to com4_232.o(.text) for Com4_Init
    main.o(.text) refers to xmodem_1.o(.text) for XmodemFileTransfer_Com1
    main.o(.text) refers to xmodem.o(.text) for XmodemFileTransfer
    main.o(.text) refers to radio.o(.text) for RadioDriverInit
    main.o(.text) refers to com_lora.o(.text) for LoRa_Init
    main.o(.text) refers to lcd.o(.text) for LCD_DLY_ms
    main.o(.text) refers to key_menu.o(.text) for Menu_Welcome
    main.o(.text) refers to com_lora.o(.data) for Radio
    main.o(.text) refers to dowith.o(.data) for B_LockCodeOK
    main.o(.text) refers to key_menu.o(.data) for Lw_SavePageNo
    main.o(.text) refers to com3_232.o(.data) for S_M35
    main.o(.text) refers to com2_232.o(.data) for B_PcSetGprs
    main.o(.bss) refers (Special) to use_no_semi_2.o(.text) for __use_no_semihosting
    main.o(.data) refers (Special) to use_no_semi_2.o(.text) for __use_no_semihosting
    dowith.o(.text) refers to spi_flash.o(.text) for SPI_FLASH_CS_LOW
    dowith.o(.text) refers to stm32f10x_flash.o(.text) for FLASH_Unlock
    dowith.o(.text) refers to main.o(.bss) for w_GprsParLst
    dowith.o(.text) refers to dowith.o(.data) for C_PowenOnDelay
    dowith.o(.text) refers to main.o(.data) for Lw_SaveEquipOperateStatus
    dowith.o(.text) refers to sx1276-lora.o(.data) for LoRaSettings
    dowith.o(.text) refers to com3_232.o(.constdata) for Gprs_ParBootLst
    dowith.o(.text) refers to dowith.o(.constdata) for w_GprsParBootLst
    dowith.o(.text) refers to fflt_clz.o(x$fpl$ffltu) for __aeabi_ui2f
    dowith.o(.text) refers to fmul.o(x$fpl$fmul) for __aeabi_fmul
    dowith.o(.text) refers to fdiv.o(x$fpl$fdiv) for __aeabi_fdiv
    dowith.o(.text) refers to ffixu.o(x$fpl$ffixu) for __aeabi_f2uiz
    dowith.o(.text) refers to com3_232.o(.data) for B_HeartSendFault
    dowith.o(.text) refers to stm32f10x_usart.o(.text) for USART_ITConfig
    dowith.o(.text) refers to stm32f10x_gpio.o(.text) for GPIO_SetBits
    dowith.o(.text) refers to lcd.o(.text) for LCD_DLY_ms
    dowith.o(.text) refers to com2_232.o(.text) for Com2_config
[...]
    __I$use$fp                               0x0802ae72   Number         0  usenofp.o(x$fpl$usenofp)
    w_GprsParBootLst                         0x0802ae72   Data         100  dowith.o(.constdata)
    CRC_H                                    0x0802aed6   Data         256  com1_232.o(.constdata)
    CRC_L                                    0x0802afd6   Data         256  com1_232.o(.constdata)
    Gprs_ParBootLst                          0x0802b0d6   Data         288  com3_232.o(.constdata)
    CmdNo                                    0x0802b1f6   Data          75  com3_232.o(.constdata)
    CmdLen                                   0x0802b241   Data          75  com3_232.o(.constdata)
    CmdPst                                   0x0802b28c   Data         150  com3_232.o(.constdata)
    GprsCmd2Byte                             0x0802b322   Data          28  com3_232.o(.constdata)
    GPRS_ZhuCe                               0x0802b33e   Data          22  com3_232.o(.constdata)
    GPRS_ServiceCode                         0x0802b354   Data          31  com3_232.o(.constdata)
    GPRS_SetParReturn                        0x0802b373   Data          16  com3_232.o(.constdata)
    GPRS_ZhenTou                             0x0802b383   Data          16  com3_232.o(.constdata)
    DtuProgVersion                           0x0802b393   Data           7  com3_232.o(.constdata)
    DtuProgMakeDate                          0x0802b39a   Data           8  com3_232.o(.constdata)
    DtuHardWare                              0x0802b3a2   Data          14  com3_232.o(.constdata)
    DtuManufacture                           0x0802b3b0   Data           6  com3_232.o(.constdata)
    DtuModel                                 0x0802b3b6   Data           6  com3_232.o(.constdata)
    SetOK                                    0x0802b3bc   Data           9  com3_232.o(.constdata)
    SetFail                                  0x0802b3c5   Data          11  com3_232.o(.constdata)
    ParameterError                           0x0802b3d0   Data          18  com3_232.o(.constdata)
    CommandError                             0x0802b3e2   Data          16  com3_232.o(.constdata)
    PasswordError                            0x0802b3f2   Data          17  com3_232.o(.constdata)
    ReadOK                                   0x0802b403   Data          10  com3_232.o(.constdata)
    Parameter                                0x0802b40d   Data          12  com3_232.o(.constdata)
    DtuRestartOK                             0x0802b419   Data          12  com3_232.o(.constdata)
    DtuHardRestartOK                         0x0802b425   Data          16  com3_232.o(.constdata)
    SmsControlStopOK                         0x0802b435   Data          16  com3_232.o(.constdata)
    SmsControlRunOK                          0x0802b445   Data          15  com3_232.o(.constdata)
    SmsWatchdogRestart                       0x0802b454   Data          20  com3_232.o(.constdata)
    BaudRateError                            0x0802b468   Data          21  com3_232.o(.constdata)
    DataBitLengthError                       0x0802b47d   Data          26  com3_232.o(.constdata)
    StopBitLengthError                       0x0802b497   Data          26  com3_232.o(.constdata)
    ParityBitLengthError                     0x0802b4b1   Data          28  com3_232.o(.constdata)
    FlowControlError                         0x0802b4cd   Data          24  com3_232.o(.constdata)
    SerialPortItemLackError                  0x0802b4e5   Data          30  com3_232.o(.constdata)
    StringlengthError                        0x0802b503   Data          31  com3_232.o(.constdata)
    ZhuDongSendSMS                           0x0802b522   Data          21  com3_232.o(.constdata)
    crc16tab                                 0x0802b540   Data         512  xmodem.o(.constdata)
    SignalBwLog                              0x0802b740   Data          80  sx1276-lora.o(.constdata)
    RssiOffsetLF                             0x0802b790   Data          80  sx1276-lora.o(.constdata)
    RssiOffsetHF                             0x0802b7e0   Data          80  sx1276-lora.o(.constdata)
    HoppingFrequencies                       0x0802b830   Data         204  sx1276-lora.o(.constdata)
    __mathlib_zero                           0x0802b9c8   Data           8  qnan.o(.constdata)
    Region$$Table$$Base                      0x0802ba6c   Number         0  anon$$obj.o(Region$$Table)
    Region$$Table$$Limit                     0x0802ba8c   Number         0  anon$$obj.o(Region$$Table)
    __ctype                                  0x0802ba99   Data           0  lc_ctype_c.o(locale$$data)
    SystemCoreClock                          0x20000000   Data           4  system_stm32f10x.o(.data)
    AHBPrescTable                            0x20000004   Data          16  system_stm32f10x.o(.data)
    DInb                                     0x20000028   Data           6  main.o(.data)
    DOutb                                    0x2000002e   Data           6  main.o(.data)
    Tmp1                                     0x20000034   Data           1  main.o(.data)
    Tmp2                                     0x20000035   Data           1  main.o(.data)
    Tmp3                                     0x20000036   Data           1  main.o(.data)
    Tmp4                                     0x20000037   Data           1  main.o(.data)
    Tmp5                                     0x20000038   Data           1  main.o(.data)
    Temp1                                    0x2000003a   Data           2  main.o(.data)
    Temp2                                    0x2000003c   Data           2  main.o(.data)
    Temp3                                    0x2000003e   Data           2  main.o(.data)
    Temp4                                    0x20000040   Data           2  main.o(.data)
    Value                                    0x20000042   Data           5  main.o(.data)
    sysTickMsValue                           0x20000048   Data           2  main.o(.data)
    B_ModPar                                 0x2000004a   Data           1  main.o(.data)
    Lw_Reg                                   0x2000004c   Data           2  main.o(.data)
    Lw_SaveSetValue                          0x2000004e   Data           2  main.o(.data)
    Lw_DCM200SCR_VERSION                     0x20000050   Data           2  main.o(.data)
    Lw_SaveEquipOperateStatus                0x20000052   Data           2  main.o(.data)
    Lw_SaveEquipAlarmStatus                  0x20000054   Data           2  main.o(.data)
    Lw_SaveDspStopStatus                     0x20000056   Data           2  main.o(.data)
    Lw_SaveDspFaultStatus                    0x20000058   Data           2  main.o(.data)
    Lw_SaveKglInStatus                       0x2000005a   Data           2  main.o(.data)
    Lw_SaveKglOutStatus                      0x2000005c   Data           2  main.o(.data)
    B_RunGprsModule                          0x2000005e   Data           1  main.o(.data)
    Com1_LedStatus                           0x2000005f   Data           1  main.o(.data)
    Com0_LedStatus                           0x20000060   Data           1  main.o(.data)
    F_ModeParLora                            0x20000061   Data           1  main.o(.data)
    ServerCodeSrc                            0x20000062   Data           8  main.o(.data)
    AccessPointNameSrc                       0x2000006a   Data           5  main.o(.data)
    S_XmodemConfigProcess                    0x2000006f   Data           1  main.o(.data)
    F_STOPTransmit                           0x20000070   Data           1  main.o(.data)
    ReceiveGPRSBufOneDateLen                 0x20000072   Data           2  main.o(.data)
    ReceiveGPRSBufTwoDateLen                 0x20000074   Data           2  main.o(.data)
    ReceiveGPRSBufThreeDateLen               0x20000076   Data           2  main.o(.data)
    ReceiveGPRSBufFourDateLen                0x20000078   Data           2  main.o(.data)
    F_GPRSSendFinish                         0x2000007a   Data           1  main.o(.data)
    F_UDP_OR_TCP                             0x2000007b   Data           1  main.o(.data)
    F_PowerOnRegister                        0x2000007c   Data           1  main.o(.data)
    F_AcklinkNum                             0x2000007d   Data           1  main.o(.data)
    F_NowNetworkSystem                       0x2000007e   Data           1  main.o(.data)
    CSQBuf                                   0x2000007f   Data           2  main.o(.data)
    local_port_Byte                          0x20000081   Data           2  main.o(.data)
    T_link1OnlineReportTimeMS                0x20000084   Data           2  main.o(.data)
    T_link2OnlineReportTimeMS                0x20000086   Data           2  main.o(.data)
    T_link3OnlineReportTimeMS                0x20000088   Data           2  main.o(.data)
    T_link4OnlineReportTimeMS                0x2000008a   Data           2  main.o(.data)
    usart3_rev_cnt                           0x2000008c   Data           1  main.o(.data)
    usart3_rev_flag                          0x2000008d   Data           1  main.o(.data)
    usart3_rev_finish                        0x2000008e   Data           1  main.o(.data)
    B_Com1ErrWithModule1                     0x2000008f   Data           1  main.o(.data)
    B_Com1ErrWithModule2                     0x20000090   Data           1  main.o(.data)
    F_RemoteQuery                            0x20000091   Data           1  main.o(.data)
    F_Reset_GPS                              0x20000092   Data           1  main.o(.data)
    T_Reset_GPS                              0x20000094   Data           2  main.o(.data)
    C_Reset_GPS                              0x20000096   Data           2  main.o(.data)
    T_PowerOnOff_GPS                         0x20000098   Data           2  main.o(.data)
    C_PowerOnOfft_GPS                        0x2000009a   Data           2  main.o(.data)
    T_Judge_No1_VVVF_Comm                    0x2000009c   Data           2  main.o(.data)
    C_Judge_No1_VVVF_Comm                    0x2000009e   Data           2  main.o(.data)
    T_Judge_No2_VVVF_Comm                    0x200000a0   Data           2  main.o(.data)
    C_Judge_No2_VVVF_Comm                    0x200000a2   Data           2  main.o(.data)
    T_Judge_No3_VVVF_Comm                    0x200000a4   Data           2  main.o(.data)
    C_Judge_No3_VVVF_Comm                    0x200000a6   Data           2  main.o(.data)
    T_Judge_No4_VVVF_Comm                    0x200000a8   Data           2  main.o(.data)
    C_Judge_No4_VVVF_Comm                    0x200000aa   Data           2  main.o(.data)
    T_Judge_No5_VVVF_Comm                    0x200000ac   Data           2  main.o(.data)
    C_Judge_No5_VVVF_Comm                    0x200000ae   Data           2  main.o(.data)
    T_Judge_No6_VVVF_Comm                    0x200000b0   Data           2  main.o(.data)
    C_Judge_No6_VVVF_Comm                    0x200000b2   Data           2  main.o(.data)
    T_Judge_No7_VVVF_Comm                    0x200000b4   Data           2  main.o(.data)
    C_Judge_No7_VVVF_Comm                    0x200000b6   Data           2  main.o(.data)
    T_Judge_No8_VVVF_Comm                    0x200000b8   Data           2  main.o(.data)
    C_Judge_No8_VVVF_Comm                    0x200000ba   Data           2  main.o(.data)
    F_No1_VVVFComm_Fault                     0x200000bc   Data           1  main.o(.data)
    F_No2_VVVFComm_Fault                     0x200000bd   Data           1  main.o(.data)
    F_No3_VVVFComm_Fault                     0x200000be   Data           1  main.o(.data)
    F_No4_VVVFComm_Fault                     0x200000bf   Data           1  main.o(.data)
    F_No5_VVVFComm_Fault                     0x200000c0   Data           1  main.o(.data)
    F_No6_VVVFComm_Fault                     0x200000c1   Data           1  main.o(.data)
    F_No7_VVVFComm_Fault                     0x200000c2   Data           1  main.o(.data)
    F_No8_VVVFComm_Fault                     0x200000c3   Data           1  main.o(.data)
    Count_Save1_No1_VVVF_Comm                0x200000c4   Data           2  main.o(.data)
    Count_Save2_No1_VVVF_Comm                0x200000c6   Data           2  main.o(.data)
    Count_Save1_No2_VVVF_Comm                0x200000c8   Data           2  main.o(.data)
    Count_Save2_No2_VVVF_Comm                0x200000ca   Data           2  main.o(.data)
    Count_Save1_No3_VVVF_Comm                0x200000cc   Data           2  main.o(.data)
    Count_Save2_No3_VVVF_Comm                0x200000ce   Data           2  main.o(.data)
    Count_Save1_No4_VVVF_Comm                0x200000d0   Data           2  main.o(.data)
    Count_Save2_No4_VVVF_Comm                0x200000d2   Data           2  main.o(.data)
    Count_Save1_No5_VVVF_Comm                0x200000d4   Data           2  main.o(.data)
    Count_Save2_No5_VVVF_Comm                0x200000d6   Data           2  main.o(.data)
    Count_Save1_No6_VVVF_Comm                0x200000d8   Data           2  main.o(.data)
    Count_Save2_No6_VVVF_Comm                0x200000da   Data           2  main.o(.data)
    Count_Save1_No7_VVVF_Comm                0x200000dc   Data           2  main.o(.data)
    Count_Save2_No7_VVVF_Comm                0x200000de   Data           2  main.o(.data)
    Count_Save1_No8_VVVF_Comm                0x200000e0   Data           2  main.o(.data)
    Count_Save2_No8_VVVF_Comm                0x200000e2   Data           2  main.o(.data)
    EXTI_InitStructure                       0x200000e4   Data           8  main.o(.data)
    NVIC_InitStructure                       0x200000ec   Data           4  main.o(.data)
    S_Display                                0x200000f0   Data           1  main.o(.data)
    __stdout                                 0x200000f4   Data           4  main.o(.data)
    T_BootParLst                             0x200000f8   Data           1  dowith.o(.data)
    C_BootParLst                             0x200000fa   Data           2  dowith.o(.data)
    S_BootParLst                             0x200000fc   Data           1  dowith.o(.data)
    T_SavePar                                0x200000fd   Data           1  dowith.o(.data)
    C_SavePar                                0x200000fe   Data           2  dowith.o(.data)
    S_SavePar                                0x20000100   Data           1  dowith.o(.data)
    T_ForceSavPar                            0x20000101   Data           1  dowith.o(.data)
    B_ForceSavPar                            0x20000102   Data           1  dowith.o(.data)
    C_ForceSavPar                            0x20000104   Data           2  dowith.o(.data)
    C_PowenOnDelay                           0x20000106   Data           2  dowith.o(.data)
    C_LedLight                               0x20000108   Data           2  dowith.o(.data)
    T_DataLampAllLight                       0x2000010a   Data           1  dowith.o(.data)
    C_DataLampAllLight                       0x2000010c   Data           2  dowith.o(.data)
    C_NetLedLightCSQ                         0x2000010e   Data           2  dowith.o(.data)
    T_Com2RcvReset                           0x20000110   Data           1  dowith.o(.data)
    C_Com2RcvReset                           0x20000112   Data           2  dowith.o(.data)
    T_Com2NoRcv                              0x20000114   Data           1  dowith.o(.data)
    C_Com2NoRcv                              0x20000116   Data           2  dowith.o(.data)
    T_Com3NoRcv                              0x20000118   Data           1  dowith.o(.data)
    C_Com3NoRcv                              0x2000011a   Data           2  dowith.o(.data)
    T_LCDBackLight                           0x2000011c   Data           1  dowith.o(.data)
    C_LCDBackLight                           0x2000011e   Data           2  dowith.o(.data)
    w32_SecCouter                            0x20000120   Data           4  dowith.o(.data)
    T_Reboot                                 0x20000124   Data           2  dowith.o(.data)
    C_Reboot                                 0x20000126   Data           2  dowith.o(.data)
    aa                                       0x20000128   Data           4  dowith.o(.data)
    UID                                      0x2000012c   Data           4  dowith.o(.data)
    LOCKCODE                                 0x20000130   Data           4  dowith.o(.data)
    Fml_Constant                             0x20000134   Data           4  dowith.o(.data)
    Result                                   0x20000138   Data           4  dowith.o(.data)
    C                                        0x2000013c   Data           4  dowith.o(.data)
    Fml_CRC16                                0x20000140   Data           2  dowith.o(.data)
    B_LockCodeOK                             0x20000142   Data           1  dowith.o(.data)
    Cw_Rcv1                                  0x20000144   Data           2  com1_232.o(.data)
    Cw_Txd1                                  0x20000146   Data           2  com1_232.o(.data)
    Cw_BakRcv1                               0x20000148   Data           2  com1_232.o(.data)
    Cw_Txd1Max                               0x2000014a   Data           2  com1_232.o(.data)
    Lw_Txd1ChkSum                            0x2000014c   Data           2  com1_232.o(.data)
    Lw_Com1RegAddr                           0x2000014e   Data           2  com1_232.o(.data)
    w_Txd1ChkSum                             0x20000150   Data           2  com1_232.o(.data)
    w_Com1RegAddr                            0x20000152   Data           2  com1_232.o(.data)
    Txd1Max                                  0x20000154   Data           2  com1_232.o(.data)
    Txd1Counter                              0x20000156   Data           2  com1_232.o(.data)
    BakRcv1Count                             0x20000158   Data           2  com1_232.o(.data)
    B_Com1Cmd03                              0x2000015a   Data           1  com1_232.o(.data)
    B_Com1Cmd16                              0x2000015b   Data           1  com1_232.o(.data)
    B_Com1Cmd01                              0x2000015c   Data           1  com1_232.o(.data)
    B_Com1Cmd06                              0x2000015d   Data           1  com1_232.o(.data)
    B_Com1Cmd73                              0x2000015e   Data           1  com1_232.o(.data)
    T_NoRcv1                                 0x2000015f   Data           1  com1_232.o(.data)
    C_NoRcv1                                 0x20000160   Data           2  com1_232.o(.data)
    S_Com1SendNoNum                          0x20000162   Data           1  com1_232.o(.data)
    S_Com1Send                               0x20000163   Data           1  com1_232.o(.data)
    F_Com1Send                               0x20000164   Data           1  com1_232.o(.data)
    T_Com1Send                               0x20000165   Data           1  com1_232.o(.data)
    C_Com1Send                               0x20000166   Data           2  com1_232.o(.data)
    T_Com1SendDelay                          0x20000168   Data           1  com1_232.o(.data)
    C_Com1SendDelay                          0x2000016a   Data           2  com1_232.o(.data)
    S_RdWrNo                                 0x2000016c   Data           1  com1_232.o(.data)
    B_ModYW310SZM220                         0x2000016d   Data           1  com1_232.o(.data)
    B_Com1Con                                0x2000016e   Data           1  com1_232.o(.data)
    T_Com1Err1                               0x2000016f   Data           1  com1_232.o(.data)
    C_Com1Err1                               0x20000170   Data           2  com1_232.o(.data)
    T_Com1Err2                               0x20000172   Data           1  com1_232.o(.data)
    C_Com1Err2                               0x20000174   Data           2  com1_232.o(.data)
    T_Com1NormalNext                         0x20000176   Data           1  com1_232.o(.data)
    C_Com1NormalNext                         0x20000178   Data           2  com1_232.o(.data)
    T_Com1OvertimeNext                       0x2000017a   Data           1  com1_232.o(.data)
    C_Com1OvertimeNext                       0x2000017c   Data           2  com1_232.o(.data)
    B_Com1Send1                              0x2000017e   Data           1  com1_232.o(.data)
    B_Com1Send2                              0x2000017f   Data           1  com1_232.o(.data)
    B_Com1Sd1End                             0x20000180   Data           1  com1_232.o(.data)
    B_Com1Sd2End                             0x20000181   Data           1  com1_232.o(.data)
    S_Com1MSend                              0x20000182   Data           1  com1_232.o(.data)
    F_Com1SendNext                           0x20000183   Data           1  com1_232.o(.data)
    F_Com1RCVCommandOk                       0x20000184   Data           1  com1_232.o(.data)
    Lw_Com1EquipmentNo1                      0x20000186   Data           2  com1_232.o(.data)
    Lw_Com1EquipmentNo2                      0x20000188   Data           2  com1_232.o(.data)
    Cw_Rcv2                                  0x2000018a   Data           2  com2_232.o(.data)
    Cw_Txd2                                  0x2000018c   Data           2  com2_232.o(.data)
    Cw_BakRcv2                               0x2000018e   Data           2  com2_232.o(.data)
    Cw_Txd2Max                               0x20000190   Data           2  com2_232.o(.data)
    Lw_Txd2ChkSum                            0x20000192   Data           2  com2_232.o(.data)
    Lw_Com2RegAddr                           0x20000194   Data           2  com2_232.o(.data)
    B_Com2Cmd03                              0x20000196   Data           1  com2_232.o(.data)
    B_Com2Cmd16                              0x20000197   Data           1  com2_232.o(.data)
    B_Com2Cmd01                              0x20000198   Data           1  com2_232.o(.data)
    B_Com2Cmd06                              0x20000199   Data           1  com2_232.o(.data)
    B_Com2Cmd73                              0x2000019a   Data           1  com2_232.o(.data)
    T_NoRcv2                                 0x2000019b   Data           1  com2_232.o(.data)
    C_NoRcv2                                 0x2000019c   Data           2  com2_232.o(.data)
    F_ModDspPar                              0x2000019e   Data           1  com2_232.o(.data)
    B_PcSetGprs                              0x2000019f   Data           1  com2_232.o(.data)
    Cw_Txd3TmpMax                            0x200001a0   Data           2  com3_232.o(.data)
    Cw_Rcv3                                  0x200001a2   Data           2  com3_232.o(.data)
    Cw_Txd3                                  0x200001a4   Data           2  com3_232.o(.data)
    Cw_BakRcv3                               0x200001a6   Data           2  com3_232.o(.data)
    Cw_Txd3Max                               0x200001a8   Data           2  com3_232.o(.data)
    Lw_Txd3ChkSum                            0x200001aa   Data           2  com3_232.o(.data)
    Lw_Com3RegAddr                           0x200001ac   Data           2  com3_232.o(.data)
    B_Com3Cmd03                              0x200001ae   Data           1  com3_232.o(.data)
    B_Com3Cmd16                              0x200001af   Data           1  com3_232.o(.data)
    B_Com3Cmd01                              0x200001b0   Data           1  com3_232.o(.data)
    B_Com3Cmd06                              0x200001b1   Data           1  com3_232.o(.data)
    B_Com3Cmd73                              0x200001b2   Data           1  com3_232.o(.data)
    T_NoRcv3                                 0x200001b3   Data           1  com3_232.o(.data)
    C_NoRcv3                                 0x200001b4   Data           2  com3_232.o(.data)
    C_M35Step                                0x200001b6   Data           2  com3_232.o(.data)
    S_M35PowerOnOff                          0x200001b8   Data           1  com3_232.o(.data)
    S_M35                                    0x200001b9   Data           1  com3_232.o(.data)
    AT_ComOk_Flag                            0x200001ba   Data           1  com3_232.o(.data)
    AT_CIPSEND_Flag                          0x200001bb   Data           1  com3_232.o(.data)
    Net_Error_Flag                           0x200001bc   Data           1  com3_232.o(.data)
    AT_3EOk_Flag                             0x200001bd   Data           1  com3_232.o(.data)
    AT_CallReadyOk_Flag                      0x200001be   Data           1  com3_232.o(.data)
    C_M35PowerOnOff                          0x200001c0   Data           2  com3_232.o(.data)
    C_M35SendSum                             0x200001c2   Data           2  com3_232.o(.data)
    ChannelNo                                0x200001c4   Data           1  com3_232.o(.data)
    B_Com3Cmd8B                              0x200001c5   Data           1  com3_232.o(.data)
    B_Com3Cmd8D                              0x200001c6   Data           1  com3_232.o(.data)
    B_Com3Cmd89                              0x200001c7   Data           1  com3_232.o(.data)
    B_OtherCmd                               0x200001c8   Data           1  com3_232.o(.data)
    B_DoWithData                             0x200001c9   Data           1  com3_232.o(.data)
    S_DtuInquireSend                         0x200001ca   Data           1  com3_232.o(.data)
    S_DtuSetSend                             0x200001cb   Data           1  com3_232.o(.data)
    S_GprsDataSend                           0x200001cc   Data           1  com3_232.o(.data)
    w_StringLength                           0x200001ce   Data           2  com3_232.o(.data)
    AccessPointLength                        0x200001d0   Data           1  com3_232.o(.data)
    DtuNoLength                              0x200001d1   Data           1  com3_232.o(.data)
    DomainName0Length                        0x200001d2   Data           1  com3_232.o(.data)
    DomainName1Length                        0x200001d3   Data           1  com3_232.o(.data)
    DomainName2Length                        0x200001d4   Data           1  com3_232.o(.data)
    DomainName3Length                        0x200001d5   Data           1  com3_232.o(.data)
    w_Txd3Number                             0x200001d6   Data           2  com3_232.o(.data)
    C_HeartDelay                             0x200001d8   Data           8  com3_232.o(.data)
    B_HeartSendAsk                           0x200001e0   Data           4  com3_232.o(.data)
    B_HeartSendFault                         0x200001e4   Data           4  com3_232.o(.data)
    S_HeartSendNow                           0x200001e8   Data           4  com3_232.o(.data)
    C_HeartSendNow                           0x200001ec   Data           8  com3_232.o(.data)
    S_HeartSend                              0x200001f4   Data           1  com3_232.o(.data)
    C_LinkDelay                              0x200001f6   Data           8  com3_232.o(.data)
    B_LinkAsk                                0x200001fe   Data           4  com3_232.o(.data)
    B_LinkAsk_DomainName                     0x20000202   Data           4  com3_232.o(.data)
    B_LinkFault                              0x20000206   Data           4  com3_232.o(.data)
    S_LinkNow                                0x2000020a   Data           4  com3_232.o(.data)
    S_LinkNow_DoName                         0x2000020e   Data           4  com3_232.o(.data)
    C_LinkNow                                0x20000212   Data           8  com3_232.o(.data)
    C_LinkNow_DoName                         0x2000021a   Data           8  com3_232.o(.data)
    S_SendLink                               0x20000222   Data           1  com3_232.o(.data)
    S_SendLink_DoName                        0x20000223   Data           1  com3_232.o(.data)
    B_FirstLink                              0x20000224   Data           4  com3_232.o(.data)
    B_FirstLink_DomainName                   0x20000228   Data           4  com3_232.o(.data)
    SendHeartNo                              0x2000022c   Data           1  com3_232.o(.data)
    ConnectNum                               0x2000022d   Data           1  com3_232.o(.data)
    ConnectNum_DomainName                    0x2000022e   Data           1  com3_232.o(.data)
    CGD0_LinkConnectOK                       0x2000022f   Data           6  com3_232.o(.data)
    F_IPOK                                   0x20000235   Data           6  com3_232.o(.data)
    CGD1_LinkConnectOK                       0x2000023b   Data           6  com3_232.o(.data)
    ZhuCeOkFLAG                              0x20000241   Data           6  com3_232.o(.data)
    CGD0_ConnectNo                           0x20000247   Data           1  com3_232.o(.data)
    DomainName_No                            0x20000248   Data           1  com3_232.o(.data)
    CGD1_ConnectNo                           0x20000249   Data           1  com3_232.o(.data)
    SendDataReturnNo                         0x2000024a   Data           1  com3_232.o(.data)
    C_DtuInquireSend                         0x2000024c   Data           2  com3_232.o(.data)
    C_DtuSetSend                             0x2000024e   Data           2  com3_232.o(.data)
    C_GprsDataSend                           0x20000250   Data           2  com3_232.o(.data)
    w_NewSmsNo                               0x20000252   Data           2  com3_232.o(.data)
    w_SmsMaxSum                              0x20000254   Data           2  com3_232.o(.data)
    w_SmsNowSum                              0x20000256   Data           2  com3_232.o(.data)
    CommandNo                                0x20000258   Data           1  com3_232.o(.data)
    SendSmsLength                            0x20000259   Data           1  com3_232.o(.data)
    S_SendSms                                0x2000025a   Data           1  com3_232.o(.data)
    C_SendSms                                0x2000025c   Data           2  com3_232.o(.data)
    S_ReadNewSms                             0x2000025e   Data           1  com3_232.o(.data)
    C_ReadNewSms                             0x20000260   Data           2  com3_232.o(.data)
    S_SmsFull                                0x20000262   Data           1  com3_232.o(.data)
    C_SmsFull                                0x20000264   Data           2  com3_232.o(.data)
    SmsFull                                  0x20000266   Data           1  com3_232.o(.data)
    B_SmsSetup                               0x20000267   Data           1  com3_232.o(.data)
    B_GprsDataReturn                         0x20000268   Data           1  com3_232.o(.data)
    B_SmsDtuRestart                          0x20000269   Data           1  com3_232.o(.data)
    B_SmsOrFaultHardRestart                  0x2000026a   Data           1  com3_232.o(.data)
    B_SmsWatchdogRestart                     0x2000026b   Data           1  com3_232.o(.data)
    B_SmsRunStop                             0x2000026c   Data           1  com3_232.o(.data)
    SmsControlStopValue                      0x2000026d   Data           1  com3_232.o(.data)
    C_DelayRunGprsModule                     0x2000026e   Data           2  com3_232.o(.data)
    B_CloseLink                              0x20000270   Data           4  com3_232.o(.data)
    ptr                                      0x20000274   Data           4  com3_232.o(.data)
    ptr1                                     0x20000278   Data           4  com3_232.o(.data)
    ptr2                                     0x2000027c   Data           4  com3_232.o(.data)
    ptr3                                     0x20000280   Data           4  com3_232.o(.data)
    B_ATComStatus                            0x20000284   Data           1  com3_232.o(.data)
    B_ConnectFail                            0x20000285   Data           4  com3_232.o(.data)
    B_NextS35Cmd                             0x20000289   Data           1  com3_232.o(.data)
    B_ZhuCeOkNum                             0x2000028a   Data           1  com3_232.o(.data)
    B_RcvFail                                0x2000028b   Data           4  com3_232.o(.data)
    C_SmsRunStop                             0x20000290   Data           2  com3_232.o(.data)
    BKCom1TxBuf                              0x20000292   Data           8  com3_232.o(.data)
    B_SendSmsRunStopCmdCount                 0x2000029a   Data           1  com3_232.o(.data)
    B_ZhuDongSendSms                         0x2000029b   Data           1  com3_232.o(.data)
    C_BetweenDtuInquireSend                  0x2000029c   Data           2  com3_232.o(.data)
    C_BetweenDtuSetSend                      0x2000029e   Data           2  com3_232.o(.data)
    C_BetweenSendDataReturn                  0x200002a0   Data           2  com3_232.o(.data)
    C_BetweenHeartSendNow                    0x200002a2   Data           2  com3_232.o(.data)
    C_BetweenSendSms                         0x200002a4   Data           2  com3_232.o(.data)
    B_WaitCallReady                          0x200002a6   Data           1  com3_232.o(.data)
    B_RestartNo                              0x200002a7   Data           1  com3_232.o(.data)
    T_WatchdogRestartDelay                   0x200002a8   Data           1  com3_232.o(.data)
    C_WatchdogRestartDelay                   0x200002aa   Data           2  com3_232.o(.data)
    p_Txd1Buffer                             0x200002ac   Data           4  com3_232.o(.data)
    Cw_Rcv4                                  0x200002b0   Data           2  com4_232.o(.data)
    Cw_Txd4                                  0x200002b2   Data           2  com4_232.o(.data)
    Cw_BakRcv4                               0x200002b4   Data           2  com4_232.o(.data)
    Cw_Txd4Max                               0x200002b6   Data           2  com4_232.o(.data)
    Lw_Txd4ChkSum                            0x200002b8   Data           2  com4_232.o(.data)
    Lw_Com4RegAddr                           0x200002ba   Data           2  com4_232.o(.data)
    B_Com4Cmd03                              0x200002bc   Data           1  com4_232.o(.data)
    B_Com4Cmd16                              0x200002bd   Data           1  com4_232.o(.data)
    B_Com4Cmd01                              0x200002be   Data           1  com4_232.o(.data)
    B_Com4Cmd06                              0x200002bf   Data           1  com4_232.o(.data)
    B_Com4Cmd73                              0x200002c0   Data           1  com4_232.o(.data)
    T_NoRcv4                                 0x200002c1   Data           1  com4_232.o(.data)
    C_NoRcv4                                 0x200002c2   Data           2  com4_232.o(.data)
    B_SaveLatLon                             0x200002c4   Data           1  com4_232.o(.data)
    Gps_ptr                                  0x200002c8   Data           4  com4_232.o(.data)
    Gps_Gps_ptr2                             0x200002cc   Data           4  com4_232.o(.data)
    Gps_Gps_ptr3                             0x200002d0   Data           4  com4_232.o(.data)
    Radio                                    0x200002d4   Data           4  com_lora.o(.data)
    B_LoRaSendMaster                         0x200002da   Data           1  com_lora.o(.data)
    T_LoRaSendTest                           0x200002db   Data           1  com_lora.o(.data)
    C_LoRaSendTest                           0x200002dc   Data           2  com_lora.o(.data)
    T_LoRaRcv                                0x200002de   Data           1  com_lora.o(.data)
    C_LoRaRcv                                0x200002e0   Data           2  com_lora.o(.data)
    B_LoRaRcv                                0x200002e2   Data           1  com_lora.o(.data)
    Cw_LoRaRx                                0x200002e4   Data           2  com_lora.o(.data)
    Cw_LoRaTx                                0x200002e6   Data           2  com_lora.o(.data)
    Cw_BakLoRaRx                             0x200002e8   Data           2  com_lora.o(.data)
    Cw_LoRaTxMax                             0x200002ea   Data           2  com_lora.o(.data)
    Lw_LoRaChkSum                            0x200002ec   Data           2  com_lora.o(.data)
    B_LoRaCmd03                              0x200002ee   Data           1  com_lora.o(.data)
    B_LoRaCmd16                              0x200002ef   Data           1  com_lora.o(.data)
    B_LoRaCmd01                              0x200002f0   Data           1  com_lora.o(.data)
    B_LoRaCmd06                              0x200002f1   Data           1  com_lora.o(.data)
    B_LoRaCmd73                              0x200002f2   Data           1  com_lora.o(.data)
    B_LoRaCmd03_Master                       0x200002f3   Data           1  com_lora.o(.data)
    B_LoRaCmd06_Master                       0x200002f4   Data           1  com_lora.o(.data)
    S_LoRaSendNoMaster                       0x200002f5   Data           1  com_lora.o(.data)
    T_LoRaCountNormalNext                    0x200002f6   Data           1  com_lora.o(.data)
    C_LoRaCountNormalNext                    0x200002f8   Data           2  com_lora.o(.data)
    T_LoRaDelaySend                          0x200002fa   Data           1  com_lora.o(.data)
    C_LoRaDelaySend                          0x200002fc   Data           2  com_lora.o(.data)
    T_LoRaCount1OvertimeNext                 0x200002fe   Data           1  com_lora.o(.data)
    C_LoRaCount1OvertimeNext                 0x20000300   Data           2  com_lora.o(.data)
    T_LoRaCount1Err                          0x20000302   Data           1  com_lora.o(.data)
    C_LoRaCount1Err                          0x20000304   Data           2  com_lora.o(.data)
    T_LoRaCount2Err                          0x20000306   Data           1  com_lora.o(.data)
    C_LoRaCount2Err                          0x20000308   Data           2  com_lora.o(.data)
    T_LoRaCount3Err                          0x2000030a   Data           1  com_lora.o(.data)
    C_LoRaCount3Err                          0x2000030c   Data           2  com_lora.o(.data)
    T_LoRaCount4Err                          0x2000030e   Data           1  com_lora.o(.data)
    C_LoRaCount4Err                          0x20000310   Data           2  com_lora.o(.data)
    T_LoRaCount5Err                          0x20000312   Data           1  com_lora.o(.data)
    C_LoRaCount5Err                          0x20000314   Data           2  com_lora.o(.data)
    T_LoRaCount6Err                          0x20000316   Data           1  com_lora.o(.data)
    C_LoRaCount6Err                          0x20000318   Data           2  com_lora.o(.data)
    T_LoRaCount7Err                          0x2000031a   Data           1  com_lora.o(.data)
    C_LoRaCount7Err                          0x2000031c   Data           2  com_lora.o(.data)
    T_LoRaCount8Err                          0x2000031e   Data           1  com_lora.o(.data)
    C_LoRaCount8Err                          0x20000320   Data           2  com_lora.o(.data)
    T_LoRaCount9Err                          0x20000322   Data           1  com_lora.o(.data)
    C_LoRaCount9Err                          0x20000324   Data           2  com_lora.o(.data)
    B_LoRaErrWithModule9                     0x20000326   Data           1  com_lora.o(.data)
    B_LoRaErrWithModule1                     0x20000327   Data           1  com_lora.o(.data)
    B_LoRaErrWithModule2                     0x20000328   Data           1  com_lora.o(.data)
    B_LoRaErrWithModule3                     0x20000329   Data           1  com_lora.o(.data)
    B_LoRaErrWithModule4                     0x2000032a   Data           1  com_lora.o(.data)
    B_LoRaErrWithModule5                     0x2000032b   Data           1  com_lora.o(.data)
    B_LoRaErrWithModule6                     0x2000032c   Data           1  com_lora.o(.data)
    B_LoRaErrWithModule7                     0x2000032d   Data           1  com_lora.o(.data)
    B_LoRaErrWithModule8                     0x2000032e   Data           1  com_lora.o(.data)
    B_LoRaRCVCommandOk                       0x2000032f   Data           1  com_lora.o(.data)
    T_LoRaNoRcvMasterCMD                     0x20000330   Data           1  com_lora.o(.data)
    C_LoRaNoRcvMasterCMD                     0x20000332   Data           2  com_lora.o(.data)
    B_LoRaNoRcvMasterCMD                     0x20000334   Data           1  com_lora.o(.data)
    T_LoRaSendOverTime                       0x20000335   Data           1  com_lora.o(.data)
    C_LoRaSendOverTime                       0x20000336   Data           2  com_lora.o(.data)
    B_LoraSendWrite                          0x20000338   Data           1  com_lora.o(.data)
    B_LoraSendWriteLength                    0x20000339   Data           1  com_lora.o(.data)
    T_LoRaLeiDa                              0x2000033a   Data           1  com_lora.o(.data)
    C_LoRaLeiDa                              0x2000033c   Data           2  com_lora.o(.data)
    Key_Pressed                              0x2000033e   Data           1  key_menu.o(.data)
    Key_Data                                 0x2000033f   Data           1  key_menu.o(.data)
    Sa_OldKeyData                            0x20000340   Data           1  key_menu.o(.data)
    Lw_PageNo                                0x20000342   Data           2  key_menu.o(.data)
    Lw_SavePageNo                            0x20000344   Data           2  key_menu.o(.data)
    F_KeyExec                                0x20000346   Data           1  key_menu.o(.data)
    S_ModParStatus                           0x20000347   Data           1  key_menu.o(.data)
    ModParNo                                 0x20000348   Data           1  key_menu.o(.data)
    F_ModPar1                                0x20000349   Data           1  key_menu.o(.data)
    F_ModPar2                                0x2000034a   Data           1  key_menu.o(.data)
    F_ModPar3                                0x2000034b   Data           1  key_menu.o(.data)
    F_ModPar4                                0x2000034c   Data           1  key_menu.o(.data)
    F_ModPar5                                0x2000034d   Data           1  key_menu.o(.data)
    F_ModPar6                                0x2000034e   Data           1  key_menu.o(.data)
    Sa_ModParKeyData                         0x2000034f   Data           1  key_menu.o(.data)
    ModParBitPos                             0x20000350   Data           1  key_menu.o(.data)
    T_LcdDisplay                             0x20000351   Data           1  key_menu.o(.data)
    C_LcdDisplay                             0x20000352   Data           2  key_menu.o(.data)
    T_KeyPressOverTime                       0x20000354   Data           1  key_menu.o(.data)
    C_KeyPressOverTime                       0x20000356   Data           2  key_menu.o(.data)
    B_RightKeyCount                          0x20000358   Data           1  key_menu.o(.data)
    B_LeftKeyCount                           0x20000359   Data           1  key_menu.o(.data)
    B_PressedStopRunKey                      0x2000035a   Data           1  key_menu.o(.data)
    T_TimeUpdatePage                         0x2000035b   Data           1  key_menu.o(.data)
    C_TimeUpdatePage                         0x2000035c   Data           2  key_menu.o(.data)
    B_TimeReadBPDJPar                        0x2000035e   Data           1  key_menu.o(.data)
    T_TimeReadBPDJPar                        0x2000035f   Data           1  key_menu.o(.data)
    C_TimeReadBPDJPar                        0x20000360   Data           2  key_menu.o(.data)
    Lw_KEYStableCounter                      0x20000362   Data           2  key_menu.o(.data)
    Lw_TmpModParValue                        0x20000364   Data           2  key_menu.o(.data)
    Lw_OldModParValue                        0x20000366   Data           2  key_menu.o(.data)
    S_OldModParStatus                        0x20000368   Data           1  key_menu.o(.data)
    S_DisplayPar                             0x20000369   Data           1  key_menu.o(.data)
    sysTickValue                             0x2000036c   Data           4  lcd.o(.data)
    Remainder                                0x20000370   Data           1  lcd.o(.data)
    Quotient                                 0x20000371   Data           1  lcd.o(.data)
    B_DispZero                               0x20000372   Data           1  lcd.o(.data)
    LastError                                0x20000374   Data           2  xmodem.o(.data)
    C_ReceiveChar                            0x20000376   Data           2  xmodem.o(.data)
    Lw_GprsReceiveCount                      0x20000378   Data           2  xmodem.o(.data)
    Lw_GprsTmp                               0x2000037a   Data           2  xmodem.o(.data)
    tmp                                      0x2000037c   Data           1  xmodem.o(.data)
    B_Xmodem                                 0x2000037d   Data           1  xmodem.o(.data)
    LastError_Com1                           0x2000037e   Data           2  xmodem_1.o(.data)
    C_ReceiveChar_Com1                       0x20000380   Data           2  xmodem_1.o(.data)
    Lw_GprsReceiveCount_Com1                 0x20000382   Data           2  xmodem_1.o(.data)
    Lw_GprsTmp_Com1                          0x20000384   Data           2  xmodem_1.o(.data)
    tmp_Com1                                 0x20000386   Data           1  xmodem_1.o(.data)
    B_Xmodem_Com1                            0x20000387   Data           1  xmodem_1.o(.data)
    FskSettings                              0x20000390   Data          28  sx1276-fsk.o(.data)
    SX1276                                   0x200003ac   Data           4  sx1276-fsk.o(.data)
    LoRaSettings                             0x200003f0   Data          28  sx1276-lora.o(.data)
    SX1276LR                                 0x2000040c   Data           4  sx1276-lora.o(.data)
    TickCounter                              0x20000430   Data           4  sx12xxeiger.o(.data)
    SoftClock                                0x20000434   Data           9  main.o(.bss)
    w_AI                                     0x2000043e   Data          16  main.o(.bss)
    Pw_ParLst                                0x2000044e   Data        1000  main.o(.bss)
    w_ParLst                                 0x20000836   Data        2000  main.o(.bss)
    Pw_dspParLst                             0x20001006   Data         200  main.o(.bss)
    w_dspParLst                              0x200010ce   Data         300  main.o(.bss)
    w_GprsParLst                             0x200011fa   Data         360  main.o(.bss)
    GprsPar                                  0x20001362   Data         288  main.o(.bss)
    w_DNBParLst                              0x20001482   Data        2000  main.o(.bss)
    APN_Name                                 0x20001c52   Data          31  main.o(.bss)
    Pw_ParLst_GPRS                           0x20001c72   Data         512  main.o(.bss)
    ReceiveGPRSBuf                           0x20001e72   Data        1536  main.o(.bss)
    DTUIDBuf                                 0x20002472   Data          11  main.o(.bss)
    TIM_TimeBaseStructure                    0x2000247e   Data          10  main.o(.bss)
    TIM_OCInitStructure                      0x20002488   Data          16  main.o(.bss)
    D                                        0x20002498   Data          12  dowith.o(.bss)
    Txd1Buffer                               0x200024a4   Data        1536  com1_232.o(.bss)
    Rcv1Buffer                               0x20002aa4   Data        2048  com1_232.o(.bss)
    Txd1Buffer_TEMP                          0x200032a4   Data        1536  com1_232.o(.bss)
    Txd2Buffer                               0x200038a4   Data        1536  com2_232.o(.bss)
    Rcv2Buffer                               0x20003ea4   Data        2048  com2_232.o(.bss)
    Txd2Buffer_TEMP                          0x200046a4   Data        1536  com2_232.o(.bss)
    Txd3Buffer                               0x20004ca4   Data         512  com3_232.o(.bss)
    Rcv3Buffer                               0x20004ea4   Data        1536  com3_232.o(.bss)
    Rcv3_Back_Buffer                         0x200054a4   Data        1536  com3_232.o(.bss)
    Txd3TmpBuffer                            0x20005aa4   Data         512  com3_232.o(.bss)
    ComeSmsPhone                             0x20005ca4   Data          11  com3_232.o(.bss)
    StringBuffer                             0x20005caf   Data          12  com3_232.o(.bss)
    SendSmsBuf                               0x20005cbb   Data         150  com3_232.o(.bss)
    Csq                                      0x20005d51   Data          10  com3_232.o(.bss)
    p1_TmpBuf                                0x20005d5b   Data         100  com3_232.o(.bss)
    p_TmpBuf                                 0x20005dbf   Data         512  com3_232.o(.bss)
    domain_name                              0x20005fbf   Data          31  com3_232.o(.bss)
    Txd4Buffer                               0x20005fde   Data         200  com4_232.o(.bss)
    Rcv4Buffer                               0x200060a6   Data         200  com4_232.o(.bss)
    GPS_StringBuffer                         0x2000616e   Data          12  com4_232.o(.bss)
    LoRaTxBuf                                0x2000617a   Data         100  com_lora.o(.bss)
    LoRaRxBuf                                0x200061de   Data         100  com_lora.o(.bss)
    LoRaTxBuf2                               0x20006242   Data         100  com_lora.o(.bss)
    LoRaRxBuf2                               0x200062a6   Data         100  com_lora.o(.bss)
    RadioDriver                              0x2000630c   Data          24  radio.o(.bss)
    SX1276Regs                               0x20006324   Data         112  sx1276.o(.bss)
    __libspace_start                         0x20006594   Data          96  libspace.o(.bss)
    __temporary_stack_top$libspace           0x200065f4   Data           0  libspace.o(.bss)



==============================================================================

Memory Map of the image

  Image Entry point : 0x08000131

  Load Region LR_IROM1 (Base: 0x08000000, Size: 0x0002bfec, Max: 0x00040000, ABSOLUTE, COMPRESSED[0x0002bc20])

    Execution Region ER_IROM1 (Exec base: 0x08000000, Load base: 0x08000000, Size: 0x0002bbb8, Max: 0x00040000, ABSOLUTE)

    Exec Addr    Load Addr    Size         Type   Attr      Idx    E Section Name        Object

    0x08000000   0x08000000   0x00000130   Data   RO          366    RESET               startup_stm32f10x_hd.o
    0x08000130   0x08000130   0x00000008   Code   RO         1356  * !!!main             c_w.l(__main.o)
    0x08000138   0x08000138   0x00000034   Code   RO         1777    !!!scatter          c_w.l(__scatter.o)
    0x0800016c   0x0800016c   0x0000005a   Code   RO         1775    !!dczerorl2         c_w.l(__dczerorl2.o)
    0x080001c6   0x080001c6   0x00000002   PAD
    0x080001c8   0x080001c8   0x0000001c   Code   RO         1779    !!handler_zi        c_w.l(__scatter_zi.o)
    0x080001e4   0x080001e4   0x00000000   Code   RO         1341    .ARM.Collect$$_printf_percent$$00000000  c_w.l(_printf_percent.o)
    0x080001e4   0x080001e4   0x00000006   Code   RO         1487    .ARM.Collect$$_printf_percent$$00000001  c_w.l(_printf_n.o)
    0x080001ea   0x080001ea   0x00000006   Code   RO         1489    .ARM.Collect$$_printf_percent$$00000002  c_w.l(_printf_p.o)
    0x080001f0   0x080001f0   0x00000006   Code   RO         1493    .ARM.Collect$$_printf_percent$$00000003  c_w.l(_printf_f.o)
    0x080001f6   0x080001f6   0x00000006   Code   RO         1494    .ARM.Collect$$_printf_percent$$00000004  c_w.l(_printf_e.o)
    0x080001fc   0x080001fc   0x00000006   Code   RO         1495    .ARM.Collect$$_printf_percent$$00000005  c_w.l(_printf_g.o)
    0x08000202   0x08000202   0x00000006   Code   RO         1496    .ARM.Collect$$_printf_percent$$00000006  c_w.l(_printf_a.o)
    0x08000208   0x08000208   0x0000000a   Code   RO         1501    .ARM.Collect$$_printf_percent$$00000007  c_w.l(_printf_ll.o)
    0x08000212   0x08000212   0x00000006   Code   RO         1491    .ARM.Collect$$_printf_percent$$00000008  c_w.l(_printf_i.o)
    0x08000218   0x08000218   0x00000006   Code   RO         1340    .ARM.Collect$$_printf_percent$$00000009  c_w.l(_printf_d.o)
    0x0800021e   0x0800021e   0x00000006   Code   RO         1492    .ARM.Collect$$_printf_percent$$0000000A  c_w.l(_printf_u.o)
    0x08000224   0x08000224   0x00000006   Code   RO         1490    .ARM.Collect$$_printf_percent$$0000000B  c_w.l(_printf_o.o)
    0x0800022a   0x0800022a   0x00000006   Code   RO         1488    .ARM.Collect$$_printf_percent$$0000000C  c_w.l(_printf_x.o)
    0x08000230   0x08000230   0x00000006   Code   RO         1498    .ARM.Collect$$_printf_percent$$0000000D  c_w.l(_printf_lli.o)
    0x08000236   0x08000236   0x00000006   Code   RO         1499    .ARM.Collect$$_printf_percent$$0000000E  c_w.l(_printf_lld.o)
    0x0800023c   0x0800023c   0x00000006   Code   RO         1500    .ARM.Collect$$_printf_percent$$0000000F  c_w.l(_printf_llu.o)
    0x08000242   0x08000242   0x00000006   Code   RO         1505    .ARM.Collect$$_printf_percent$$00000010  c_w.l(_printf_llo.o)
    0x08000248   0x08000248   0x00000006   Code   RO         1506    .ARM.Collect$$_printf_percent$$00000011  c_w.l(_printf_llx.o)
    0x0800024e   0x0800024e   0x0000000a   Code   RO         1502    .ARM.Collect$$_printf_percent$$00000012  c_w.l(_printf_l.o)
    0x08000258   0x08000258   0x00000006   Code   RO         1486    .ARM.Collect$$_printf_percent$$00000013  c_w.l(_printf_c.o)
    0x0800025e   0x0800025e   0x00000006   Code   RO         1339    .ARM.Collect$$_printf_percent$$00000014  c_w.l(_printf_s.o)
    0x08000264   0x08000264   0x00000006   Code   RO         1503    .ARM.Collect$$_printf_percent$$00000015  c_w.l(_printf_lc.o)
    0x0800026a   0x0800026a   0x00000006   Code   RO         1504    .ARM.Collect$$_printf_percent$$00000016  c_w.l(_printf_ls.o)
    0x08000270   0x08000270   0x00000004   Code   RO         1497    .ARM.Collect$$_printf_percent$$00000017  c_w.l(_printf_percent_end.o)
    0x08000274   0x08000274   0x00000002   Code   RO         1644    .ARM.Collect$$libinit$$00000000  c_w.l(libinit.o)
    0x08000276   0x08000276   0x00000000   Code   RO         1654    .ARM.Collect$$libinit$$00000002  c_w.l(libinit2.o)
    0x08000276   0x08000276   0x00000000   Code   RO         1656    .ARM.Collect$$libinit$$00000004  c_w.l(libinit2.o)
    0x08000276   0x08000276   0x00000000   Code   RO         1659    .ARM.Collect$$libinit$$0000000A  c_w.l(libinit2.o)
    0x08000276   0x08000276   0x00000000   Code   RO         1661    .ARM.Collect$$libinit$$0000000C  c_w.l(libinit2.o)
    0x08000276   0x08000276   0x00000000   Code   RO         1663    .ARM.Collect$$libinit$$0000000E  c_w.l(libinit2.o)
    0x08000276   0x08000276   0x00000006   Code   RO         1664    .ARM.Collect$$libinit$$0000000F  c_w.l(libinit2.o)
    0x0800027c   0x0800027c   0x00000000   Code   RO         1666    .ARM.Collect$$libinit$$00000011  c_w.l(libinit2.o)
    0x0800027c   0x0800027c   0x0000000c   Code   RO         1667    .ARM.Collect$$libinit$$00000012  c_w.l(libinit2.o)
    0x08000288   0x08000288   0x00000000   Code   RO         1668    .ARM.Collect$$libinit$$00000013  c_w.l(libinit2.o)
    0x08000288   0x08000288   0x00000000   Code   RO         1670    .ARM.Collect$$libinit$$00000015  c_w.l(libinit2.o)
    0x08000288   0x08000288   0x0000000a   Code   RO         1671    .ARM.Collect$$libinit$$00000016  c_w.l(libinit2.o)
    0x08000292   0x08000292   0x00000000   Code   RO         1672    .ARM.Collect$$libinit$$00000017  c_w.l(libinit2.o)
    0x08000292   0x08000292   0x00000000   Code   RO         1674    .ARM.Collect$$libinit$$00000019  c_w.l(libinit2.o)
    0x08000292   0x08000292   0x00000000   Code   RO         1676    .ARM.Collect$$libinit$$0000001B  c_w.l(libinit2.o)
    0x08000292   0x08000292   0x00000000   Code   RO         1678    .ARM.Collect$$libinit$$0000001D  c_w.l(libinit2.o)
    0x08000292   0x08000292   0x00000000   Code   RO         1680    .ARM.Collect$$libinit$$0000001F  c_w.l(libinit2.o)
    0x08000292   0x08000292   0x00000000   Code   RO         1682    .ARM.Collect$$libinit$$00000021  c_w.l(libinit2.o)
    0x08000292   0x08000292   0x00000000   Code   RO         1684    .ARM.Collect$$libinit$$00000023  c_w.l(libinit2.o)
    0x08000292   0x08000292   0x00000000   Code   RO         1686    .ARM.Collect$$libinit$$00000025  c_w.l(libinit2.o)
    0x08000292   0x08000292   0x00000000   Code   RO         1690    .ARM.Collect$$libinit$$0000002C  c_w.l(libinit2.o)
    0x08000292   0x08000292   0x00000000   Code   RO         1692    .ARM.Collect$$libinit$$0000002E  c_w.l(libinit2.o)
    0x08000292   0x08000292   0x00000000   Code   RO         1694    .ARM.Collect$$libinit$$00000030  c_w.l(libinit2.o)
    0x08000292   0x08000292   0x00000000   Code   RO         1696    .ARM.Collect$$libinit$$00000032  c_w.l(libinit2.o)
    0x08000292   0x08000292   0x00000002   Code   RO         1697    .ARM.Collect$$libinit$$00000033  c_w.l(libinit2.o)
    0x08000294   0x08000294   0x00000002   Code   RO         1717    .ARM.Collect$$libshutdown$$00000000  c_w.l(libshutdown.o)
    0x08000296   0x08000296   0x00000000   Code   RO         1727    .ARM.Collect$$libshutdown$$00000002  c_w.l(libshutdown2.o)
    0x08000296   0x08000296   0x00000000   Code   RO         1729    .ARM.Collect$$libshutdown$$00000004  c_w.l(libshutdown2.o)
    0x08000296   0x08000296   0x00000000   Code   RO         1732    .ARM.Collect$$libshutdown$$00000007  c_w.l(libshutdown2.o)
    0x08000296   0x08000296   0x00000000   Code   RO         1735    .ARM.Collect$$libshutdown$$0000000A  c_w.l(libshutdown2.o)
    0x08000296   0x08000296   0x00000000   Code   RO         1737    .ARM.Collect$$libshutdown$$0000000C  c_w.l(libshutdown2.o)
    0x08000296   0x08000296   0x00000000   Code   RO         1740    .ARM.Collect$$libshutdown$$0000000F  c_w.l(libshutdown2.o)
    0x08000296   0x08000296   0x00000002   Code   RO         1741    .ARM.Collect$$libshutdown$$00000010  c_w.l(libshutdown2.o)
    0x08000298   0x08000298   0x00000000   Code   RO         1430    .ARM.Collect$$rtentry$$00000000  c_w.l(__rtentry.o)
    0x08000298   0x08000298   0x00000000   Code   RO         1559    .ARM.Collect$$rtentry$$00000002  c_w.l(__rtentry2.o)
    0x08000298   0x08000298   0x00000006   Code   RO         1571    .ARM.Collect$$rtentry$$00000004  c_w.l(__rtentry4.o)
    0x0800029e   0x0800029e   0x00000000   Code   RO         1561    .ARM.Collect$$rtentry$$00000009  c_w.l(__rtentry2.o)
    0x0800029e   0x0800029e   0x00000004   Code   RO         1562    .ARM.Collect$$rtentry$$0000000A  c_w.l(__rtentry2.o)
    0x080002a2   0x080002a2   0x00000000   Code   RO         1564    .ARM.Collect$$rtentry$$0000000C  c_w.l(__rtentry2.o)
    0x080002a2   0x080002a2   0x00000008   Code   RO         1565    .ARM.Collect$$rtentry$$0000000D  c_w.l(__rtentry2.o)
    0x080002aa   0x080002aa   0x00000002   Code   RO         1649    .ARM.Collect$$rtexit$$00000000  c_w.l(rtexit.o)
    0x080002ac   0x080002ac   0x00000000   Code   RO         1701    .ARM.Collect$$rtexit$$00000002  c_w.l(rtexit2.o)
    0x080002ac   0x080002ac   0x00000004   Code   RO         1702    .ARM.Collect$$rtexit$$00000003  c_w.l(rtexit2.o)
    0x080002b0   0x080002b0   0x00000006   Code   RO         1703    .ARM.Collect$$rtexit$$00000004  c_w.l(rtexit2.o)
    0x080002b6   0x080002b6   0x00000002   PAD
    0x080002b8   0x080002b8   0x000001e0   Code   RO            3    .text               system_stm32f10x.o
    0x08000498   0x08000498   0x000003a4   Code   RO          120    .text               stm32f10x_rcc.o
    0x0800083c   0x0800083c   0x000000dc   Code   RO          146    .text               misc.o
    0x08000918   0x08000918   0x0000035c   Code   RO          166    .text               stm32f10x_gpio.o
    0x08000c74   0x08000c74   0x00000408   Code   RO          186    .text               stm32f10x_usart.o
    0x0800107c   0x0800107c   0x000005bc   Code   RO          206    .text               stm32f10x_flash.o
    0x08001638   0x08001638   0x0000030c   Code   RO          246    .text               stm32f10x_spi.o
    0x08001944   0x08001944   0x00000e1a   Code   RO          266    .text               stm32f10x_tim.o
    0x0800275e   0x0800275e   0x00000002   PAD
    0x08002760   0x08002760   0x0000011c   Code   RO          326    .text               stm32f10x_exti.o
    0x0800287c   0x0800287c   0x00000040   Code   RO          367    .text               startup_stm32f10x_hd.o
    0x080028bc   0x080028bc   0x0000077c   Code   RO          373    .text               main.o
    0x08003038   0x08003038   0x00001404   Code   RO          467    .text               dowith.o
    0x0800443c   0x0800443c   0x00001408   Code   RO          501    .text               com1_232.o
    0x08005844   0x08005844   0x000009ac   Code   RO          536    .text               com2_232.o
    0x080061f0   0x080061f0   0x0000546c   Code   RO          565    .text               com3_232.o
    0x0800b65c   0x0800b65c   0x00000bb4   Code   RO          612    .text               com4_232.o
    0x0800c210   0x0800c210   0x000005d0   Code   RO          637    .text               stm32f10x_it.o
    0x0800c7e0   0x0800c7e0   0x000003cc   Code   RO          666    .text               spi_flash.o
    0x0800cbac   0x0800cbac   0x000029a4   Code   RO          686    .text               com_lora.o
    0x0800f550   0x0800f550   0x00000b44   Code   RO          715    .text               gprs_at.o
    0x08010094   0x08010094   0x000129bc   Code   RO          749    .text               key_menu.o
    0x08022a50   0x08022a50   0x00000a6c   Code   RO          776    .text               lcd.o
    0x080234bc   0x080234bc   0x00000bb0   Code   RO          831    .text               xmodem.o
    0x0802406c   0x0802406c   0x00000b20   Code   RO          885    .text               xmodem_1.o
    0x08024b8c   0x08024b8c   0x0000003c   Code   RO          912    .text               radio.o
    0x08024bc8   0x08024bc8   0x0000028c   Code   RO         1041    .text               sx1276.o
    0x08024e54   0x08024e54   0x000009b0   Code   RO         1078    .text               sx1276-fsk.o
    0x08025804   0x08025804   0x00000a18   Code   RO         1108    .text               sx1276-fskmisc.o
    0x0802621c   0x0802621c   0x00000958   Code   RO         1129    .text               sx1276-lora.o
    0x08026b74   0x08026b74   0x00000720   Code   RO         1160    .text               sx1276-loramisc.o
    0x08027294   0x08027294   0x000000d4   Code   RO         1204    .text               spi.o
    0x08027368   0x08027368   0x0000026c   Code   RO         1278    .text               sx1276-hal.o
    0x080275d4   0x080275d4   0x00000002   Code   RO         1301    .text               c_w.l(use_no_semi_2.o)
    0x080275d6   0x080275d6   0x00000002   PAD
    0x080275d8   0x080275d8   0x00000024   Code   RO         1303    .text               c_w.l(c89vsprintf.o)
    0x080275fc   0x080275fc   0x00000018   Code   RO         1305    .text               c_w.l(__2printf.o)
    0x08027614   0x08027614   0x0000002c   Code   RO         1307    .text               c_w.l(__2sprintf.o)
    0x08027640   0x08027640   0x00000052   Code   RO         1315    .text               c_w.l(_printf_str.o)
    0x08027692   0x08027692   0x00000002   PAD
    0x08027694   0x08027694   0x00000078   Code   RO         1317    .text               c_w.l(_printf_dec.o)
    0x0802770c   0x0802770c   0x00000188   Code   RO         1336    .text               c_w.l(__printf_flags_ss_wp.o)
    0x08027894   0x08027894   0x0000001a   Code   RO         1342    .text               c_w.l(atoi.o)
    0x080278ae   0x080278ae   0x00000024   Code   RO         1344    .text               c_w.l(strstr.o)
    0x080278d2   0x080278d2   0x0000003e   Code   RO         1346    .text               c_w.l(strlen.o)
    0x08027910   0x08027910   0x0000008a   Code   RO         1348    .text               c_w.l(rt_memcpy_v6.o)
    0x0802799a   0x0802799a   0x00000044   Code   RO         1350    .text               c_w.l(rt_memclr.o)
    0x080279de   0x080279de   0x0000004e   Code   RO         1352    .text               c_w.l(rt_memclr_w.o)
    0x08027a2c   0x08027a2c   0x00000006   Code   RO         1354    .text               c_w.l(heapauxi.o)
    0x08027a32   0x08027a32   0x00000002   Code   RO         1428    .text               c_w.l(use_no_semi.o)
    0x08027a34   0x08027a34   0x00000008   Code   RO         1434    .text               c_w.l(rt_errno_addr_intlibspace.o)
    0x08027a3c   0x08027a3c   0x00000016   Code   RO         1436    .text               c_w.l(_rserrno.o)
    0x08027a52   0x08027a52   0x0000004e   Code   RO         1438    .text               c_w.l(_printf_pad.o)
    0x08027aa0   0x08027aa0   0x00000024   Code   RO         1440    .text               c_w.l(_printf_truncate.o)
    0x08027ac4   0x08027ac4   0x000000b2   Code   RO         1442    .text               c_w.l(_printf_intcommon.o)
    0x08027b76   0x08027b76   0x00000028   Code   RO         1444    .text               c_w.l(_printf_charcount.o)
    0x08027b9e   0x08027b9e   0x00000002   PAD
    0x08027ba0   0x08027ba0   0x00000030   Code   RO         1446    .text               c_w.l(_printf_char_common.o)
    0x08027bd0   0x08027bd0   0x0000000a   Code   RO         1448    .text               c_w.l(_sputc.o)
    0x08027bda   0x08027bda   0x0000002c   Code   RO         1450    .text               c_w.l(_printf_char.o)
    0x08027c06   0x08027c06   0x00000002   PAD
    0x08027c08   0x08027c08   0x00000024   Code   RO         1452    .text               c_w.l(_printf_char_file.o)
    0x08027c2c   0x08027c2c   0x000000bc   Code   RO         1454    .text               c_w.l(_printf_wctomb.o)
    0x08027ce8   0x08027ce8   0x0000007c   Code   RO         1457    .text               c_w.l(_printf_longlong_dec.o)
    0x08027d64   0x08027d64   0x00000070   Code   RO         1463    .text               c_w.l(_printf_oct_int_ll.o)
    0x08027dd4   0x08027dd4   0x00000094   Code   RO         1483    .text               c_w.l(_printf_hex_int_ll_ptr.o)
    0x08027e68   0x08027e68   0x00000070   Code   RO         1507    .text               c_w.l(strtol.o)
    0x08027ed8   0x08027ed8   0x00000064   Code   RO         1509    .text               c_w.l(rt_memcpy_w.o)
    0x08027f3c   0x08027f3c   0x00000008   Code   RO         1555    .text               c_w.l(libspace.o)
    0x08027f44   0x08027f44   0x00000010   Code   RO         1573    .text               c_w.l(rt_ctype_table.o)
    0x08027f54   0x08027f54   0x0000008a   Code   RO         1575    .text               c_w.l(lludiv10.o)
    0x08027fde   0x08027fde   0x0000041e   Code   RO         1577    .text               c_w.l(_printf_fp_dec.o)
    0x080283fc   0x080283fc   0x0000002c   Code   RO         1581    .text               c_w.l(_printf_wchar.o)
    0x08028428   0x08028428   0x0000009e   Code   RO         1583    .text               c_w.l(_strtoul.o)
    0x080284c6   0x080284c6   0x00000008   Code   RO         1585    .text               c_w.l(ferror.o)
    0x080284ce   0x080284ce   0x00000040   Code   RO         1589    .text               c_w.l(_wcrtomb.o)
    0x0802850e   0x0802850e   0x0000004a   Code   RO         1595    .text               c_w.l(sys_stackheap_outer.o)
    0x08028558   0x08028558   0x00000008   Code   RO         1600    .text               c_w.l(rt_locale_intlibspace.o)
    0x08028560   0x08028560   0x00000080   Code   RO         1602    .text               c_w.l(_printf_fp_infnan.o)
    0x080285e0   0x080285e0   0x0000001c   Code   RO         1604    .text               c_w.l(_chval.o)
    0x080285fc   0x080285fc   0x000000e4   Code   RO         1606    .text               c_w.l(bigflt0.o)
    0x080286e0   0x080286e0   0x00000012   Code   RO         1637    .text               c_w.l(exit.o)
    0x080286f2   0x080286f2   0x00000002   PAD
    0x080286f4   0x080286f4   0x00000080   Code   RO         1651    .text               c_w.l(strcmpv7m.o)
    0x08028774   0x08028774   0x0000003e   Code   RO         1609    CL$$btod_d2e        c_w.l(btod.o)
    0x080287b2   0x080287b2   0x00000046   Code   RO         1611    CL$$btod_d2e_denorm_low  c_w.l(btod.o)
    0x080287f8   0x080287f8   0x00000060   Code   RO         1610    CL$$btod_d2e_norm_op1  c_w.l(btod.o)
    0x08028858   0x08028858   0x00000338   Code   RO         1619    CL$$btod_div_common  c_w.l(btod.o)
    0x08028b90   0x08028b90   0x000000dc   Code   RO         1616    CL$$btod_e2e        c_w.l(btod.o)
    0x08028c6c   0x08028c6c   0x0000002a   Code   RO         1613    CL$$btod_ediv       c_w.l(btod.o)
    0x08028c96   0x08028c96   0x0000002a   Code   RO         1612    CL$$btod_emul       c_w.l(btod.o)
    0x08028cc0   0x08028cc0   0x00000244   Code   RO         1618    CL$$btod_mult_common  c_w.l(btod.o)
    0x08028f04   0x08028f04   0x00000028   Code   RO         1542    i.__ARM_fpclassify  m_ws.l(fpclassify.o)
    0x08028f2c   0x08028f2c   0x000000aa   Code   RO         1544    i.__kernel_poly     m_ws.l(poly.o)
    0x08028fd6   0x08028fd6   0x00000002   PAD
    0x08028fd8   0x08028fd8   0x00000010   Code   RO         1528    i.__mathlib_dbl_divzero  m_ws.l(dunder.o)
    0x08028fe8   0x08028fe8   0x00000004   Code   RO         1530    i.__mathlib_dbl_infnan2  m_ws.l(dunder.o)
    0x08028fec   0x08028fec   0x0000000c   Code   RO         1531    i.__mathlib_dbl_invalid  m_ws.l(dunder.o)
    0x08028ff8   0x08028ff8   0x0000000e   Code   RO         1532    i.__mathlib_dbl_overflow  m_ws.l(dunder.o)
    0x08029006   0x08029006   0x00000002   PAD
    0x08029008   0x08029008   0x00000010   Code   RO         1534    i.__mathlib_dbl_underflow  m_ws.l(dunder.o)
    0x08029018   0x08029018   0x0000000e   Code   RO         1329    i._is_digit         c_w.l(__printf_wp.o)
    0x08029026   0x08029026   0x00000002   PAD
    0x08029028   0x08029028   0x000009d8   Code   RO         1417    i.pow               m_ws.l(pow.o)
    0x08029a00   0x08029a00   0x00000094   Code   RO         1426    i.round             m_ws.l(round.o)
    0x08029a94   0x08029a94   0x0000004c   Code   RO         1548    i.sqrt              m_ws.l(sqrt.o)
    0x08029ae0   0x08029ae0   0x0000002c   Code   RO         1632    locale$$code        c_w.l(lc_ctype_c.o)
    0x08029b0c   0x08029b0c   0x0000002c   Code   RO         1635    locale$$code        c_w.l(lc_numeric_c.o)
    0x08029b38   0x08029b38   0x00000150   Code   RO         1358    x$fpl$dadd          fz_ws.l(daddsub_clz.o)
    0x08029c88   0x08029c88   0x00000010   Code   RO         1591    x$fpl$dcheck1       fz_ws.l(dcheck1.o)
    0x08029c98   0x08029c98   0x00000018   Code   RO         1511    x$fpl$dcmpinf       fz_ws.l(dcmpi.o)
    0x08029cb0   0x08029cb0   0x000002b0   Code   RO         1365    x$fpl$ddiv          fz_ws.l(ddiv.o)
    0x08029f60   0x08029f60   0x0000005e   Code   RO         1368    x$fpl$dfix          fz_ws.l(dfix.o)
    0x08029fbe   0x08029fbe   0x00000002   PAD
    0x08029fc0   0x08029fc0   0x0000005a   Code   RO         1372    x$fpl$dfixu         fz_ws.l(dfixu.o)
    0x0802a01a   0x0802a01a   0x0000002e   Code   RO         1377    x$fpl$dflt          fz_ws.l(dflt_clz.o)
    0x0802a048   0x0802a048   0x00000026   Code   RO         1376    x$fpl$dfltu         fz_ws.l(dflt_clz.o)
    0x0802a06e   0x0802a06e   0x00000002   PAD
    0x0802a070   0x0802a070   0x00000078   Code   RO         1382    x$fpl$dleqf         fz_ws.l(dleqf.o)
    0x0802a0e8   0x0802a0e8   0x00000154   Code   RO         1384    x$fpl$dmul          fz_ws.l(dmul.o)
    0x0802a23c   0x0802a23c   0x0000009c   Code   RO         1513    x$fpl$dnaninf       fz_ws.l(dnaninf.o)
    0x0802a2d8   0x0802a2d8   0x0000000c   Code   RO         1515    x$fpl$dretinf       fz_ws.l(dretinf.o)
    0x0802a2e4   0x0802a2e4   0x0000006c   Code   RO         1386    x$fpl$drleqf        fz_ws.l(drleqf.o)
    0x0802a350   0x0802a350   0x000000b4   Code   RO         1517    x$fpl$drnd          fz_ws.l(drnd.o)
    0x0802a404   0x0802a404   0x00000016   Code   RO         1359    x$fpl$drsb          fz_ws.l(daddsub_clz.o)
    0x0802a41a   0x0802a41a   0x00000002   PAD
    0x0802a41c   0x0802a41c   0x000001cc   Code   RO         1593    x$fpl$dsqrt         fz_ws.l(dsqrt_noumaal.o)
    0x0802a5e8   0x0802a5e8   0x000001d4   Code   RO         1360    x$fpl$dsub          fz_ws.l(daddsub_clz.o)
    0x0802a7bc   0x0802a7bc   0x00000056   Code   RO         1388    x$fpl$f2d           fz_ws.l(f2d.o)
    0x0802a812   0x0802a812   0x00000002   PAD
    0x0802a814   0x0802a814   0x000000c4   Code   RO         1390    x$fpl$fadd          fz_ws.l(faddsub_clz.o)
    0x0802a8d8   0x0802a8d8   0x00000184   Code   RO         1397    x$fpl$fdiv          fz_ws.l(fdiv.o)
    0x0802aa5c   0x0802aa5c   0x00000036   Code   RO         1400    x$fpl$ffix          fz_ws.l(ffix.o)
    0x0802aa92   0x0802aa92   0x00000002   PAD
    0x0802aa94   0x0802aa94   0x0000003e   Code   RO         1404    x$fpl$ffixu         fz_ws.l(ffixu.o)
    0x0802aad2   0x0802aad2   0x00000002   PAD
    0x0802aad4   0x0802aad4   0x00000026   Code   RO         1408    x$fpl$ffltu         fz_ws.l(fflt_clz.o)
    0x0802aafa   0x0802aafa   0x00000002   PAD
    0x0802aafc   0x0802aafc   0x00000102   Code   RO         1414    x$fpl$fmul          fz_ws.l(fmul.o)
    0x0802abfe   0x0802abfe   0x0000008c   Code   RO         1519    x$fpl$fnaninf       fz_ws.l(fnaninf.o)
    0x0802ac8a   0x0802ac8a   0x0000000a   Code   RO         1521    x$fpl$fretinf       fz_ws.l(fretinf.o)
    0x0802ac94   0x0802ac94   0x000000ea   Code   RO         1392    x$fpl$fsub          fz_ws.l(faddsub_clz.o)
    0x0802ad7e   0x0802ad7e   0x00000004   Code   RO         1523    x$fpl$printf1       fz_ws.l(printf1.o)
    0x0802ad82   0x0802ad82   0x00000064   Code   RO         1647    x$fpl$retnan        fz_ws.l(retnan.o)
    0x0802ade6   0x0802ade6   0x0000005c   Code   RO         1525    x$fpl$scalbn        fz_ws.l(scalbn.o)
    0x0802ae42   0x0802ae42   0x00000030   Code   RO         1698    x$fpl$trapveneer    fz_ws.l(trapv.o)
    0x0802ae72   0x0802ae72   0x00000000   Code   RO         1527    x$fpl$usenofp       fz_ws.l(usenofp.o)
    0x0802ae72   0x0802ae72   0x00000064   Data   RO          469    .constdata          dowith.o
    0x0802aed6   0x0802aed6   0x00000200   Data   RO          503    .constdata          com1_232.o
    0x0802b0d6   0x0802b0d6   0x00000461   Data   RO          567    .constdata          com3_232.o
    0x0802b537   0x0802b537   0x00000001   PAD
    0x0802b538   0x0802b538   0x00000008   Data   RO          716    .constdata          gprs_at.o
    0x0802b540   0x0802b540   0x00000200   Data   RO          832    .constdata          xmodem.o
    0x0802b740   0x0802b740   0x000001bc   Data   RO         1131    .constdata          sx1276-lora.o
    0x0802b8fc   0x0802b8fc   0x00000011   Data   RO         1337    .constdata          c_w.l(__printf_flags_ss_wp.o)
    0x0802b90d   0x0802b90d   0x00000003   PAD
    0x0802b910   0x0802b910   0x00000088   Data   RO         1418    .constdata          m_ws.l(pow.o)
    0x0802b998   0x0802b998   0x00000008   Data   RO         1455    .constdata          c_w.l(_printf_wctomb.o)
    0x0802b9a0   0x0802b9a0   0x00000028   Data   RO         1484    .constdata          c_w.l(_printf_hex_int_ll_ptr.o)
    0x0802b9c8   0x0802b9c8   0x00000008   Data   RO         1546    .constdata          m_ws.l(qnan.o)
    0x0802b9d0   0x0802b9d0   0x00000094   Data   RO         1607    .constdata          c_w.l(bigflt0.o)
    0x0802ba64   0x0802ba64   0x00000008   Data   RO          717    .conststring        gprs_at.o
    0x0802ba6c   0x0802ba6c   0x00000020   Data   RO         1773    Region$$Table       anon$$obj.o
    0x0802ba8c   0x0802ba8c   0x00000110   Data   RO         1631    locale$$data        c_w.l(lc_ctype_c.o)
    0x0802bb9c   0x0802bb9c   0x0000001c   Data   RO         1634    locale$$data        c_w.l(lc_numeric_c.o)


    Execution Region RW_IRAM1 (Exec base: 0x20000000, Load base: 0x0802bbb8, Size: 0x00006bf8, Max: 0x0000c000, ABSOLUTE, COMPRESSED[0x00000068])

    Exec Addr    Load Addr    Size         Type   Attr      Idx    E Section Name        Object

    0x20000000   COMPRESSED   0x00000014   Data   RW            4    .data               system_stm32f10x.o
    0x20000014   COMPRESSED   0x00000014   Data   RW          121    .data               stm32f10x_rcc.o
    0x20000028   COMPRESSED   0x000000d0   Data   RW          375    .data               main.o
    0x200000f8   COMPRESSED   0x0000004b   Data   RW          470    .data               dowith.o
    0x20000143   COMPRESSED   0x00000001   PAD
    0x20000144   COMPRESSED   0x00000046   Data   RW          504    .data               com1_232.o
    0x2000018a   COMPRESSED   0x00000016   Data   RW          538    .data               com2_232.o
    0x200001a0   COMPRESSED   0x00000110   Data   RW          568    .data               com3_232.o
    0x200002b0   COMPRESSED   0x00000024   Data   RW          614    .data               com4_232.o
    0x200002d4   COMPRESSED   0x0000006a   Data   RW          688    .data               com_lora.o
    0x2000033e   COMPRESSED   0x0000002c   Data   RW          750    .data               key_menu.o
    0x2000036a   COMPRESSED   0x00000002   PAD
    0x2000036c   COMPRESSED   0x00000007   Data   RW          778    .data               lcd.o
    0x20000373   COMPRESSED   0x00000001   PAD
    0x20000374   COMPRESSED   0x0000000a   Data   RW          833    .data               xmodem.o
    0x2000037e   COMPRESSED   0x0000000a   Data   RW          886    .data               xmodem_1.o
    0x20000388   COMPRESSED   0x00000002   Data   RW         1043    .data               sx1276.o
    0x2000038a   COMPRESSED   0x00000006   PAD
    0x20000390   COMPRESSED   0x0000005a   Data   RW         1080    .data               sx1276-fsk.o
    0x200003ea   COMPRESSED   0x00000006   PAD
    0x200003f0   COMPRESSED   0x00000040   Data   RW         1132    .data               sx1276-lora.o
    0x20000430   COMPRESSED   0x00000004   Data   RW         1225    .data               sx12xxeiger.o
    0x20000434        -       0x00002064   Zero   RW          374    .bss                main.o
    0x20002498        -       0x0000000c   Zero   RW          468    .bss                dowith.o
    0x200024a4        -       0x00001400   Zero   RW          502    .bss                com1_232.o
    0x200038a4        -       0x00001400   Zero   RW          537    .bss                com2_232.o
    0x20004ca4        -       0x0000133a   Zero   RW          566    .bss                com3_232.o
    0x20005fde        -       0x0000019c   Zero   RW          613    .bss                com4_232.o
    0x2000617a        -       0x00000190   Zero   RW          687    .bss                com_lora.o
    0x2000630a   COMPRESSED   0x00000002   PAD
    0x2000630c        -       0x00000018   Zero   RW          913    .bss                radio.o
    0x20006324        -       0x00000070   Zero   RW         1042    .bss                sx1276.o
    0x20006394        -       0x00000100   Zero   RW         1079    .bss                sx1276-fsk.o
    0x20006494        -       0x00000100   Zero   RW         1130    .bss                sx1276-lora.o
    0x20006594        -       0x00000060   Zero   RW         1556    .bss                c_w.l(libspace.o)
    0x200065f4   COMPRESSED   0x00000004   PAD
    0x200065f8        -       0x00000200   Zero   RW          365    HEAP                startup_stm32f10x_hd.o
    0x200067f8        -       0x00000400   Zero   RW          364    STACK               startup_stm32f10x_hd.o


==============================================================================

Image component sizes


      Code (inc. data)   RO Data    RW Data    ZI Data      Debug   Object Name

      5128        466        512         70       5120      11616   com1_232.o
      2476        328          0         22       5120       5580   com2_232.o
     21612       2400       1121        272       4922      31366   com3_232.o
      2996        216          0         36        412       5401   com4_232.o
     10660       1078          0        106        400      11994   com_lora.o
      5124        512        100         75         12       9562   dowith.o
      2884        556         16          0          0       8628   gprs_at.o
     76220      10724          0         44          0      60414   key_menu.o
      2668         48          0          7          0       9062   lcd.o
      1916        130          0        208       8292      36205   main.o
       220         22          0          0          0       1905   misc.o
        60         30          0          0         24       1312   radio.o
       212         12          0          0          0        927   spi.o
       972         12          0          0          0       5282   spi_flash.o
        64         26        304          0       1536        936   startup_stm32f10x_hd.o
       284         10          0          0          0       2367   stm32f10x_exti.o
      1468         34          0          0          0       8310   stm32f10x_flash.o
       860         38          0          0          0       5841   stm32f10x_gpio.o
      1488        278          0          0          0       2785   stm32f10x_it.o
       932         36          0         20          0       9080   stm32f10x_rcc.o
       780         14          0          0          0       6722   stm32f10x_spi.o
      3610         88          0          0          0      22952   stm32f10x_tim.o
      1032         22          0          0          0       8564   stm32f10x_usart.o
      2480        186          0         90        256      33921   sx1276-fsk.o
      2584         48          0          0          0       7843   sx1276-fskmisc.o
       620         10          0          0          0       5083   sx1276-hal.o
      2392        182        444         64        256      20315   sx1276-lora.o
      1824         20          0          0          0       7980   sx1276-loramisc.o
       652         42          0          2        112      32421   sx1276.o
         0          0          0          4          0        826   sx12xxeiger.o
       480         38          0         20          0     271347   system_stm32f10x.o
      2992        730        512         10          0       6253   xmodem.o
      2848        730          0         10          0       4875   xmodem_1.o

    ----------------------------------------------------------------------
    160540      19066       3042       1076      26464     657675   Object Totals
         0          0         32          0          0          0   (incl. Generated)
         2          0          1         16          2          0   (incl. Padding)

    ----------------------------------------------------------------------

      Code (inc. data)   RO Data    RW Data    ZI Data      Debug   Library Member Name

        24          4          0          0          0         84   __2printf.o
        44          6          0          0          0         84   __2sprintf.o
        90          0          0          0          0          0   __dczerorl2.o
         8          0          0          0          0         68   __main.o
       392          4         17          0          0         92   __printf_flags_ss_wp.o
        14          0          0          0          0         68   __printf_wp.o
         0          0          0          0          0          0   __rtentry.o
        12          0          0          0          0          0   __rtentry2.o
         6          0          0          0          0          0   __rtentry4.o
        52          8          0          0          0          0   __scatter.o
        28          0          0          0          0          0   __scatter_zi.o
        28          0          0          0          0         68   _chval.o
         6          0          0          0          0          0   _printf_a.o
         6          0          0          0          0          0   _printf_c.o
        44          0          0          0          0        108   _printf_char.o
        48          6          0          0          0         96   _printf_char_common.o
        36          4          0          0          0         80   _printf_char_file.o
        40          0          0          0          0         68   _printf_charcount.o
         6          0          0          0          0          0   _printf_d.o
       120         16          0          0          0         92   _printf_dec.o
         6          0          0          0          0          0   _printf_e.o
         6          0          0          0          0          0   _printf_f.o
      1054          0          0          0          0        216   _printf_fp_dec.o
       128         16          0          0          0         84   _printf_fp_infnan.o
         6          0          0          0          0          0   _printf_g.o
       148          4         40          0          0        160   _printf_hex_int_ll_ptr.o
         6          0          0          0          0          0   _printf_i.o
       178          0          0          0          0         88   _printf_intcommon.o
        10          0          0          0          0          0   _printf_l.o
         6          0          0          0          0          0   _printf_lc.o
        10          0          0          0          0          0   _printf_ll.o
         6          0          0          0          0          0   _printf_lld.o
         6          0          0          0          0          0   _printf_lli.o
         6          0          0          0          0          0   _printf_llo.o
         6          0          0          0          0          0   _printf_llu.o
         6          0          0          0          0          0   _printf_llx.o
       124         16          0          0          0         92   _printf_longlong_dec.o
         6          0          0          0          0          0   _printf_ls.o
         6          0          0          0          0          0   _printf_n.o
         6          0          0          0          0          0   _printf_o.o
       112         10          0          0          0        124   _printf_oct_int_ll.o
         6          0          0          0          0          0   _printf_p.o
        78          0          0          0          0        108   _printf_pad.o
         0          0          0          0          0          0   _printf_percent.o
         4          0          0          0          0          0   _printf_percent_end.o
         6          0          0          0          0          0   _printf_s.o
        82          0          0          0          0         80   _printf_str.o
        36          0          0          0          0         84   _printf_truncate.o
         6          0          0          0          0          0   _printf_u.o
        44          0          0          0          0        108   _printf_wchar.o
       188          6          8          0          0         92   _printf_wctomb.o
         6          0          0          0          0          0   _printf_x.o
        22          0          0          0          0        100   _rserrno.o
        10          0          0          0          0         68   _sputc.o
       158          0          0          0          0         92   _strtoul.o
        64          0          0          0          0         92   _wcrtomb.o
        26          0          0          0          0         80   atoi.o
       228          4        148          0          0         96   bigflt0.o
      1936        128          0          0          0        672   btod.o
        36          4          0          0          0         76   c89vsprintf.o
        18          0          0          0          0         80   exit.o
         8          0          0          0          0         68   ferror.o
         6          0          0          0          0        152   heapauxi.o
        44         10        272          0          0         76   lc_ctype_c.o
        44         10         28          0          0         76   lc_numeric_c.o
         2          0          0          0          0          0   libinit.o
        30          0          0          0          0          0   libinit2.o
         2          0          0          0          0          0   libshutdown.o
         2          0          0          0          0          0   libshutdown2.o
         8          4          0          0         96         68   libspace.o
       138          0          0          0          0         80   lludiv10.o
        16          4          0          0          0         76   rt_ctype_table.o
         8          4          0          0          0         68   rt_errno_addr_intlibspace.o
         8          4          0          0          0         68   rt_locale_intlibspace.o
        68          0          0          0          0         68   rt_memclr.o
        78          0          0          0          0         80   rt_memclr_w.o
       138          0          0          0          0         68   rt_memcpy_v6.o
       100          0          0          0          0         80   rt_memcpy_w.o
         2          0          0          0          0          0   rtexit.o
        10          0          0          0          0          0   rtexit2.o
       128          0          0          0          0         68   strcmpv7m.o
        62          0          0          0          0         76   strlen.o
        36          0          0          0          0         80   strstr.o
       112          0          0          0          0         88   strtol.o
        74          0          0          0          0         80   sys_stackheap_outer.o
         2          0          0          0          0         68   use_no_semi.o
         2          0          0          0          0         68   use_no_semi_2.o
       826         16          0          0          0        348   daddsub_clz.o
        16          4          0          0          0         68   dcheck1.o
        24          0          0          0          0         68   dcmpi.o
       688        140          0          0          0        208   ddiv.o
        94          4          0          0          0         92   dfix.o
        90          4          0          0          0         92   dfixu.o
        84          0          0          0          0        136   dflt_clz.o
       120          4          0          0          0         92   dleqf.o
       340         12          0          0          0        104   dmul.o
       156          4          0          0          0         92   dnaninf.o
        12          0          0          0          0         68   dretinf.o
       108          0          0          0          0         80   drleqf.o
       180          4          0          0          0         80   drnd.o
       460         56          0          0          0        120   dsqrt_noumaal.o
        86          4          0          0          0         84   f2d.o
       430          8          0          0          0        168   faddsub_clz.o
       388         76          0          0          0         96   fdiv.o
        54          4          0          0          0         84   ffix.o
        62          4          0          0          0         84   ffixu.o
        38          0          0          0          0         68   fflt_clz.o
       258          4          0          0          0         84   fmul.o
       140          4          0          0          0         84   fnaninf.o
        10          0          0          0          0         68   fretinf.o
         4          0          0          0          0         68   printf1.o
       100          0          0          0          0         68   retnan.o
        92          0          0          0          0         68   scalbn.o
        48          0          0          0          0         68   trapv.o
         0          0          0          0          0          0   usenofp.o
        62         10          0          0          0        340   dunder.o
        40          0          0          0          0         68   fpclassify.o
       170          0          0          0          0         96   poly.o
      2520        190        136          0          0        324   pow.o
         0          0          8          0          0          0   qnan.o
       148         12          0          0          0         88   round.o
        76          0          0          0          0         84   sqrt.o

    ----------------------------------------------------------------------
     14886        836        660          0        100       8796   Library Totals
        34          0          3          0          4          0   (incl. Padding)

    ----------------------------------------------------------------------

      Code (inc. data)   RO Data    RW Data    ZI Data      Debug   Library Name

      6928        272        513          0         96       5056   c_w.l
      4908        352          0          0          0       2740   fz_ws.l
      3016        212        144          0          0       1000   m_ws.l

    ----------------------------------------------------------------------
     14886        836        660          0        100       8796   Library Totals

    ----------------------------------------------------------------------

==============================================================================


      Code (inc. data)   RO Data    RW Data    ZI Data      Debug   

    175426      19902       3702       1076      26564     657835   Grand Totals
    175426      19902       3702        104      26564     657835   ELF Image Totals (compressed)
    175426      19902       3702        104          0          0   ROM Totals

==============================================================================

    Total RO  Size (Code + RO Data)               179128 ( 174.93kB)
    Total RW  Size (RW Data + ZI Data)             27640 (  26.99kB)
    Total ROM Size (Code + RO Data + RW Data)     179232 ( 175.03kB)

==============================================================================

