<html>
<body>
<pre>
<h1>礦ision Build Log</h1>
<h2>Tool Versions:</h2>
IDE-Version: μVision V5.15
Copyright (C) 2015 ARM Ltd and ARM Germany GmbH. All rights reserved.
License Information: qqqqqqqqq eeeeee, qqqqwwwee, LIC=TA3WF-6P3YS-GNXA5-GL6UP-BAKNN-B3DA9
 
Tool Versions:
Toolchain:       MDK-ARM Professional  Version: 5.15.0
Toolchain Path:  C:\Keil_v5\ARM\ARMCC\Bin
C Compiler:      Armcc.exe V5.05 update 2 (build 169)
Assembler:       Armasm.exe V5.05 update 2 (build 169)
Linker/Locator:  ArmLink.exe V5.05 update 2 (build 169)
Library Manager: ArmAr.exe V5.05 update 2 (build 169)
Hex Converter:   FromElf.exe V5.05 update 2 (build 169)
CPU DLL:         SARMCM3.DLL V5.15.0
Dialog DLL:      DCM.DLL V1.13.2.0
Target DLL:      CMSIS_AGDI.dll V1.21.12.0
Dialog DLL:      TCM.DLL V1.14.5.0
 
<h2>Project:</h2>
Z:\ZM220程序\无吸程--SZM220(硬件V2) V130-9 增加协议3+触摸屏 ------------------------2018.12.08 OK---2019.1.3\Project\RVMDKv501\DCM100.uvprojx
Project File Date:  12/14/2018

<h2>Output:</h2>
*** Using Compiler 'V5.05 update 2 (build 169)', folder: 'C:\Keil_v5\ARM\ARMCC\Bin'
Rebuild target 'DCM100'
compiling system_stm32f10x.c...
compiling stm32f10x_rcc.c...
compiling misc.c...
compiling stm32f10x_gpio.c...
compiling stm32f10x_usart.c...
compiling stm32f10x_flash.c...
compiling stm32f10x_iwdg.c...
compiling stm32f10x_spi.c...
compiling stm32f10x_tim.c...
compiling stm32f10x_adc.c...
compiling stm32f10x_dac.c...
compiling stm32f10x_exti.c...
compiling stm32f10x_dma.c...
assembling startup_stm32f10x_hd.s...
compiling main.c...
compiling DoWith.c...
compiling PumpControl.c...
compiling com1_232.c...
compiling com2_232.c...
compiling com3_232.c...
compiling com4_232.c...
compiling com5_485.c...
compiling stm32f10x_it.c...
compiling Test.c...
compiling ds1302.c...
compiling spi_flash.c...
linking...
Program Size: Code=62926 RO-data=1358 RW-data=908 ZI-data=6932  
FromELF: creating hex file...
".\Output\DB03_V124.axf" - 0 Error(s), 0 Warning(s).

<h2>Collection of Component include folders:</h2>
  Z:\ZM220程序\无吸程--SZM220(硬件V2) V130-9 增加协议3+触摸屏 ------------------------2018.12.08 OK---2019.1.3\Project\RVMDKv501\RTE
  C:\Keil_v5\ARM\PACK\Keil\STM32F1xx_DFP\1.1.0\Device\Include

<h2>Collection of Component Files used:</h2>
</pre>
</body>
</html>
