<html>
<body>
<pre>
<h1>礦ision Build Log</h1>
<h2>Tool Versions:</h2>
IDE-Version: μVision V5.31.0.0
Copyright (C) 2020 ARM Ltd and ARM Germany GmbH. All rights reserved.
License Information: ss Microsoft, Microsoft, LIC=NQQMA-1KKE2-AR5XW-QIX79-FX8RN-I6UAH
 
Tool Versions:
Toolchain:       MDK-ARM Plus  Version: 5.31.0.0
Toolchain Path:  C:\Keil_v5\ARM\ARMCC\Bin
C Compiler:      Armcc.exe V5.06 update 6 (build 750)
Assembler:       Armasm.exe V5.06 update 6 (build 750)
Linker/Locator:  ArmLink.exe V5.06 update 6 (build 750)
Library Manager: ArmAr.exe V5.06 update 6 (build 750)
Hex Converter:   FromElf.exe V5.06 update 6 (build 750)
CPU DLL:         SARMCM3.DLL V5.31.0.0
Dialog DLL:      DCM.DLL V1.17.3.0
Target DLL:      STLink\ST-LINKIII-KEIL_SWO.dll V3.0.1.0
Dialog DLL:      TCM.DLL V1.46.0.0
 
<h2>Project:</h2>
G:\桌面\ZGP331_4G\ZGP331 4G模块程序\SVN项目\0-ZGP331_4G(20250205)-双驱泵及变频电机-V5.30\Project\RVMDKv501\DCM200_SCR.uvprojx
Project File Date:  02/04/2025

<h2>Output:</h2>
*** Using Compiler 'V5.06 update 6 (build 750)', folder: 'C:\Keil_v5\ARM\ARMCC\Bin'
Rebuild target 'DCM200_SCR'
compiling stm32f10x_rcc.c...
compiling stm32f10x_gpio.c...
compiling stm32f10x_spi.c...
compiling stm32f10x_flash.c...
compiling stm32f10x_usart.c...
compiling misc.c...
compiling system_stm32f10x.c...
compiling stm32f10x_iwdg.c...
assembling startup_stm32f10x_hd.s...
compiling stm32f10x_exti.c...
compiling stm32f10x_tim.c...
compiling stm32f10x_adc.c...
compiling stm32f10x_dac.c...
compiling stm32f10x_dma.c...
compiling DoWith.c...
compiling main.c...
compiling com1_232.c...
compiling stm32f10x_it.c...
compiling com2_232.c...
compiling spi_flash.c...
compiling com4_232.c...
compiling Gprs_at.c...
compiling com_LoRa.c...
compiling com3_232.c...
compiling malloc.c...
compiling Key_Menu.c...
compiling LcdGraphic.C...
compiling radio.c...
compiling sx1232.c...
compiling LCD.c...
compiling xmodem_1.c...
compiling xmodem.c...
compiling sx1232-Misc.c...
compiling sx1272.c...
compiling sx1272-FskMisc.c...
compiling sx1272-LoRa.c...
compiling sx1272-Fsk.c...
compiling sx1272-LoRaMisc.c...
compiling sx1276.c...
compiling sx1276-Fsk.c...
compiling fifo.c...
compiling sx12xxEiger.c...
compiling sx1276-LoRa.c...
compiling spi.c...
compiling sx1272-Hal.c...
compiling sx1232-Hal.c...
compiling sx1276-LoRaMisc.c...
compiling sx1276-FskMisc.c...
compiling sx1276-Hal.c...
linking...
Program Size: Code=175426 RO-data=3702 RW-data=1076 ZI-data=26564  
FromELF: creating hex file...
".\Output\ZGP331_SCR_E_V529-20250204双驱泵.axf" - 0 Error(s), 0 Warning(s).

<h2>Software Packages used:</h2>

Package Vendor: Keil
                http://www.keil.com/pack/Keil.STM32F1xx_DFP.2.3.0.pack
                Keil.STM32F1xx_DFP.2.3.0
                STMicroelectronics STM32F1 Series Device Support, Drivers and Examples

<h2>Collection of Component include folders:</h2>
  C:\Users\ya\AppData\Local\Arm\Packs\Keil\STM32F1xx_DFP\2.3.0\Device\Include

<h2>Collection of Component Files used:</h2>
Build Time Elapsed:  00:00:12
</pre>
</body>
</html>
